[run] training_type=latent_diffusion
[run] representation_space=latent
[run] dataset=celeba_latent
[run] algorithm=consistency
[run] job=consistency
[run] source_identity_sha256=1a0feaa6767e5710a5b30d5c3d04961ff22f0fa38cac27689e0e7bfe9a2ef52a
[run] lifecycle_mode=fresh
[run] machine_label=linux-ndag-m-lab-nvidia-geforce-rtx-3090-24gb
[run] gpu_name=NVIDIA GeForce RTX 3090
[run] gpu_memory_gb=24
[run] parent_suite_timestamp=20260922T163942Z
[run] selected_config_sha256=12026de084df3bef454730f7a2d7dfb6749a13964ab40be3d3034ce38e5c63ce
[run] checkpoint_series=run_1
[run] started_utc=2026-09-23T05:22:36Z
[run] command=/home/ndag/Desktop/SSD_137_207_209\ Thesis/Difussion-Model/venv/bin/python train.py --algorithm consistency --config results/launcher_configs/20260922T163942Z/consistency_celeba_latent.json --mode fresh --machine-label linux-ndag-m-lab-nvidia-geforce-rtx-3090-24gb 
[fresh] No previous run artifacts found; starting at epoch 1.
[checkpoints] Active checkpoint series: run_1
[startup] Resolved experiment configuration (before dataset loading):
[startup] config: /home/ndag/Desktop/SSD_137_207_209 Thesis/Difussion-Model/results/launcher_configs/20260922T163942Z/consistency_celeba_latent.json
[startup] algorithm: consistency
[startup] experiment: consistency
[startup] backbone: simple_unet
[startup] result_dir: /home/ndag/Desktop/SSD_137_207_209 Thesis/Difussion-Model/results/consistency_celeba_latent
[startup] batch_size: 32
[startup] epochs: 100
[startup] seed: 0
[startup] learning_rate: 0.0001
[startup] scheduler: none
[startup] gradient_clip_norm: None
[startup] use_exact_jvp: False
[startup] fd_force_fp32: False
[startup] p_same: 0.25
[startup] p_fd_step: 0.5
[startup] jvp_delta_range: 0.01 -> 0.0001
[startup] machine_label: linux-ndag-m-lab-nvidia-geforce-rtx-3090-24gb
[startup] code_identity: 5269eeabfc91d4dd02b5c8f6ca3b102b5a2912c0+dirty:bad8164379a8
[startup] source_identity_sha256: 1a0feaa6767e5710a5b30d5c3d04961ff22f0fa38cac27689e0e7bfe9a2ef52a
[startup] selected_config_file_sha256: 12026de084df3bef454730f7a2d7dfb6749a13964ab40be3d3034ce38e5c63ce
[startup] lifecycle_mode: fresh
[startup] checkpoint_series: run_1
[startup] parent_suite_timestamp: 20260922T163942Z
2026-09-23 11:25:13,147 [INFO] trainer.ConsistencyAlgorithm: epoch=1 loss=0.000851 time=153.967s peak_mem=842.2MB
2026-09-23 11:27:46,584 [INFO] trainer.ConsistencyAlgorithm: epoch=2 loss=0.001155 time=153.436s peak_mem=840.8MB
2026-09-23 11:30:20,949 [INFO] trainer.ConsistencyAlgorithm: epoch=3 loss=0.002178 time=154.365s peak_mem=840.8MB
2026-09-23 11:32:55,289 [INFO] trainer.ConsistencyAlgorithm: epoch=4 loss=0.002834 time=154.339s peak_mem=840.8MB
2026-09-23 11:35:29,540 [INFO] trainer.ConsistencyAlgorithm: epoch=5 loss=0.002868 time=154.251s peak_mem=840.8MB
2026-09-23 11:38:03,980 [INFO] trainer.ConsistencyAlgorithm: epoch=6 loss=0.002805 time=154.439s peak_mem=840.8MB
2026-09-23 11:40:37,756 [INFO] trainer.ConsistencyAlgorithm: epoch=7 loss=0.002676 time=153.775s peak_mem=840.8MB
2026-09-23 11:43:11,108 [INFO] trainer.ConsistencyAlgorithm: epoch=8 loss=0.002597 time=153.352s peak_mem=840.8MB
2026-09-23 11:45:43,745 [INFO] trainer.ConsistencyAlgorithm: epoch=9 loss=0.002479 time=152.636s peak_mem=840.8MB
2026-09-23 11:48:15,844 [INFO] trainer.ConsistencyAlgorithm: epoch=10 loss=0.002403 time=152.098s peak_mem=840.8MB
2026-09-23 11:48:16,153 [INFO] trainer.ConsistencyAlgorithm: Checkpoint saved -> results/consistency_celeba_latent/checkpoints/run_1/ConsistencyAlgorithm_epoch10.pt
2026-09-23 11:48:16,718 [INFO] trainer.ConsistencyAlgorithm: Checkpoint archive -> results/consistency_celeba_latent/checkpoints/run_1/archive/ConsistencyAlgorithm_epoch10.zip
2026-09-23 11:50:48,941 [INFO] trainer.ConsistencyAlgorithm: epoch=11 loss=0.002385 time=152.222s peak_mem=840.8MB
2026-09-23 11:53:22,360 [INFO] trainer.ConsistencyAlgorithm: epoch=12 loss=0.002355 time=153.418s peak_mem=840.8MB
2026-09-23 11:55:55,748 [INFO] trainer.ConsistencyAlgorithm: epoch=13 loss=0.002218 time=153.388s peak_mem=840.8MB
2026-09-23 11:58:31,289 [INFO] trainer.ConsistencyAlgorithm: epoch=14 loss=0.002213 time=155.540s peak_mem=840.8MB
2026-09-23 12:01:14,324 [INFO] trainer.ConsistencyAlgorithm: epoch=15 loss=0.002149 time=163.035s peak_mem=840.8MB
2026-09-23 12:04:00,664 [INFO] trainer.ConsistencyAlgorithm: epoch=16 loss=0.002131 time=166.339s peak_mem=840.8MB
2026-09-23 12:06:47,660 [INFO] trainer.ConsistencyAlgorithm: epoch=17 loss=0.002122 time=166.995s peak_mem=840.8MB
2026-09-23 12:09:35,354 [INFO] trainer.ConsistencyAlgorithm: epoch=18 loss=0.002034 time=167.694s peak_mem=840.8MB
2026-09-23 12:12:21,784 [INFO] trainer.ConsistencyAlgorithm: epoch=19 loss=0.001986 time=166.429s peak_mem=840.8MB
