[run] training_type=pixel_diffusion
[run] representation_space=pixel
[run] dataset=cifar10
[run] algorithm=fm_lognorm
[run] launcher_session_id=a932cfd2314e4ed7974d1f4ce60c3a36
[run] hostname=NDAG-M-Lab
[run] os_name=Linux
[run] os_release=7.0.0-31-generic
[run] architecture=x86_64
[run] python_version=3.12.2
[run] torch_version=2.5.1+cu121
[run] cuda_version=12.1
[run] cuda_visible_devices=unavailable
[run] gpu_device_index=0
[run] gpu_uuid=d4eecee8-2e57-baf1-f631-0660b6517f2b
[run] gpu_name=NVIDIA GeForce RTX 3090
[run] gpu_memory_gb=24
[run] gpu_count=1
[run] machine_label=linux-ndag-m-lab-nvidia-geforce-rtx-3090-24gb
[run] git_commit=7cca33de18e3c0784fa6a10f71c8645ff855678e
[run] git_dirty=true
[run] git_diff_sha256=421b8ff66450227aa96e9c715cd4ef1689172008dd8abc3439688cac4e3c285f
[run] code_identity=7cca33de18e3c0784fa6a10f71c8645ff855678e+dirty:421b8ff66450
[run] source_identity_sha256=80bd1b1e43d9c31bf77530f6950ff02cf82d82ca0612b1bcdd01fe2f1973fcec
[run] source_manifest=results/source_manifests/20260924T060656Z_pid493152.json
[run] parent_suite_timestamp=20260924T060656Z
[run] lifecycle_mode=fresh
[run] checkpoint_series=run_2
[run] selected_config_path=config/fm_lognorm_full.json
[run] selected_config_sha256=20b43a2dc9c36da577e70e2d0724101be6916574e5951050d6d71a2758dade1c
[run] log_device_token=nvidia-geforce-rtx-3090-24gb
[run] log_path=training_logs/nvidia-geforce-rtx-3090-24gb/pixel/cifar10/fm_lognorm/cifar10_pixel_fm_lognorm_run_2_ndag-m-lab_20260924T060656Z.log
[run] git_log_policy=eligible-not-auto-staged
[run] started_utc=2026-09-24T07:03:43Z
[run] command=/home/ndag/Desktop/SSD_137_207_209 Thesis/Difussion-Model/scripts/linux/train_all.sh --dataset cifar10 --only fm_lognorm --mode fresh --checkpoint-every 10 --cifar-backbone current --machine-label linux-ndag-m-lab-nvidia-geforce-rtx-3090-24gb
[PLAN] /home/ndag/Desktop/SSD_137_207_209 Thesis/Difussion-Model/venv/bin/python train.py --algorithm fm_lognorm --config config/fm_lognorm_full.json --mode fresh --checkpoint-every 10 --machine-label linux-ndag-m-lab-nvidia-geforce-rtx-3090-24gb
[fresh] Previous run preserved at: /home/ndag/Desktop/SSD_137_207_209 Thesis/Difussion-Model/results/history/fm_lognorm_cifar10_20260924_130346
[checkpoints] Active checkpoint series: run_2
[startup] Resolved experiment configuration (before dataset loading):
[startup] config: /home/ndag/Desktop/SSD_137_207_209 Thesis/Difussion-Model/config/fm_lognorm_full.json
[startup] algorithm: fm_lognorm
[startup] experiment: fm_lognorm
[startup] backbone: simple_unet
[startup] result_dir: /home/ndag/Desktop/SSD_137_207_209 Thesis/Difussion-Model/results/fm_lognorm_cifar10
[startup] batch_size: 128
[startup] epochs: 100
[startup] seed: 0
[startup] learning_rate: 0.0002
[startup] scheduler: none
[startup] gradient_clip_norm: None
[startup] machine_label: linux-ndag-m-lab-nvidia-geforce-rtx-3090-24gb
[startup] code_identity: 7cca33de18e3c0784fa6a10f71c8645ff855678e+dirty:421b8ff66450
[startup] source_identity_sha256: 80bd1b1e43d9c31bf77530f6950ff02cf82d82ca0612b1bcdd01fe2f1973fcec
[startup] selected_config_file_sha256: 20b43a2dc9c36da577e70e2d0724101be6916574e5951050d6d71a2758dade1c
[startup] lifecycle_mode: fresh
[startup] checkpoint_series: run_2
[startup] parent_suite_timestamp: 20260924T060656Z
Files already downloaded and verified
Files already downloaded and verified
2026-09-24 13:04:10,271 [INFO] trainer.FlowMatchingLognormAlgorithm: epoch=1 loss=0.253481 time=23.215s peak_mem=2249.1MB
2026-09-24 13:04:33,576 [INFO] trainer.FlowMatchingLognormAlgorithm: epoch=2 loss=0.179121 time=23.305s peak_mem=2250.9MB
2026-09-24 13:04:56,783 [INFO] trainer.FlowMatchingLognormAlgorithm: epoch=3 loss=0.168589 time=23.206s peak_mem=2250.9MB
2026-09-24 13:05:20,310 [INFO] trainer.FlowMatchingLognormAlgorithm: epoch=4 loss=0.163606 time=23.527s peak_mem=2250.9MB
2026-09-24 13:05:44,029 [INFO] trainer.FlowMatchingLognormAlgorithm: epoch=5 loss=0.160130 time=23.718s peak_mem=2250.9MB
2026-09-24 13:06:07,812 [INFO] trainer.FlowMatchingLognormAlgorithm: epoch=6 loss=0.158688 time=23.783s peak_mem=2250.9MB
2026-09-24 13:06:31,356 [INFO] trainer.FlowMatchingLognormAlgorithm: epoch=7 loss=0.156191 time=23.543s peak_mem=2250.9MB
2026-09-24 13:06:54,732 [INFO] trainer.FlowMatchingLognormAlgorithm: epoch=8 loss=0.155787 time=23.376s peak_mem=2250.9MB
2026-09-24 13:07:18,706 [INFO] trainer.FlowMatchingLognormAlgorithm: epoch=9 loss=0.154456 time=23.973s peak_mem=2250.9MB
2026-09-24 13:07:42,176 [INFO] trainer.FlowMatchingLognormAlgorithm: epoch=10 loss=0.153374 time=23.469s peak_mem=2250.9MB
2026-09-24 13:07:42,268 [INFO] trainer.FlowMatchingLognormAlgorithm: Checkpoint saved -> results/fm_lognorm_cifar10/checkpoints/run_2/FlowMatchingLognormAlgorithm_epoch10.pt
2026-09-24 13:07:42,390 [INFO] trainer.FlowMatchingLognormAlgorithm: Checkpoint archive -> results/fm_lognorm_cifar10/checkpoints/run_2/archive/FlowMatchingLognormAlgorithm_epoch10.zip
2026-09-24 13:08:06,604 [INFO] trainer.FlowMatchingLognormAlgorithm: epoch=11 loss=0.152889 time=24.214s peak_mem=2250.9MB
2026-09-24 13:08:30,739 [INFO] trainer.FlowMatchingLognormAlgorithm: epoch=12 loss=0.152070 time=24.134s peak_mem=2250.9MB
2026-09-24 13:08:54,950 [INFO] trainer.FlowMatchingLognormAlgorithm: epoch=13 loss=0.151683 time=24.210s peak_mem=2250.9MB
2026-09-24 13:09:19,129 [INFO] trainer.FlowMatchingLognormAlgorithm: epoch=14 loss=0.151278 time=24.179s peak_mem=2250.9MB
2026-09-24 13:09:43,441 [INFO] trainer.FlowMatchingLognormAlgorithm: epoch=15 loss=0.150669 time=24.311s peak_mem=2250.9MB
2026-09-24 13:10:07,738 [INFO] trainer.FlowMatchingLognormAlgorithm: epoch=16 loss=0.150470 time=24.296s peak_mem=2250.9MB
2026-09-24 13:10:32,015 [INFO] trainer.FlowMatchingLognormAlgorithm: epoch=17 loss=0.150048 time=24.276s peak_mem=2250.9MB
2026-09-24 13:10:56,303 [INFO] trainer.FlowMatchingLognormAlgorithm: epoch=18 loss=0.149706 time=24.288s peak_mem=2250.9MB
2026-09-24 13:11:20,615 [INFO] trainer.FlowMatchingLognormAlgorithm: epoch=19 loss=0.149310 time=24.311s peak_mem=2250.9MB
2026-09-24 13:11:44,900 [INFO] trainer.FlowMatchingLognormAlgorithm: epoch=20 loss=0.148964 time=24.285s peak_mem=2250.9MB
2026-09-24 13:11:44,993 [INFO] trainer.FlowMatchingLognormAlgorithm: Checkpoint saved -> results/fm_lognorm_cifar10/checkpoints/run_2/FlowMatchingLognormAlgorithm_epoch20.pt
2026-09-24 13:11:45,115 [INFO] trainer.FlowMatchingLognormAlgorithm: Checkpoint archive -> results/fm_lognorm_cifar10/checkpoints/run_2/archive/FlowMatchingLognormAlgorithm_epoch20.zip
2026-09-24 13:12:09,394 [INFO] trainer.FlowMatchingLognormAlgorithm: epoch=21 loss=0.149077 time=24.279s peak_mem=2250.9MB
2026-09-24 13:12:33,692 [INFO] trainer.FlowMatchingLognormAlgorithm: epoch=22 loss=0.148221 time=24.297s peak_mem=2250.9MB
2026-09-24 13:12:57,973 [INFO] trainer.FlowMatchingLognormAlgorithm: epoch=23 loss=0.148212 time=24.280s peak_mem=2250.9MB
2026-09-24 13:13:22,261 [INFO] trainer.FlowMatchingLognormAlgorithm: epoch=24 loss=0.147904 time=24.287s peak_mem=2250.9MB
2026-09-24 13:13:46,556 [INFO] trainer.FlowMatchingLognormAlgorithm: epoch=25 loss=0.148300 time=24.294s peak_mem=2250.9MB
/home/ndag/Desktop/SSD_137_207_209 Thesis/Difussion-Model/venv/lib/python3.12/site-packages/torchmetrics/utilities/prints.py:43: UserWarning: Metric `InceptionScore` will save all extracted features in buffer. For large datasets this may lead to large memory footprint.
  warnings.warn(*args, **kwargs)
2026-09-24 13:19:07,189 [INFO] trainer.FlowMatchingLognormAlgorithm: epoch=26 loss=0.147561 time=24.234s peak_mem=2693.2MB
2026-09-24 13:19:31,585 [INFO] trainer.FlowMatchingLognormAlgorithm: epoch=27 loss=0.147642 time=24.395s peak_mem=2693.2MB
2026-09-24 13:19:55,839 [INFO] trainer.FlowMatchingLognormAlgorithm: epoch=28 loss=0.147326 time=24.253s peak_mem=2693.2MB
2026-09-24 13:20:20,151 [INFO] trainer.FlowMatchingLognormAlgorithm: epoch=29 loss=0.147168 time=24.311s peak_mem=2693.2MB
2026-09-24 13:20:44,650 [INFO] trainer.FlowMatchingLognormAlgorithm: epoch=30 loss=0.146997 time=24.499s peak_mem=2693.2MB
2026-09-24 13:20:44,744 [INFO] trainer.FlowMatchingLognormAlgorithm: Checkpoint saved -> results/fm_lognorm_cifar10/checkpoints/run_2/FlowMatchingLognormAlgorithm_epoch30.pt
2026-09-24 13:20:44,874 [INFO] trainer.FlowMatchingLognormAlgorithm: Checkpoint archive -> results/fm_lognorm_cifar10/checkpoints/run_2/archive/FlowMatchingLognormAlgorithm_epoch30.zip
2026-09-24 13:21:09,440 [INFO] trainer.FlowMatchingLognormAlgorithm: epoch=31 loss=0.147054 time=24.566s peak_mem=2693.2MB
2026-09-24 13:21:34,002 [INFO] trainer.FlowMatchingLognormAlgorithm: epoch=32 loss=0.146950 time=24.561s peak_mem=2693.2MB
2026-09-24 13:21:58,491 [INFO] trainer.FlowMatchingLognormAlgorithm: epoch=33 loss=0.146272 time=24.489s peak_mem=2693.2MB
2026-09-24 13:22:22,728 [INFO] trainer.FlowMatchingLognormAlgorithm: epoch=34 loss=0.145983 time=24.237s peak_mem=2693.2MB
2026-09-24 13:22:46,943 [INFO] trainer.FlowMatchingLognormAlgorithm: epoch=35 loss=0.145927 time=24.214s peak_mem=2693.2MB
2026-09-24 13:23:11,252 [INFO] trainer.FlowMatchingLognormAlgorithm: epoch=36 loss=0.146013 time=24.308s peak_mem=2693.2MB
2026-09-24 13:23:35,570 [INFO] trainer.FlowMatchingLognormAlgorithm: epoch=37 loss=0.145852 time=24.318s peak_mem=2693.2MB
2026-09-24 13:23:59,919 [INFO] trainer.FlowMatchingLognormAlgorithm: epoch=38 loss=0.146112 time=24.348s peak_mem=2693.2MB
2026-09-24 13:24:24,254 [INFO] trainer.FlowMatchingLognormAlgorithm: epoch=39 loss=0.145712 time=24.334s peak_mem=2693.2MB
2026-09-24 13:24:48,581 [INFO] trainer.FlowMatchingLognormAlgorithm: epoch=40 loss=0.145578 time=24.327s peak_mem=2693.2MB
2026-09-24 13:24:48,674 [INFO] trainer.FlowMatchingLognormAlgorithm: Checkpoint saved -> results/fm_lognorm_cifar10/checkpoints/run_2/FlowMatchingLognormAlgorithm_epoch40.pt
2026-09-24 13:24:48,796 [INFO] trainer.FlowMatchingLognormAlgorithm: Checkpoint archive -> results/fm_lognorm_cifar10/checkpoints/run_2/archive/FlowMatchingLognormAlgorithm_epoch40.zip
2026-09-24 13:25:13,197 [INFO] trainer.FlowMatchingLognormAlgorithm: epoch=41 loss=0.145724 time=24.400s peak_mem=2693.2MB
2026-09-24 13:25:37,571 [INFO] trainer.FlowMatchingLognormAlgorithm: epoch=42 loss=0.145418 time=24.374s peak_mem=2693.2MB
2026-09-24 13:26:01,889 [INFO] trainer.FlowMatchingLognormAlgorithm: epoch=43 loss=0.145738 time=24.317s peak_mem=2693.2MB
2026-09-24 13:26:26,218 [INFO] trainer.FlowMatchingLognormAlgorithm: epoch=44 loss=0.145106 time=24.328s peak_mem=2693.2MB
2026-09-24 13:26:50,557 [INFO] trainer.FlowMatchingLognormAlgorithm: epoch=45 loss=0.145136 time=24.339s peak_mem=2693.2MB
2026-09-24 13:27:14,877 [INFO] trainer.FlowMatchingLognormAlgorithm: epoch=46 loss=0.144773 time=24.319s peak_mem=2693.2MB
2026-09-24 13:27:39,202 [INFO] trainer.FlowMatchingLognormAlgorithm: epoch=47 loss=0.144659 time=24.325s peak_mem=2693.2MB
2026-09-24 13:28:03,521 [INFO] trainer.FlowMatchingLognormAlgorithm: epoch=48 loss=0.144490 time=24.318s peak_mem=2693.2MB
2026-09-24 13:28:27,891 [INFO] trainer.FlowMatchingLognormAlgorithm: epoch=49 loss=0.144681 time=24.369s peak_mem=2693.2MB
2026-09-24 13:28:51,955 [INFO] trainer.FlowMatchingLognormAlgorithm: epoch=50 loss=0.144399 time=24.064s peak_mem=2693.2MB
2026-09-24 13:28:52,049 [INFO] trainer.FlowMatchingLognormAlgorithm: Checkpoint saved -> results/fm_lognorm_cifar10/checkpoints/run_2/FlowMatchingLognormAlgorithm_epoch50.pt
2026-09-24 13:28:52,172 [INFO] trainer.FlowMatchingLognormAlgorithm: Checkpoint archive -> results/fm_lognorm_cifar10/checkpoints/run_2/archive/FlowMatchingLognormAlgorithm_epoch50.zip
2026-09-24 13:34:08,230 [INFO] trainer.FlowMatchingLognormAlgorithm: epoch=51 loss=0.144291 time=23.480s peak_mem=3580.2MB
2026-09-24 13:34:31,448 [INFO] trainer.FlowMatchingLognormAlgorithm: epoch=52 loss=0.144909 time=23.218s peak_mem=3472.1MB
2026-09-24 13:34:54,595 [INFO] trainer.FlowMatchingLognormAlgorithm: epoch=53 loss=0.144190 time=23.146s peak_mem=3472.1MB
2026-09-24 13:35:18,386 [INFO] trainer.FlowMatchingLognormAlgorithm: epoch=54 loss=0.144120 time=23.790s peak_mem=3472.1MB
2026-09-24 13:35:42,652 [INFO] trainer.FlowMatchingLognormAlgorithm: epoch=55 loss=0.144638 time=24.266s peak_mem=3472.1MB
2026-09-24 13:36:07,027 [INFO] trainer.FlowMatchingLognormAlgorithm: epoch=56 loss=0.144248 time=24.374s peak_mem=3472.1MB
2026-09-24 13:36:31,455 [INFO] trainer.FlowMatchingLognormAlgorithm: epoch=57 loss=0.144190 time=24.428s peak_mem=3472.1MB
2026-09-24 13:36:55,860 [INFO] trainer.FlowMatchingLognormAlgorithm: epoch=58 loss=0.144598 time=24.404s peak_mem=3472.1MB
2026-09-24 13:37:20,289 [INFO] trainer.FlowMatchingLognormAlgorithm: epoch=59 loss=0.144198 time=24.429s peak_mem=3472.1MB
2026-09-24 13:37:44,723 [INFO] trainer.FlowMatchingLognormAlgorithm: epoch=60 loss=0.144128 time=24.433s peak_mem=3472.1MB
2026-09-24 13:37:44,834 [INFO] trainer.FlowMatchingLognormAlgorithm: Checkpoint saved -> results/fm_lognorm_cifar10/checkpoints/run_2/FlowMatchingLognormAlgorithm_epoch60.pt
2026-09-24 13:37:44,968 [INFO] trainer.FlowMatchingLognormAlgorithm: Checkpoint archive -> results/fm_lognorm_cifar10/checkpoints/run_2/archive/FlowMatchingLognormAlgorithm_epoch60.zip
2026-09-24 13:38:09,433 [INFO] trainer.FlowMatchingLognormAlgorithm: epoch=61 loss=0.144153 time=24.465s peak_mem=3472.1MB
2026-09-24 13:38:33,702 [INFO] trainer.FlowMatchingLognormAlgorithm: epoch=62 loss=0.143689 time=24.268s peak_mem=3472.1MB
2026-09-24 13:38:57,975 [INFO] trainer.FlowMatchingLognormAlgorithm: epoch=63 loss=0.143595 time=24.273s peak_mem=3472.1MB
2026-09-24 13:39:22,318 [INFO] trainer.FlowMatchingLognormAlgorithm: epoch=64 loss=0.143830 time=24.343s peak_mem=3472.1MB
2026-09-24 13:39:46,734 [INFO] trainer.FlowMatchingLognormAlgorithm: epoch=65 loss=0.143890 time=24.415s peak_mem=3472.1MB
2026-09-24 13:40:11,130 [INFO] trainer.FlowMatchingLognormAlgorithm: epoch=66 loss=0.143485 time=24.395s peak_mem=3472.1MB
2026-09-24 13:40:35,530 [INFO] trainer.FlowMatchingLognormAlgorithm: epoch=67 loss=0.143479 time=24.399s peak_mem=3472.1MB
2026-09-24 13:40:59,923 [INFO] trainer.FlowMatchingLognormAlgorithm: epoch=68 loss=0.143586 time=24.393s peak_mem=3472.1MB
2026-09-24 13:41:24,344 [INFO] trainer.FlowMatchingLognormAlgorithm: epoch=69 loss=0.143533 time=24.420s peak_mem=3472.1MB
2026-09-24 13:41:48,757 [INFO] trainer.FlowMatchingLognormAlgorithm: epoch=70 loss=0.143312 time=24.412s peak_mem=3472.1MB
2026-09-24 13:41:48,851 [INFO] trainer.FlowMatchingLognormAlgorithm: Checkpoint saved -> results/fm_lognorm_cifar10/checkpoints/run_2/FlowMatchingLognormAlgorithm_epoch70.pt
2026-09-24 13:41:48,974 [INFO] trainer.FlowMatchingLognormAlgorithm: Checkpoint archive -> results/fm_lognorm_cifar10/checkpoints/run_2/archive/FlowMatchingLognormAlgorithm_epoch70.zip
2026-09-24 13:42:13,361 [INFO] trainer.FlowMatchingLognormAlgorithm: epoch=71 loss=0.143500 time=24.387s peak_mem=3472.1MB
2026-09-24 13:42:37,807 [INFO] trainer.FlowMatchingLognormAlgorithm: epoch=72 loss=0.143365 time=24.445s peak_mem=3472.1MB
2026-09-24 13:43:02,184 [INFO] trainer.FlowMatchingLognormAlgorithm: epoch=73 loss=0.143449 time=24.377s peak_mem=3472.1MB
2026-09-24 13:43:26,676 [INFO] trainer.FlowMatchingLognormAlgorithm: epoch=74 loss=0.143102 time=24.491s peak_mem=3472.1MB
2026-09-24 13:43:49,828 [INFO] trainer.FlowMatchingLognormAlgorithm: epoch=75 loss=0.143033 time=23.151s peak_mem=3472.1MB
2026-09-24 13:49:06,237 [INFO] trainer.FlowMatchingLognormAlgorithm: epoch=76 loss=0.142765 time=23.968s peak_mem=4358.0MB
2026-09-24 13:49:30,340 [INFO] trainer.FlowMatchingLognormAlgorithm: epoch=77 loss=0.142779 time=24.102s peak_mem=4358.0MB
2026-09-24 13:49:54,826 [INFO] trainer.FlowMatchingLognormAlgorithm: epoch=78 loss=0.142939 time=24.485s peak_mem=4358.0MB
2026-09-24 13:50:19,201 [INFO] trainer.FlowMatchingLognormAlgorithm: epoch=79 loss=0.142648 time=24.375s peak_mem=4358.0MB
2026-09-24 13:50:43,648 [INFO] trainer.FlowMatchingLognormAlgorithm: epoch=80 loss=0.142552 time=24.446s peak_mem=4358.0MB
2026-09-24 13:50:43,741 [INFO] trainer.FlowMatchingLognormAlgorithm: Checkpoint saved -> results/fm_lognorm_cifar10/checkpoints/run_2/FlowMatchingLognormAlgorithm_epoch80.pt
2026-09-24 13:50:43,861 [INFO] trainer.FlowMatchingLognormAlgorithm: Checkpoint archive -> results/fm_lognorm_cifar10/checkpoints/run_2/archive/FlowMatchingLognormAlgorithm_epoch80.zip
2026-09-24 13:51:08,356 [INFO] trainer.FlowMatchingLognormAlgorithm: epoch=81 loss=0.142471 time=24.494s peak_mem=4358.0MB
2026-09-24 13:51:32,906 [INFO] trainer.FlowMatchingLognormAlgorithm: epoch=82 loss=0.143160 time=24.549s peak_mem=4358.0MB
2026-09-24 13:51:57,449 [INFO] trainer.FlowMatchingLognormAlgorithm: epoch=83 loss=0.142787 time=24.543s peak_mem=4358.0MB
2026-09-24 13:52:22,006 [INFO] trainer.FlowMatchingLognormAlgorithm: epoch=84 loss=0.142904 time=24.557s peak_mem=4358.0MB
2026-09-24 13:52:46,545 [INFO] trainer.FlowMatchingLognormAlgorithm: epoch=85 loss=0.142625 time=24.538s peak_mem=4358.0MB
2026-09-24 13:53:11,103 [INFO] trainer.FlowMatchingLognormAlgorithm: epoch=86 loss=0.142412 time=24.557s peak_mem=4358.0MB
2026-09-24 13:53:35,657 [INFO] trainer.FlowMatchingLognormAlgorithm: epoch=87 loss=0.142564 time=24.554s peak_mem=4358.0MB
2026-09-24 13:54:00,232 [INFO] trainer.FlowMatchingLognormAlgorithm: epoch=88 loss=0.142331 time=24.575s peak_mem=4358.0MB
2026-09-24 13:54:24,802 [INFO] trainer.FlowMatchingLognormAlgorithm: epoch=89 loss=0.142248 time=24.569s peak_mem=4358.0MB
2026-09-24 13:54:49,356 [INFO] trainer.FlowMatchingLognormAlgorithm: epoch=90 loss=0.142295 time=24.554s peak_mem=4358.0MB
2026-09-24 13:54:49,441 [INFO] trainer.FlowMatchingLognormAlgorithm: Checkpoint saved -> results/fm_lognorm_cifar10/checkpoints/run_2/FlowMatchingLognormAlgorithm_epoch90.pt
2026-09-24 13:54:49,563 [INFO] trainer.FlowMatchingLognormAlgorithm: Checkpoint archive -> results/fm_lognorm_cifar10/checkpoints/run_2/archive/FlowMatchingLognormAlgorithm_epoch90.zip
2026-09-24 13:55:14,159 [INFO] trainer.FlowMatchingLognormAlgorithm: epoch=91 loss=0.142465 time=24.595s peak_mem=4358.0MB
2026-09-24 13:55:38,714 [INFO] trainer.FlowMatchingLognormAlgorithm: epoch=92 loss=0.142266 time=24.555s peak_mem=4358.0MB
2026-09-24 13:56:03,276 [INFO] trainer.FlowMatchingLognormAlgorithm: epoch=93 loss=0.142180 time=24.561s peak_mem=4358.0MB
2026-09-24 13:56:27,895 [INFO] trainer.FlowMatchingLognormAlgorithm: epoch=94 loss=0.142190 time=24.619s peak_mem=4358.0MB
2026-09-24 13:56:52,469 [INFO] trainer.FlowMatchingLognormAlgorithm: epoch=95 loss=0.142210 time=24.573s peak_mem=4358.0MB
2026-09-24 13:57:17,022 [INFO] trainer.FlowMatchingLognormAlgorithm: epoch=96 loss=0.141913 time=24.552s peak_mem=4358.0MB
2026-09-24 13:57:41,774 [INFO] trainer.FlowMatchingLognormAlgorithm: epoch=97 loss=0.142028 time=24.752s peak_mem=4358.0MB
2026-09-24 13:58:06,237 [INFO] trainer.FlowMatchingLognormAlgorithm: epoch=98 loss=0.142260 time=24.462s peak_mem=2249.6MB
2026-09-24 13:58:30,562 [INFO] trainer.FlowMatchingLognormAlgorithm: epoch=99 loss=0.142046 time=24.325s peak_mem=2249.6MB
2026-09-24 13:58:54,833 [INFO] trainer.FlowMatchingLognormAlgorithm: epoch=100 loss=0.142257 time=24.271s peak_mem=2249.6MB
2026-09-24 13:58:54,927 [INFO] trainer.FlowMatchingLognormAlgorithm: Checkpoint saved -> results/fm_lognorm_cifar10/checkpoints/run_2/FlowMatchingLognormAlgorithm_epoch100.pt
2026-09-24 13:58:55,049 [INFO] trainer.FlowMatchingLognormAlgorithm: Checkpoint archive -> results/fm_lognorm_cifar10/checkpoints/run_2/archive/FlowMatchingLognormAlgorithm_epoch100.zip
Training workflow complete.
[run] finished_utc=2026-09-24T08:03:51Z
[run] exit_status=0
