[run] training_type=latent_diffusion
[run] representation_space=latent
[run] dataset=celeba_latent
[run] algorithm=fm
[run] job=fm
[run] source_identity_sha256=1a0feaa6767e5710a5b30d5c3d04961ff22f0fa38cac27689e0e7bfe9a2ef52a
[run] lifecycle_mode=fresh
[run] machine_label=linux-ndag-m-lab-nvidia-geforce-rtx-3090-24gb
[run] gpu_name=NVIDIA GeForce RTX 3090
[run] gpu_memory_gb=24
[run] parent_suite_timestamp=20260922T163942Z
[run] selected_config_sha256=5595f620495dbad9528453889a6a14ad234479c6b54ee3012bb6ba946bbeb5f8
[run] checkpoint_series=run_4
[run] started_utc=2026-09-22T16:39:42Z
[run] command=/home/ndag/Desktop/SSD_137_207_209\ Thesis/Difussion-Model/venv/bin/python train.py --algorithm fm --config config/fm_celeba_latent.json --mode fresh --machine-label linux-ndag-m-lab-nvidia-geforce-rtx-3090-24gb 
[fresh] Previous run preserved at: /home/ndag/Desktop/SSD_137_207_209 Thesis/Difussion-Model/results/history/fm_celeba_latent_20260922_223944
[checkpoints] Active checkpoint series: run_4
[startup] Resolved experiment configuration (before dataset loading):
[startup] config: /home/ndag/Desktop/SSD_137_207_209 Thesis/Difussion-Model/config/fm_celeba_latent.json
[startup] algorithm: fm
[startup] experiment: fm
[startup] backbone: simple_unet
[startup] result_dir: /home/ndag/Desktop/SSD_137_207_209 Thesis/Difussion-Model/results/fm_celeba_latent
[startup] batch_size: 64
[startup] epochs: 100
[startup] seed: 0
[startup] learning_rate: 0.0002
[startup] scheduler: none
[startup] gradient_clip_norm: None
[startup] use_exact_jvp: False
[startup] fd_force_fp32: False
[startup] p_same: 0.25
[startup] p_fd_step: 0.5
[startup] jvp_delta_range: 0.01 -> 0.0001
[startup] machine_label: linux-ndag-m-lab-nvidia-geforce-rtx-3090-24gb
[startup] code_identity: 1575e2beaf3f2267adfc9f81ac4a889d2f323c5d
[startup] source_identity_sha256: 1a0feaa6767e5710a5b30d5c3d04961ff22f0fa38cac27689e0e7bfe9a2ef52a
[startup] selected_config_file_sha256: 5595f620495dbad9528453889a6a14ad234479c6b54ee3012bb6ba946bbeb5f8
[startup] lifecycle_mode: fresh
[startup] checkpoint_series: run_4
[startup] parent_suite_timestamp: 20260922T163942Z
2026-09-22 22:40:54,076 [INFO] trainer.FlowMatchingAlgorithm: epoch=1 loss=1.181809 time=68.709s peak_mem=888.9MB
2026-09-22 22:42:02,852 [INFO] trainer.FlowMatchingAlgorithm: epoch=2 loss=1.109137 time=68.775s peak_mem=887.6MB
2026-09-22 22:43:11,756 [INFO] trainer.FlowMatchingAlgorithm: epoch=3 loss=1.091389 time=68.903s peak_mem=887.6MB
2026-09-22 22:44:20,652 [INFO] trainer.FlowMatchingAlgorithm: epoch=4 loss=1.081475 time=68.895s peak_mem=887.6MB
2026-09-22 22:45:29,381 [INFO] trainer.FlowMatchingAlgorithm: epoch=5 loss=1.074476 time=68.729s peak_mem=887.6MB
2026-09-22 22:46:38,398 [INFO] trainer.FlowMatchingAlgorithm: epoch=6 loss=1.068473 time=69.016s peak_mem=887.6MB
2026-09-22 22:47:44,368 [INFO] trainer.FlowMatchingAlgorithm: epoch=7 loss=1.064652 time=65.970s peak_mem=887.6MB
2026-09-22 22:48:50,510 [INFO] trainer.FlowMatchingAlgorithm: epoch=8 loss=1.061160 time=66.141s peak_mem=887.6MB
2026-09-22 22:50:03,679 [INFO] trainer.FlowMatchingAlgorithm: epoch=9 loss=1.057918 time=73.169s peak_mem=887.6MB
2026-09-22 22:51:17,279 [INFO] trainer.FlowMatchingAlgorithm: epoch=10 loss=1.055437 time=73.599s peak_mem=887.6MB
2026-09-22 22:51:17,530 [INFO] trainer.FlowMatchingAlgorithm: Checkpoint saved -> results/fm_celeba_latent/checkpoints/run_4/FlowMatchingAlgorithm_epoch10.pt
2026-09-22 22:51:17,972 [INFO] trainer.FlowMatchingAlgorithm: Checkpoint archive -> results/fm_celeba_latent/checkpoints/run_4/archive/FlowMatchingAlgorithm_epoch10.zip
2026-09-22 22:52:24,793 [INFO] trainer.FlowMatchingAlgorithm: epoch=11 loss=1.053534 time=66.821s peak_mem=887.6MB
2026-09-22 22:53:30,210 [INFO] trainer.FlowMatchingAlgorithm: epoch=12 loss=1.051285 time=65.416s peak_mem=887.6MB
2026-09-22 22:54:36,479 [INFO] trainer.FlowMatchingAlgorithm: epoch=13 loss=1.049338 time=66.268s peak_mem=887.6MB
2026-09-22 22:55:41,855 [INFO] trainer.FlowMatchingAlgorithm: epoch=14 loss=1.047854 time=65.376s peak_mem=887.6MB
2026-09-22 22:56:46,644 [INFO] trainer.FlowMatchingAlgorithm: epoch=15 loss=1.046300 time=64.788s peak_mem=887.6MB
2026-09-22 22:57:51,421 [INFO] trainer.FlowMatchingAlgorithm: epoch=16 loss=1.044958 time=64.777s peak_mem=887.6MB
2026-09-22 22:58:56,208 [INFO] trainer.FlowMatchingAlgorithm: epoch=17 loss=1.043028 time=64.786s peak_mem=887.6MB
2026-09-22 23:00:01,027 [INFO] trainer.FlowMatchingAlgorithm: epoch=18 loss=1.041877 time=64.819s peak_mem=887.6MB
2026-09-22 23:01:05,841 [INFO] trainer.FlowMatchingAlgorithm: epoch=19 loss=1.040950 time=64.814s peak_mem=887.6MB
2026-09-22 23:02:10,618 [INFO] trainer.FlowMatchingAlgorithm: epoch=20 loss=1.039816 time=64.776s peak_mem=887.6MB
2026-09-22 23:02:10,850 [INFO] trainer.FlowMatchingAlgorithm: Checkpoint saved -> results/fm_celeba_latent/checkpoints/run_4/FlowMatchingAlgorithm_epoch20.pt
2026-09-22 23:02:11,257 [INFO] trainer.FlowMatchingAlgorithm: Checkpoint archive -> results/fm_celeba_latent/checkpoints/run_4/archive/FlowMatchingAlgorithm_epoch20.zip
2026-09-22 23:03:16,029 [INFO] trainer.FlowMatchingAlgorithm: epoch=21 loss=1.038842 time=64.772s peak_mem=887.6MB
2026-09-22 23:04:20,844 [INFO] trainer.FlowMatchingAlgorithm: epoch=22 loss=1.038667 time=64.814s peak_mem=887.6MB
2026-09-22 23:05:25,653 [INFO] trainer.FlowMatchingAlgorithm: epoch=23 loss=1.037429 time=64.809s peak_mem=887.6MB
2026-09-22 23:06:30,453 [INFO] trainer.FlowMatchingAlgorithm: epoch=24 loss=1.036567 time=64.800s peak_mem=887.6MB
2026-09-22 23:07:35,242 [INFO] trainer.FlowMatchingAlgorithm: epoch=25 loss=1.035978 time=64.788s peak_mem=887.6MB
An error occurred while trying to fetch /home/ndag/Desktop/SSD_137_207_209 Thesis/Difussion-Model/data/pretrained/ldm-celebahq-256/vqvae: Error no file named diffusion_pytorch_model.safetensors found in directory /home/ndag/Desktop/SSD_137_207_209 Thesis/Difussion-Model/data/pretrained/ldm-celebahq-256/vqvae.
Defaulting to unsafe serialization. Pass `allow_pickle=False` to raise an error instead.
/home/ndag/Desktop/SSD_137_207_209 Thesis/Difussion-Model/venv/lib/python3.12/site-packages/torchmetrics/utilities/prints.py:43: UserWarning: Metric `InceptionScore` will save all extracted features in buffer. For large datasets this may lead to large memory footprint.
  warnings.warn(*args, **kwargs)
2026-09-22 23:11:35,993 [INFO] trainer.FlowMatchingAlgorithm: epoch=26 loss=1.035221 time=64.925s peak_mem=1770.8MB
2026-09-22 23:12:40,919 [INFO] trainer.FlowMatchingAlgorithm: epoch=27 loss=1.034335 time=64.925s peak_mem=1770.8MB
2026-09-22 23:13:45,879 [INFO] trainer.FlowMatchingAlgorithm: epoch=28 loss=1.033543 time=64.960s peak_mem=1770.8MB
2026-09-22 23:14:50,825 [INFO] trainer.FlowMatchingAlgorithm: epoch=29 loss=1.033046 time=64.945s peak_mem=1770.8MB
2026-09-22 23:15:55,787 [INFO] trainer.FlowMatchingAlgorithm: epoch=30 loss=1.032475 time=64.962s peak_mem=1770.8MB
2026-09-22 23:15:56,031 [INFO] trainer.FlowMatchingAlgorithm: Checkpoint saved -> results/fm_celeba_latent/checkpoints/run_4/FlowMatchingAlgorithm_epoch30.pt
2026-09-22 23:15:56,419 [INFO] trainer.FlowMatchingAlgorithm: Checkpoint archive -> results/fm_celeba_latent/checkpoints/run_4/archive/FlowMatchingAlgorithm_epoch30.zip
2026-09-22 23:17:01,406 [INFO] trainer.FlowMatchingAlgorithm: epoch=31 loss=1.032105 time=64.986s peak_mem=1770.8MB
2026-09-22 23:18:06,418 [INFO] trainer.FlowMatchingAlgorithm: epoch=32 loss=1.031481 time=65.012s peak_mem=1770.8MB
2026-09-22 23:19:11,440 [INFO] trainer.FlowMatchingAlgorithm: epoch=33 loss=1.030939 time=65.022s peak_mem=1770.8MB
2026-09-22 23:20:16,446 [INFO] trainer.FlowMatchingAlgorithm: epoch=34 loss=1.030530 time=65.006s peak_mem=1770.8MB
2026-09-22 23:21:21,450 [INFO] trainer.FlowMatchingAlgorithm: epoch=35 loss=1.029841 time=65.003s peak_mem=1770.8MB
2026-09-22 23:22:26,465 [INFO] trainer.FlowMatchingAlgorithm: epoch=36 loss=1.029790 time=65.014s peak_mem=1770.8MB
2026-09-22 23:23:31,487 [INFO] trainer.FlowMatchingAlgorithm: epoch=37 loss=1.028909 time=65.022s peak_mem=1770.8MB
2026-09-22 23:24:36,495 [INFO] trainer.FlowMatchingAlgorithm: epoch=38 loss=1.028833 time=65.007s peak_mem=1770.8MB
2026-09-22 23:25:41,489 [INFO] trainer.FlowMatchingAlgorithm: epoch=39 loss=1.028275 time=64.994s peak_mem=1770.8MB
2026-09-22 23:26:46,491 [INFO] trainer.FlowMatchingAlgorithm: epoch=40 loss=1.027906 time=65.001s peak_mem=1770.8MB
2026-09-22 23:26:46,723 [INFO] trainer.FlowMatchingAlgorithm: Checkpoint saved -> results/fm_celeba_latent/checkpoints/run_4/FlowMatchingAlgorithm_epoch40.pt
2026-09-22 23:26:47,115 [INFO] trainer.FlowMatchingAlgorithm: Checkpoint archive -> results/fm_celeba_latent/checkpoints/run_4/archive/FlowMatchingAlgorithm_epoch40.zip
2026-09-22 23:27:52,122 [INFO] trainer.FlowMatchingAlgorithm: epoch=41 loss=1.027650 time=65.006s peak_mem=1770.8MB
2026-09-22 23:28:57,150 [INFO] trainer.FlowMatchingAlgorithm: epoch=42 loss=1.027163 time=65.028s peak_mem=1770.8MB
2026-09-22 23:30:02,184 [INFO] trainer.FlowMatchingAlgorithm: epoch=43 loss=1.026799 time=65.033s peak_mem=1770.8MB
2026-09-22 23:31:07,199 [INFO] trainer.FlowMatchingAlgorithm: epoch=44 loss=1.026752 time=65.015s peak_mem=1770.8MB
2026-09-22 23:32:12,196 [INFO] trainer.FlowMatchingAlgorithm: epoch=45 loss=1.025399 time=64.997s peak_mem=1770.8MB
2026-09-22 23:33:17,195 [INFO] trainer.FlowMatchingAlgorithm: epoch=46 loss=1.025416 time=64.998s peak_mem=1770.8MB
2026-09-22 23:34:22,211 [INFO] trainer.FlowMatchingAlgorithm: epoch=47 loss=1.025440 time=65.015s peak_mem=1770.8MB
2026-09-22 23:35:27,200 [INFO] trainer.FlowMatchingAlgorithm: epoch=48 loss=1.025392 time=64.989s peak_mem=1770.8MB
2026-09-22 23:36:32,186 [INFO] trainer.FlowMatchingAlgorithm: epoch=49 loss=1.024559 time=64.985s peak_mem=1770.8MB
2026-09-22 23:37:37,150 [INFO] trainer.FlowMatchingAlgorithm: epoch=50 loss=1.024017 time=64.964s peak_mem=1770.8MB
2026-09-22 23:37:37,382 [INFO] trainer.FlowMatchingAlgorithm: Checkpoint saved -> results/fm_celeba_latent/checkpoints/run_4/FlowMatchingAlgorithm_epoch50.pt
2026-09-22 23:37:37,773 [INFO] trainer.FlowMatchingAlgorithm: Checkpoint archive -> results/fm_celeba_latent/checkpoints/run_4/archive/FlowMatchingAlgorithm_epoch50.zip
2026-09-22 23:41:37,031 [INFO] trainer.FlowMatchingAlgorithm: epoch=51 loss=1.023875 time=65.036s peak_mem=1440.7MB
2026-09-22 23:42:42,083 [INFO] trainer.FlowMatchingAlgorithm: epoch=52 loss=1.023391 time=65.051s peak_mem=1440.7MB
2026-09-22 23:43:47,146 [INFO] trainer.FlowMatchingAlgorithm: epoch=53 loss=1.023312 time=65.063s peak_mem=1440.7MB
2026-09-22 23:44:52,180 [INFO] trainer.FlowMatchingAlgorithm: epoch=54 loss=1.022984 time=65.034s peak_mem=1440.7MB
2026-09-22 23:45:57,213 [INFO] trainer.FlowMatchingAlgorithm: epoch=55 loss=1.023135 time=65.032s peak_mem=1440.7MB
2026-09-22 23:47:02,253 [INFO] trainer.FlowMatchingAlgorithm: epoch=56 loss=1.022763 time=65.040s peak_mem=1440.7MB
2026-09-22 23:48:07,298 [INFO] trainer.FlowMatchingAlgorithm: epoch=57 loss=1.022136 time=65.044s peak_mem=1440.7MB
2026-09-22 23:49:12,362 [INFO] trainer.FlowMatchingAlgorithm: epoch=58 loss=1.022098 time=65.063s peak_mem=1440.7MB
2026-09-22 23:50:17,422 [INFO] trainer.FlowMatchingAlgorithm: epoch=59 loss=1.021442 time=65.059s peak_mem=1440.7MB
2026-09-22 23:51:22,468 [INFO] trainer.FlowMatchingAlgorithm: epoch=60 loss=1.021131 time=65.046s peak_mem=1440.7MB
2026-09-22 23:51:22,704 [INFO] trainer.FlowMatchingAlgorithm: Checkpoint saved -> results/fm_celeba_latent/checkpoints/run_4/FlowMatchingAlgorithm_epoch60.pt
2026-09-22 23:51:23,087 [INFO] trainer.FlowMatchingAlgorithm: Checkpoint archive -> results/fm_celeba_latent/checkpoints/run_4/archive/FlowMatchingAlgorithm_epoch60.zip
2026-09-22 23:52:28,099 [INFO] trainer.FlowMatchingAlgorithm: epoch=61 loss=1.021386 time=65.011s peak_mem=1440.7MB
2026-09-22 23:53:33,155 [INFO] trainer.FlowMatchingAlgorithm: epoch=62 loss=1.020609 time=65.047s peak_mem=1440.7MB
2026-09-22 23:54:38,231 [INFO] trainer.FlowMatchingAlgorithm: epoch=63 loss=1.020507 time=65.075s peak_mem=1440.7MB
2026-09-22 23:55:43,289 [INFO] trainer.FlowMatchingAlgorithm: epoch=64 loss=1.020564 time=65.058s peak_mem=1440.7MB
2026-09-22 23:56:48,323 [INFO] trainer.FlowMatchingAlgorithm: epoch=65 loss=1.020425 time=65.033s peak_mem=1440.7MB
2026-09-22 23:57:53,384 [INFO] trainer.FlowMatchingAlgorithm: epoch=66 loss=1.020533 time=65.061s peak_mem=1440.7MB
2026-09-22 23:58:58,428 [INFO] trainer.FlowMatchingAlgorithm: epoch=67 loss=1.020023 time=65.035s peak_mem=1440.7MB
2026-09-23 00:00:03,472 [INFO] trainer.FlowMatchingAlgorithm: epoch=68 loss=1.019606 time=65.044s peak_mem=1440.7MB
2026-09-23 00:01:08,524 [INFO] trainer.FlowMatchingAlgorithm: epoch=69 loss=1.019504 time=65.051s peak_mem=1440.7MB
2026-09-23 00:02:13,556 [INFO] trainer.FlowMatchingAlgorithm: epoch=70 loss=1.019159 time=65.032s peak_mem=1440.7MB
2026-09-23 00:02:13,794 [INFO] trainer.FlowMatchingAlgorithm: Checkpoint saved -> results/fm_celeba_latent/checkpoints/run_4/FlowMatchingAlgorithm_epoch70.pt
2026-09-23 00:02:14,177 [INFO] trainer.FlowMatchingAlgorithm: Checkpoint archive -> results/fm_celeba_latent/checkpoints/run_4/archive/FlowMatchingAlgorithm_epoch70.zip
2026-09-23 00:03:19,227 [INFO] trainer.FlowMatchingAlgorithm: epoch=71 loss=1.018934 time=65.049s peak_mem=1440.7MB
2026-09-23 00:04:24,291 [INFO] trainer.FlowMatchingAlgorithm: epoch=72 loss=1.018901 time=65.055s peak_mem=1440.7MB
2026-09-23 00:05:29,365 [INFO] trainer.FlowMatchingAlgorithm: epoch=73 loss=1.019057 time=65.074s peak_mem=1440.7MB
2026-09-23 00:06:34,401 [INFO] trainer.FlowMatchingAlgorithm: epoch=74 loss=1.018738 time=65.036s peak_mem=1440.7MB
2026-09-23 00:07:39,434 [INFO] trainer.FlowMatchingAlgorithm: epoch=75 loss=1.018370 time=65.032s peak_mem=1440.7MB
2026-09-23 00:11:37,389 [INFO] trainer.FlowMatchingAlgorithm: epoch=76 loss=1.018532 time=64.981s peak_mem=2219.8MB
2026-09-23 00:12:42,368 [INFO] trainer.FlowMatchingAlgorithm: epoch=77 loss=1.018231 time=64.978s peak_mem=2219.8MB
2026-09-23 00:13:47,379 [INFO] trainer.FlowMatchingAlgorithm: epoch=78 loss=1.018004 time=65.011s peak_mem=2219.8MB
2026-09-23 00:14:52,396 [INFO] trainer.FlowMatchingAlgorithm: epoch=79 loss=1.017170 time=65.016s peak_mem=2219.8MB
2026-09-23 00:15:57,418 [INFO] trainer.FlowMatchingAlgorithm: epoch=80 loss=1.017740 time=65.022s peak_mem=2219.8MB
2026-09-23 00:15:57,657 [INFO] trainer.FlowMatchingAlgorithm: Checkpoint saved -> results/fm_celeba_latent/checkpoints/run_4/FlowMatchingAlgorithm_epoch80.pt
2026-09-23 00:15:58,051 [INFO] trainer.FlowMatchingAlgorithm: Checkpoint archive -> results/fm_celeba_latent/checkpoints/run_4/archive/FlowMatchingAlgorithm_epoch80.zip
2026-09-23 00:17:03,043 [INFO] trainer.FlowMatchingAlgorithm: epoch=81 loss=1.018135 time=64.991s peak_mem=2219.8MB
2026-09-23 00:18:08,052 [INFO] trainer.FlowMatchingAlgorithm: epoch=82 loss=1.017202 time=65.008s peak_mem=2219.8MB
2026-09-23 00:19:13,049 [INFO] trainer.FlowMatchingAlgorithm: epoch=83 loss=1.016574 time=64.997s peak_mem=2219.8MB
2026-09-23 00:20:18,077 [INFO] trainer.FlowMatchingAlgorithm: epoch=84 loss=1.017326 time=65.028s peak_mem=2219.8MB
2026-09-23 00:21:23,109 [INFO] trainer.FlowMatchingAlgorithm: epoch=85 loss=1.016422 time=65.031s peak_mem=2219.8MB
2026-09-23 00:22:28,123 [INFO] trainer.FlowMatchingAlgorithm: epoch=86 loss=1.016925 time=65.014s peak_mem=2219.8MB
2026-09-23 00:23:33,133 [INFO] trainer.FlowMatchingAlgorithm: epoch=87 loss=1.015996 time=65.009s peak_mem=2219.8MB
2026-09-23 00:24:38,158 [INFO] trainer.FlowMatchingAlgorithm: epoch=88 loss=1.016177 time=65.024s peak_mem=2219.8MB
2026-09-23 00:25:43,171 [INFO] trainer.FlowMatchingAlgorithm: epoch=89 loss=1.015947 time=65.012s peak_mem=2219.8MB
2026-09-23 00:26:48,192 [INFO] trainer.FlowMatchingAlgorithm: epoch=90 loss=1.015243 time=65.021s peak_mem=2219.8MB
2026-09-23 00:26:48,427 [INFO] trainer.FlowMatchingAlgorithm: Checkpoint saved -> results/fm_celeba_latent/checkpoints/run_4/FlowMatchingAlgorithm_epoch90.pt
2026-09-23 00:26:48,814 [INFO] trainer.FlowMatchingAlgorithm: Checkpoint archive -> results/fm_celeba_latent/checkpoints/run_4/archive/FlowMatchingAlgorithm_epoch90.zip
2026-09-23 00:27:53,825 [INFO] trainer.FlowMatchingAlgorithm: epoch=91 loss=1.015622 time=65.010s peak_mem=2219.8MB
2026-09-23 00:28:58,820 [INFO] trainer.FlowMatchingAlgorithm: epoch=92 loss=1.016162 time=64.995s peak_mem=2219.8MB
2026-09-23 00:30:03,847 [INFO] trainer.FlowMatchingAlgorithm: epoch=93 loss=1.015652 time=65.018s peak_mem=2219.8MB
2026-09-23 00:31:08,863 [INFO] trainer.FlowMatchingAlgorithm: epoch=94 loss=1.014749 time=65.015s peak_mem=2219.8MB
2026-09-23 00:32:13,884 [INFO] trainer.FlowMatchingAlgorithm: epoch=95 loss=1.015248 time=65.020s peak_mem=2219.8MB
2026-09-23 00:33:18,909 [INFO] trainer.FlowMatchingAlgorithm: epoch=96 loss=1.015173 time=65.024s peak_mem=2219.8MB
2026-09-23 00:34:23,910 [INFO] trainer.FlowMatchingAlgorithm: epoch=97 loss=1.014619 time=65.001s peak_mem=2219.8MB
2026-09-23 00:35:28,924 [INFO] trainer.FlowMatchingAlgorithm: epoch=98 loss=1.014877 time=65.014s peak_mem=2219.8MB
2026-09-23 00:36:33,953 [INFO] trainer.FlowMatchingAlgorithm: epoch=99 loss=1.014572 time=65.028s peak_mem=2219.8MB
2026-09-23 00:37:38,974 [INFO] trainer.FlowMatchingAlgorithm: epoch=100 loss=1.014627 time=65.021s peak_mem=2219.8MB
2026-09-23 00:37:39,208 [INFO] trainer.FlowMatchingAlgorithm: Checkpoint saved -> results/fm_celeba_latent/checkpoints/run_4/FlowMatchingAlgorithm_epoch100.pt
2026-09-23 00:37:39,597 [INFO] trainer.FlowMatchingAlgorithm: Checkpoint archive -> results/fm_celeba_latent/checkpoints/run_4/archive/FlowMatchingAlgorithm_epoch100.zip
[run] finished_utc=2026-09-22T18:40:33Z
[run] exit_status=0
