Fetching 2 files:   0%|          | 0/2 [00:00<?, ?it/s]Fetching 2 files: 100%|██████████| 2/2 [00:00<00:00, 822.98it/s]
Downloaded CompVis/ldm-celebahq-256/vqvae@03978f22272a3c2502da709c3940e227c9714bdd to /home/ndag/Desktop/SSD_137_207_209 Thesis/Difussion-Model/data/pretrained/ldm-celebahq-256/vqvae
Source manifest: /home/ndag/Desktop/SSD_137_207_209 Thesis/Difussion-Model/data/pretrained/ldm-celebahq-256/vqvae/source_manifest.json
[run] training_type=codec_validation
[run] representation_space=codec
[run] dataset=celeba
[run] algorithm=pretrained_vq_f4
[run] started_utc=2026-09-24T05:10:08Z
An error occurred while trying to fetch data/pretrained/ldm-celebahq-256/vqvae: Error no file named diffusion_pytorch_model.safetensors found in directory data/pretrained/ldm-celebahq-256/vqvae.
Defaulting to unsafe serialization. Pass `allow_pickle=False` to raise an error instead.

======================================================================
  Codec validation — frozen CelebA-HQ VQ-f4
======================================================================
  Source path  : data/pretrained/ldm-celebahq-256/vqvae
  CelebA root  : data/raw
  Output dir   : results/codecs/celeba_vq_f4
  Device       : cuda
  Batch size   : 32

[1/6] Loading codec from source weights …
    ✓ Codec loaded (CompVis/ldm-celebahq-256)
[2/6] Structural shape and range validation …
    ✓ Encode shape: (B,3,64,64) → (B,3,16,16)
    ✓ Decode range: [-1, 1]
    ✓ Round-trip latent shape preserved
[3/6] Loading CelebA dataset …
Files already downloaded and verified
Files already downloaded and verified
    ✓ Train batches: 5086
    ✓ Val   batches: 621
[4/6] Computing per-channel statistics on CelebA training set …
    (This encodes all training images — may take several minutes)
    ✓ Done in 172.2s
    Per-channel mean : ['0.1635', '-0.0538', '0.1202']
    Per-channel std  : ['0.8564', '1.1712', '1.3339']
    Min channel std  : 0.8564
    ✓ Min std gate (0.1) passed
[5/6] Evaluating reconstruction quality on 5,000 validation images …
    rFID : 10.061
    PSNR : 27.38 dB
[6/6] Writing outputs …
    ✓ Reconstruction grid → results/codecs/celeba_vq_f4/reconstruction_grid.png
    ✓ Validation report → results/codecs/celeba_vq_f4/validation_report.json

  [FAIL] Codec did not pass project gates:
    • rFID 10.061 ≥ 5.0 (project gate)
    • PSNR 27.38 dB ≤ 30.0 dB (project gate)

  PROJECT GATE NOTE: These thresholds are specific to this study.
  Consult ANTIGRAVITY_PRETRAINED_LATENT_PLAN.md for the fallback plan.
[run] finished_utc=2026-09-24T05:13:37Z
[run] exit_status=1
