Fetching 2 files:   0%|          | 0/2 [00:00<?, ?it/s]Fetching 2 files: 100%|██████████| 2/2 [00:00<00:00, 731.42it/s]
Downloaded CompVis/ldm-celebahq-256/vqvae@03978f22272a3c2502da709c3940e227c9714bdd to /home/ndag/Desktop/SSD_137_207_209 Thesis/Difussion-Model/data/pretrained/ldm-celebahq-256/vqvae
Source manifest: /home/ndag/Desktop/SSD_137_207_209 Thesis/Difussion-Model/data/pretrained/ldm-celebahq-256/vqvae/source_manifest.json
[run] training_type=codec_validation
[run] representation_space=codec
[run] dataset=celeba
[run] algorithm=pretrained_vq_f4
[run] started_utc=2026-09-23T10:37:51Z
An error occurred while trying to fetch data/pretrained/ldm-celebahq-256/vqvae: Error no file named diffusion_pytorch_model.safetensors found in directory data/pretrained/ldm-celebahq-256/vqvae.
Defaulting to unsafe serialization. Pass `allow_pickle=False` to raise an error instead.

======================================================================
  Codec validation — frozen CelebA-HQ VQ-f4
======================================================================
  Source path  : data/pretrained/ldm-celebahq-256/vqvae
  CelebA root  : data/raw
  Output dir   : results/codecs/celeba_vq_f4
  Device       : cuda
  Batch size   : 32

[1/6] Loading codec from source weights …
    ✓ Codec loaded (CompVis/ldm-celebahq-256)
[2/6] Structural shape and range validation …
    ✓ Encode shape: (B,3,64,64) → (B,3,16,16)
    ✓ Decode range: [-1, 1]
    ✓ Round-trip latent shape preserved
[3/6] Loading CelebA dataset …
Files already downloaded and verified
Files already downloaded and verified
    ✓ Train batches: 5086
    ✓ Val   batches: 621
[4/6] Computing per-channel statistics on CelebA training set …
    (This encodes all training images — may take several minutes)
