[run] training_type=pixel_diffusion
[run] representation_space=pixel
[run] dataset=cifar10
[run] algorithm=reflow
[run] launcher_session_id=040a066bd24a47f994473b0ef04cbd0c
[run] hostname=NDAG-M-Lab
[run] os_name=Linux
[run] os_release=7.0.0-34-generic
[run] architecture=x86_64
[run] python_version=3.12.2
[run] torch_version=2.5.1+cu121
[run] cuda_version=12.1
[run] cuda_visible_devices=unavailable
[run] gpu_device_index=0
[run] gpu_uuid=d4eecee8-2e57-baf1-f631-0660b6517f2b
[run] gpu_name=NVIDIA GeForce RTX 3090
[run] gpu_memory_gb=24
[run] gpu_count=1
[run] machine_label=linux-ndag-m-lab-nvidia-geforce-rtx-3090-24gb
[run] git_commit=5cb916797c7cfce9b81eb765e51b50fb8d3ec2f6
[run] git_dirty=true
[run] git_diff_sha256=24b8b9549bbd07fc8a036e07ffef2c30c86405f1d48c0d1fc0b30a12ad8843b5
[run] code_identity=5cb916797c7cfce9b81eb765e51b50fb8d3ec2f6+dirty:24b8b9549bbd
[run] source_identity_sha256=80bd1b1e43d9c31bf77530f6950ff02cf82d82ca0612b1bcdd01fe2f1973fcec
[run] source_manifest=results/source_manifests/20260924T113303Z_pid16467.json
[run] parent_suite_timestamp=20260924T113303Z
[run] lifecycle_mode=fresh
[run] checkpoint_series=run_2
[run] selected_config_path=config/reflow_full.json
[run] selected_config_sha256=6d9a73f39c4fca5a2f5d4ee2f478b7cd36ac7805d063ab8c1dd34ceda381e7ad
[run] log_device_token=nvidia-geforce-rtx-3090-24gb
[run] log_path=training_logs/nvidia-geforce-rtx-3090-24gb/pixel/cifar10/reflow/cifar10_pixel_reflow_run_2_ndag-m-lab_20260924T113303Z.log
[run] git_log_policy=eligible-not-auto-staged
[run] started_utc=2026-09-24T17:39:17Z
[run] command=/home/ndag/Desktop/SSD_137_207_209 Thesis/Difussion-Model/scripts/linux/train_all.sh --dataset cifar10 --only reflow --mode fresh --checkpoint-every 10 --cifar-backbone current --machine-label linux-ndag-m-lab-nvidia-geforce-rtx-3090-24gb
[PLAN] Preserve existing Reflow pairs: data/reflow_pairs_cifar10.pt -> data/history/reflow_pairs_cifar10_20260924_233917_pid175859.pt
[OK] FM teacher checkpoint: results/fm_cifar10/checkpoints/run_4/FlowMatchingAlgorithm_epoch100.pt
[PLAN] Generate Reflow pairs: data/reflow_pairs_cifar10.pt
Generating 50000 pairs at NFE=50...
  40000/50000 pairs generated
  50000/50000 pairs generated
Saved 50000 pairs -> /home/ndag/Desktop/SSD_137_207_209 Thesis/Difussion-Model/data/reflow_pairs_cifar10.pt
Shapes: z1=torch.Size([50000, 3, 32, 32]), x0=torch.Size([50000, 3, 32, 32])
[OK] Reflow pairs: data/reflow_pairs_cifar10.pt
[PLAN] /home/ndag/Desktop/SSD_137_207_209 Thesis/Difussion-Model/venv/bin/python train.py --algorithm reflow --config config/reflow_full.json --mode fresh --checkpoint-every 10 --machine-label linux-ndag-m-lab-nvidia-geforce-rtx-3090-24gb
[fresh] Previous run preserved at: /home/ndag/Desktop/SSD_137_207_209 Thesis/Difussion-Model/results/history/reflow_cifar10_20260924_234811
[checkpoints] Active checkpoint series: run_2
[startup] Resolved experiment configuration (before dataset loading):
[startup] config: /home/ndag/Desktop/SSD_137_207_209 Thesis/Difussion-Model/config/reflow_full.json
[startup] algorithm: reflow
[startup] experiment: reflow
[startup] backbone: simple_unet
[startup] result_dir: /home/ndag/Desktop/SSD_137_207_209 Thesis/Difussion-Model/results/reflow_cifar10
[startup] batch_size: 128
[startup] epochs: 100
[startup] seed: 0
[startup] learning_rate: 0.0002
[startup] scheduler: none
[startup] gradient_clip_norm: None
[startup] machine_label: linux-ndag-m-lab-nvidia-geforce-rtx-3090-24gb
[startup] code_identity: 5cb916797c7cfce9b81eb765e51b50fb8d3ec2f6+dirty:24b8b9549bbd
[startup] source_identity_sha256: 80bd1b1e43d9c31bf77530f6950ff02cf82d82ca0612b1bcdd01fe2f1973fcec
[startup] selected_config_file_sha256: 6d9a73f39c4fca5a2f5d4ee2f478b7cd36ac7805d063ab8c1dd34ceda381e7ad
[startup] lifecycle_mode: fresh
[startup] checkpoint_series: run_2
[startup] parent_suite_timestamp: 20260924T113303Z
Files already downloaded and verified
Files already downloaded and verified
2026-09-24 23:48:36,335 [INFO] trainer.ReflowAlgorithm: epoch=1 loss=0.120292 time=23.054s peak_mem=2251.4MB
2026-09-24 23:48:59,005 [INFO] trainer.ReflowAlgorithm: epoch=2 loss=0.041709 time=22.669s peak_mem=2251.4MB
2026-09-24 23:49:21,664 [INFO] trainer.ReflowAlgorithm: epoch=3 loss=0.028636 time=22.658s peak_mem=2251.4MB
2026-09-24 23:49:44,452 [INFO] trainer.ReflowAlgorithm: epoch=4 loss=0.021952 time=22.788s peak_mem=2251.4MB
2026-09-24 23:50:07,141 [INFO] trainer.ReflowAlgorithm: epoch=5 loss=0.017940 time=22.688s peak_mem=2251.4MB
2026-09-24 23:50:29,988 [INFO] trainer.ReflowAlgorithm: epoch=6 loss=0.015413 time=22.847s peak_mem=2251.4MB
2026-09-24 23:50:52,874 [INFO] trainer.ReflowAlgorithm: epoch=7 loss=0.013321 time=22.885s peak_mem=2251.4MB
2026-09-24 23:51:15,821 [INFO] trainer.ReflowAlgorithm: epoch=8 loss=0.012288 time=22.947s peak_mem=2251.4MB
2026-09-24 23:51:38,633 [INFO] trainer.ReflowAlgorithm: epoch=9 loss=0.010901 time=22.811s peak_mem=2251.4MB
2026-09-24 23:52:01,379 [INFO] trainer.ReflowAlgorithm: epoch=10 loss=0.010286 time=22.746s peak_mem=2251.4MB
2026-09-24 23:52:01,476 [INFO] trainer.ReflowAlgorithm: Checkpoint saved -> results/reflow_cifar10/checkpoints/run_2/ReflowAlgorithm_epoch10.pt
2026-09-24 23:52:01,600 [INFO] trainer.ReflowAlgorithm: Checkpoint archive -> results/reflow_cifar10/checkpoints/run_2/archive/ReflowAlgorithm_epoch10.zip
2026-09-24 23:52:24,493 [INFO] trainer.ReflowAlgorithm: epoch=11 loss=0.009788 time=22.892s peak_mem=2251.4MB
2026-09-24 23:52:47,303 [INFO] trainer.ReflowAlgorithm: epoch=12 loss=0.008731 time=22.809s peak_mem=2251.4MB
2026-09-24 23:53:10,111 [INFO] trainer.ReflowAlgorithm: epoch=13 loss=0.008441 time=22.808s peak_mem=2251.4MB
2026-09-24 23:53:32,933 [INFO] trainer.ReflowAlgorithm: epoch=14 loss=0.008300 time=22.822s peak_mem=2251.4MB
2026-09-24 23:53:55,725 [INFO] trainer.ReflowAlgorithm: epoch=15 loss=0.007449 time=22.791s peak_mem=2251.4MB
2026-09-24 23:54:18,294 [INFO] trainer.ReflowAlgorithm: epoch=16 loss=0.007483 time=22.568s peak_mem=2251.4MB
2026-09-24 23:54:40,885 [INFO] trainer.ReflowAlgorithm: epoch=17 loss=0.007021 time=22.590s peak_mem=2251.4MB
2026-09-24 23:55:03,425 [INFO] trainer.ReflowAlgorithm: epoch=18 loss=0.006848 time=22.540s peak_mem=2251.4MB
2026-09-24 23:55:25,941 [INFO] trainer.ReflowAlgorithm: epoch=19 loss=0.006560 time=22.515s peak_mem=2251.4MB
2026-09-24 23:55:48,483 [INFO] trainer.ReflowAlgorithm: epoch=20 loss=0.006347 time=22.542s peak_mem=2251.4MB
2026-09-24 23:55:48,575 [INFO] trainer.ReflowAlgorithm: Checkpoint saved -> results/reflow_cifar10/checkpoints/run_2/ReflowAlgorithm_epoch20.pt
2026-09-24 23:55:48,694 [INFO] trainer.ReflowAlgorithm: Checkpoint archive -> results/reflow_cifar10/checkpoints/run_2/archive/ReflowAlgorithm_epoch20.zip
2026-09-24 23:56:11,260 [INFO] trainer.ReflowAlgorithm: epoch=21 loss=0.006120 time=22.565s peak_mem=2251.4MB
2026-09-24 23:56:33,796 [INFO] trainer.ReflowAlgorithm: epoch=22 loss=0.005817 time=22.536s peak_mem=2251.4MB
2026-09-24 23:56:56,306 [INFO] trainer.ReflowAlgorithm: epoch=23 loss=0.005566 time=22.509s peak_mem=2251.4MB
2026-09-24 23:57:18,829 [INFO] trainer.ReflowAlgorithm: epoch=24 loss=0.005765 time=22.522s peak_mem=2251.4MB
2026-09-24 23:57:41,647 [INFO] trainer.ReflowAlgorithm: epoch=25 loss=0.005544 time=22.818s peak_mem=2251.4MB
/home/ndag/Desktop/SSD_137_207_209 Thesis/Difussion-Model/venv/lib/python3.12/site-packages/torchmetrics/utilities/prints.py:43: UserWarning: Metric `InceptionScore` will save all extracted features in buffer. For large datasets this may lead to large memory footprint.
  warnings.warn(*args, **kwargs)
2026-09-24 23:59:44,059 [INFO] trainer.ReflowAlgorithm: epoch=26 loss=0.005092 time=22.615s peak_mem=2696.0MB
2026-09-25 00:00:06,653 [INFO] trainer.ReflowAlgorithm: epoch=27 loss=0.005416 time=22.593s peak_mem=2696.0MB
2026-09-25 00:00:29,464 [INFO] trainer.ReflowAlgorithm: epoch=28 loss=0.004735 time=22.811s peak_mem=2696.0MB
2026-09-25 00:01:00,881 [INFO] trainer.ReflowAlgorithm: epoch=29 loss=0.005219 time=31.416s peak_mem=2696.0MB
2026-09-25 00:01:33,152 [INFO] trainer.ReflowAlgorithm: epoch=30 loss=0.004729 time=32.270s peak_mem=2696.0MB
2026-09-25 00:01:33,250 [INFO] trainer.ReflowAlgorithm: Checkpoint saved -> results/reflow_cifar10/checkpoints/run_2/ReflowAlgorithm_epoch30.pt
2026-09-25 00:01:33,375 [INFO] trainer.ReflowAlgorithm: Checkpoint archive -> results/reflow_cifar10/checkpoints/run_2/archive/ReflowAlgorithm_epoch30.zip
2026-09-25 00:02:05,953 [INFO] trainer.ReflowAlgorithm: epoch=31 loss=0.004708 time=32.577s peak_mem=2696.0MB
2026-09-25 00:02:38,520 [INFO] trainer.ReflowAlgorithm: epoch=32 loss=0.004615 time=32.567s peak_mem=2696.0MB
2026-09-25 00:03:11,069 [INFO] trainer.ReflowAlgorithm: epoch=33 loss=0.004378 time=32.548s peak_mem=2696.0MB
2026-09-25 00:03:43,620 [INFO] trainer.ReflowAlgorithm: epoch=34 loss=0.004541 time=32.551s peak_mem=2696.0MB
2026-09-25 00:04:16,000 [INFO] trainer.ReflowAlgorithm: epoch=35 loss=0.004517 time=32.379s peak_mem=2696.0MB
2026-09-25 00:04:48,626 [INFO] trainer.ReflowAlgorithm: epoch=36 loss=0.004392 time=32.625s peak_mem=2696.0MB
2026-09-25 00:05:16,234 [INFO] trainer.ReflowAlgorithm: epoch=37 loss=0.004239 time=27.607s peak_mem=2696.0MB
2026-09-25 00:05:48,691 [INFO] trainer.ReflowAlgorithm: epoch=38 loss=0.004305 time=32.456s peak_mem=2696.0MB
2026-09-25 00:06:21,211 [INFO] trainer.ReflowAlgorithm: epoch=39 loss=0.004250 time=32.520s peak_mem=2696.0MB
2026-09-25 00:06:53,489 [INFO] trainer.ReflowAlgorithm: epoch=40 loss=0.004049 time=32.277s peak_mem=2696.0MB
2026-09-25 00:06:53,583 [INFO] trainer.ReflowAlgorithm: Checkpoint saved -> results/reflow_cifar10/checkpoints/run_2/ReflowAlgorithm_epoch40.pt
2026-09-25 00:06:53,705 [INFO] trainer.ReflowAlgorithm: Checkpoint archive -> results/reflow_cifar10/checkpoints/run_2/archive/ReflowAlgorithm_epoch40.zip
2026-09-25 00:07:26,127 [INFO] trainer.ReflowAlgorithm: epoch=41 loss=0.004122 time=32.422s peak_mem=2696.0MB
2026-09-25 00:07:58,554 [INFO] trainer.ReflowAlgorithm: epoch=42 loss=0.003991 time=32.426s peak_mem=2696.0MB
2026-09-25 00:08:30,883 [INFO] trainer.ReflowAlgorithm: epoch=43 loss=0.003901 time=32.329s peak_mem=2696.0MB
2026-09-25 00:09:03,404 [INFO] trainer.ReflowAlgorithm: epoch=44 loss=0.003979 time=32.520s peak_mem=2696.0MB
2026-09-25 00:09:35,632 [INFO] trainer.ReflowAlgorithm: epoch=45 loss=0.004070 time=32.227s peak_mem=2696.0MB
2026-09-25 00:10:00,520 [INFO] trainer.ReflowAlgorithm: epoch=46 loss=0.003695 time=24.888s peak_mem=2696.0MB
2026-09-25 00:10:23,095 [INFO] trainer.ReflowAlgorithm: epoch=47 loss=0.003731 time=22.574s peak_mem=2696.0MB
2026-09-25 00:10:45,628 [INFO] trainer.ReflowAlgorithm: epoch=48 loss=0.003577 time=22.532s peak_mem=2696.0MB
2026-09-25 00:11:08,163 [INFO] trainer.ReflowAlgorithm: epoch=49 loss=0.003639 time=22.534s peak_mem=2696.0MB
2026-09-25 00:11:30,667 [INFO] trainer.ReflowAlgorithm: epoch=50 loss=0.003699 time=22.503s peak_mem=2696.0MB
2026-09-25 00:11:30,761 [INFO] trainer.ReflowAlgorithm: Checkpoint saved -> results/reflow_cifar10/checkpoints/run_2/ReflowAlgorithm_epoch50.pt
2026-09-25 00:11:30,884 [INFO] trainer.ReflowAlgorithm: Checkpoint archive -> results/reflow_cifar10/checkpoints/run_2/archive/ReflowAlgorithm_epoch50.zip
2026-09-25 00:13:32,017 [INFO] trainer.ReflowAlgorithm: epoch=51 loss=0.003766 time=22.495s peak_mem=3473.8MB
2026-09-25 00:13:54,591 [INFO] trainer.ReflowAlgorithm: epoch=52 loss=0.003517 time=22.573s peak_mem=3473.8MB
2026-09-25 00:14:17,097 [INFO] trainer.ReflowAlgorithm: epoch=53 loss=0.003590 time=22.506s peak_mem=3473.8MB
2026-09-25 00:14:39,605 [INFO] trainer.ReflowAlgorithm: epoch=54 loss=0.003475 time=22.507s peak_mem=3473.8MB
2026-09-25 00:15:02,107 [INFO] trainer.ReflowAlgorithm: epoch=55 loss=0.003573 time=22.502s peak_mem=3473.8MB
2026-09-25 00:15:24,592 [INFO] trainer.ReflowAlgorithm: epoch=56 loss=0.003432 time=22.484s peak_mem=3473.8MB
2026-09-25 00:15:47,163 [INFO] trainer.ReflowAlgorithm: epoch=57 loss=0.003208 time=22.570s peak_mem=3473.8MB
2026-09-25 00:16:09,842 [INFO] trainer.ReflowAlgorithm: epoch=58 loss=0.003472 time=22.679s peak_mem=3473.8MB
2026-09-25 00:16:32,412 [INFO] trainer.ReflowAlgorithm: epoch=59 loss=0.003409 time=22.569s peak_mem=3473.8MB
2026-09-25 00:16:55,004 [INFO] trainer.ReflowAlgorithm: epoch=60 loss=0.003252 time=22.591s peak_mem=3473.8MB
2026-09-25 00:16:55,104 [INFO] trainer.ReflowAlgorithm: Checkpoint saved -> results/reflow_cifar10/checkpoints/run_2/ReflowAlgorithm_epoch60.pt
2026-09-25 00:16:55,226 [INFO] trainer.ReflowAlgorithm: Checkpoint archive -> results/reflow_cifar10/checkpoints/run_2/archive/ReflowAlgorithm_epoch60.zip
2026-09-25 00:17:17,812 [INFO] trainer.ReflowAlgorithm: epoch=61 loss=0.003359 time=22.585s peak_mem=3473.8MB
2026-09-25 00:17:40,363 [INFO] trainer.ReflowAlgorithm: epoch=62 loss=0.003289 time=22.551s peak_mem=3473.8MB
2026-09-25 00:18:02,927 [INFO] trainer.ReflowAlgorithm: epoch=63 loss=0.003160 time=22.563s peak_mem=3473.8MB
2026-09-25 00:18:25,521 [INFO] trainer.ReflowAlgorithm: epoch=64 loss=0.003154 time=22.594s peak_mem=3473.8MB
2026-09-25 00:18:48,101 [INFO] trainer.ReflowAlgorithm: epoch=65 loss=0.003086 time=22.579s peak_mem=3473.8MB
2026-09-25 00:19:10,680 [INFO] trainer.ReflowAlgorithm: epoch=66 loss=0.003207 time=22.579s peak_mem=3473.8MB
2026-09-25 00:19:33,233 [INFO] trainer.ReflowAlgorithm: epoch=67 loss=0.002926 time=22.552s peak_mem=3473.8MB
2026-09-25 00:19:55,822 [INFO] trainer.ReflowAlgorithm: epoch=68 loss=0.003268 time=22.589s peak_mem=3473.8MB
2026-09-25 00:20:18,385 [INFO] trainer.ReflowAlgorithm: epoch=69 loss=0.002956 time=22.562s peak_mem=3473.8MB
2026-09-25 00:20:40,968 [INFO] trainer.ReflowAlgorithm: epoch=70 loss=0.003175 time=22.583s peak_mem=3473.8MB
2026-09-25 00:20:41,066 [INFO] trainer.ReflowAlgorithm: Checkpoint saved -> results/reflow_cifar10/checkpoints/run_2/ReflowAlgorithm_epoch70.pt
2026-09-25 00:20:41,189 [INFO] trainer.ReflowAlgorithm: Checkpoint archive -> results/reflow_cifar10/checkpoints/run_2/archive/ReflowAlgorithm_epoch70.zip
2026-09-25 00:21:03,782 [INFO] trainer.ReflowAlgorithm: epoch=71 loss=0.003217 time=22.593s peak_mem=3473.8MB
2026-09-25 00:21:26,306 [INFO] trainer.ReflowAlgorithm: epoch=72 loss=0.003110 time=22.523s peak_mem=3473.8MB
2026-09-25 00:21:48,867 [INFO] trainer.ReflowAlgorithm: epoch=73 loss=0.003074 time=22.561s peak_mem=3473.8MB
2026-09-25 00:22:11,394 [INFO] trainer.ReflowAlgorithm: epoch=74 loss=0.003194 time=22.527s peak_mem=3473.8MB
2026-09-25 00:22:33,997 [INFO] trainer.ReflowAlgorithm: epoch=75 loss=0.002915 time=22.603s peak_mem=3473.8MB
2026-09-25 00:24:35,192 [INFO] trainer.ReflowAlgorithm: epoch=76 loss=0.002895 time=22.517s peak_mem=4252.3MB
2026-09-25 00:24:57,731 [INFO] trainer.ReflowAlgorithm: epoch=77 loss=0.002912 time=22.539s peak_mem=4251.8MB
2026-09-25 00:25:20,278 [INFO] trainer.ReflowAlgorithm: epoch=78 loss=0.003173 time=22.546s peak_mem=4251.8MB
2026-09-25 00:25:42,839 [INFO] trainer.ReflowAlgorithm: epoch=79 loss=0.002814 time=22.561s peak_mem=4251.8MB
2026-09-25 00:26:05,419 [INFO] trainer.ReflowAlgorithm: epoch=80 loss=0.002898 time=22.580s peak_mem=4251.8MB
2026-09-25 00:26:05,514 [INFO] trainer.ReflowAlgorithm: Checkpoint saved -> results/reflow_cifar10/checkpoints/run_2/ReflowAlgorithm_epoch80.pt
2026-09-25 00:26:05,635 [INFO] trainer.ReflowAlgorithm: Checkpoint archive -> results/reflow_cifar10/checkpoints/run_2/archive/ReflowAlgorithm_epoch80.zip
2026-09-25 00:26:28,197 [INFO] trainer.ReflowAlgorithm: epoch=81 loss=0.003072 time=22.562s peak_mem=4251.8MB
2026-09-25 00:26:50,791 [INFO] trainer.ReflowAlgorithm: epoch=82 loss=0.002968 time=22.592s peak_mem=4251.8MB
2026-09-25 00:27:13,384 [INFO] trainer.ReflowAlgorithm: epoch=83 loss=0.002747 time=22.593s peak_mem=4251.8MB
2026-09-25 00:27:35,877 [INFO] trainer.ReflowAlgorithm: epoch=84 loss=0.002732 time=22.492s peak_mem=4251.8MB
2026-09-25 00:27:58,443 [INFO] trainer.ReflowAlgorithm: epoch=85 loss=0.002927 time=22.566s peak_mem=4251.8MB
2026-09-25 00:28:21,027 [INFO] trainer.ReflowAlgorithm: epoch=86 loss=0.002901 time=22.583s peak_mem=4251.8MB
2026-09-25 00:28:43,638 [INFO] trainer.ReflowAlgorithm: epoch=87 loss=0.002847 time=22.610s peak_mem=4251.8MB
2026-09-25 00:29:06,197 [INFO] trainer.ReflowAlgorithm: epoch=88 loss=0.002668 time=22.559s peak_mem=4251.8MB
2026-09-25 00:29:28,735 [INFO] trainer.ReflowAlgorithm: epoch=89 loss=0.002760 time=22.538s peak_mem=4251.8MB
2026-09-25 00:29:51,308 [INFO] trainer.ReflowAlgorithm: epoch=90 loss=0.002793 time=22.572s peak_mem=4251.8MB
2026-09-25 00:29:51,405 [INFO] trainer.ReflowAlgorithm: Checkpoint saved -> results/reflow_cifar10/checkpoints/run_2/ReflowAlgorithm_epoch90.pt
2026-09-25 00:29:51,529 [INFO] trainer.ReflowAlgorithm: Checkpoint archive -> results/reflow_cifar10/checkpoints/run_2/archive/ReflowAlgorithm_epoch90.zip
2026-09-25 00:30:14,093 [INFO] trainer.ReflowAlgorithm: epoch=91 loss=0.002840 time=22.564s peak_mem=4251.8MB
2026-09-25 00:30:36,587 [INFO] trainer.ReflowAlgorithm: epoch=92 loss=0.002810 time=22.494s peak_mem=4251.8MB
2026-09-25 00:30:59,136 [INFO] trainer.ReflowAlgorithm: epoch=93 loss=0.002803 time=22.548s peak_mem=4251.8MB
2026-09-25 00:31:21,715 [INFO] trainer.ReflowAlgorithm: epoch=94 loss=0.002859 time=22.578s peak_mem=4251.8MB
2026-09-25 00:31:44,231 [INFO] trainer.ReflowAlgorithm: epoch=95 loss=0.002723 time=22.515s peak_mem=4251.8MB
2026-09-25 00:32:06,800 [INFO] trainer.ReflowAlgorithm: epoch=96 loss=0.002659 time=22.569s peak_mem=4251.8MB
2026-09-25 00:32:29,361 [INFO] trainer.ReflowAlgorithm: epoch=97 loss=0.002566 time=22.561s peak_mem=4251.8MB
2026-09-25 00:32:51,932 [INFO] trainer.ReflowAlgorithm: epoch=98 loss=0.002707 time=22.571s peak_mem=4251.8MB
2026-09-25 00:33:14,499 [INFO] trainer.ReflowAlgorithm: epoch=99 loss=0.002618 time=22.567s peak_mem=4251.8MB
2026-09-25 00:33:37,113 [INFO] trainer.ReflowAlgorithm: epoch=100 loss=0.002714 time=22.613s peak_mem=4251.8MB
2026-09-25 00:33:37,206 [INFO] trainer.ReflowAlgorithm: Checkpoint saved -> results/reflow_cifar10/checkpoints/run_2/ReflowAlgorithm_epoch100.pt
2026-09-25 00:33:37,329 [INFO] trainer.ReflowAlgorithm: Checkpoint archive -> results/reflow_cifar10/checkpoints/run_2/archive/ReflowAlgorithm_epoch100.zip
Training workflow complete.
[run] finished_utc=2026-09-24T18:35:16Z
[run] exit_status=0
