[run] training_type=pixel_diffusion
[run] representation_space=pixel
[run] dataset=cifar10
[run] algorithm=mf_distill
[run] launcher_session_id=903c8fd0de49489886ba04d93ed560e7
[run] hostname=NDAG-M-Lab
[run] os_name=Linux
[run] os_release=7.0.0-34-generic
[run] architecture=x86_64
[run] python_version=3.12.2
[run] torch_version=2.5.1+cu121
[run] cuda_version=12.1
[run] cuda_visible_devices=unavailable
[run] gpu_device_index=0
[run] gpu_uuid=d4eecee8-2e57-baf1-f631-0660b6517f2b
[run] gpu_name=NVIDIA GeForce RTX 3090
[run] gpu_memory_gb=24
[run] gpu_count=1
[run] machine_label=linux-ndag-m-lab-nvidia-geforce-rtx-3090-24gb
[run] git_commit=5cb916797c7cfce9b81eb765e51b50fb8d3ec2f6
[run] git_dirty=true
[run] git_diff_sha256=24b8b9549bbd07fc8a036e07ffef2c30c86405f1d48c0d1fc0b30a12ad8843b5
[run] code_identity=5cb916797c7cfce9b81eb765e51b50fb8d3ec2f6+dirty:24b8b9549bbd
[run] source_identity_sha256=80bd1b1e43d9c31bf77530f6950ff02cf82d82ca0612b1bcdd01fe2f1973fcec
[run] source_manifest=results/source_manifests/20260924T113303Z_pid16467.json
[run] parent_suite_timestamp=20260924T113303Z
[run] lifecycle_mode=fresh
[run] checkpoint_series=run_4
[run] selected_config_path=config/mf_distill_full.json
[run] selected_config_sha256=898540b07590f06e049a47295f7c2fd2d128d25c97c5270d7dc35d1092fc4c90
[run] log_device_token=nvidia-geforce-rtx-3090-24gb
[run] log_path=training_logs/nvidia-geforce-rtx-3090-24gb/pixel/cifar10/mf_distill/cifar10_pixel_mf_distill_run_4_ndag-m-lab_20260924T113303Z.log
[run] git_log_policy=eligible-not-auto-staged
[run] started_utc=2026-09-24T14:50:40Z
[run] command=/home/ndag/Desktop/SSD_137_207_209 Thesis/Difussion-Model/scripts/linux/train_all.sh --dataset cifar10 --only mf_distill --mode fresh --checkpoint-every 10 --cifar-backbone current --machine-label linux-ndag-m-lab-nvidia-geforce-rtx-3090-24gb
[OK] FM teacher checkpoint: results/fm_cifar10/checkpoints/run_4/FlowMatchingAlgorithm_epoch100.pt
[PLAN] /home/ndag/Desktop/SSD_137_207_209 Thesis/Difussion-Model/venv/bin/python train.py --algorithm mf_distill --config config/mf_distill_full.json --mode fresh --checkpoint-every 10 --machine-label linux-ndag-m-lab-nvidia-geforce-rtx-3090-24gb
[fresh] Previous run preserved at: /home/ndag/Desktop/SSD_137_207_209 Thesis/Difussion-Model/results/history/mf_distill_cifar10_20260924_205042
[checkpoints] Active checkpoint series: run_4
[startup] Resolved experiment configuration (before dataset loading):
[startup] config: /home/ndag/Desktop/SSD_137_207_209 Thesis/Difussion-Model/config/mf_distill_full.json
[startup] algorithm: mf_distill
[startup] experiment: mf_distill
[startup] backbone: simple_unet
[startup] result_dir: /home/ndag/Desktop/SSD_137_207_209 Thesis/Difussion-Model/results/mf_distill_cifar10
[startup] batch_size: 64
[startup] epochs: 100
[startup] seed: 0
[startup] learning_rate: 5e-05
[startup] scheduler: none
[startup] gradient_clip_norm: None
[startup] machine_label: linux-ndag-m-lab-nvidia-geforce-rtx-3090-24gb
[startup] code_identity: 5cb916797c7cfce9b81eb765e51b50fb8d3ec2f6+dirty:24b8b9549bbd
[startup] source_identity_sha256: 80bd1b1e43d9c31bf77530f6950ff02cf82d82ca0612b1bcdd01fe2f1973fcec
[startup] selected_config_file_sha256: 898540b07590f06e049a47295f7c2fd2d128d25c97c5270d7dc35d1092fc4c90
[startup] lifecycle_mode: fresh
[startup] checkpoint_series: run_4
[startup] parent_suite_timestamp: 20260924T113303Z
Files already downloaded and verified
Files already downloaded and verified
2026-09-24 20:51:39,934 [INFO] trainer.MeanFlowDistillAlgorithm: epoch=1 loss=0.154115 time=56.209s peak_mem=1204.4MB
2026-09-24 20:52:35,209 [INFO] trainer.MeanFlowDistillAlgorithm: epoch=2 loss=0.061016 time=55.274s peak_mem=1204.4MB
2026-09-24 20:53:30,367 [INFO] trainer.MeanFlowDistillAlgorithm: epoch=3 loss=0.044462 time=55.157s peak_mem=1204.4MB
2026-09-24 20:54:25,574 [INFO] trainer.MeanFlowDistillAlgorithm: epoch=4 loss=0.036548 time=55.206s peak_mem=1204.4MB
2026-09-24 20:55:20,853 [INFO] trainer.MeanFlowDistillAlgorithm: epoch=5 loss=0.031296 time=55.279s peak_mem=1204.4MB
2026-09-24 20:56:16,052 [INFO] trainer.MeanFlowDistillAlgorithm: epoch=6 loss=0.027559 time=55.199s peak_mem=1204.4MB
2026-09-24 20:57:11,203 [INFO] trainer.MeanFlowDistillAlgorithm: epoch=7 loss=0.024770 time=55.150s peak_mem=1204.4MB
2026-09-24 20:58:06,279 [INFO] trainer.MeanFlowDistillAlgorithm: epoch=8 loss=0.022035 time=55.075s peak_mem=1204.4MB
2026-09-24 20:59:01,453 [INFO] trainer.MeanFlowDistillAlgorithm: epoch=9 loss=0.020307 time=55.174s peak_mem=1204.4MB
2026-09-24 20:59:56,562 [INFO] trainer.MeanFlowDistillAlgorithm: epoch=10 loss=0.019000 time=55.108s peak_mem=1204.4MB
2026-09-24 20:59:56,657 [INFO] trainer.MeanFlowDistillAlgorithm: Checkpoint saved -> results/mf_distill_cifar10/checkpoints/run_4/MeanFlowDistillAlgorithm_epoch10.pt
2026-09-24 20:59:56,782 [INFO] trainer.MeanFlowDistillAlgorithm: Checkpoint archive -> results/mf_distill_cifar10/checkpoints/run_4/archive/MeanFlowDistillAlgorithm_epoch10.zip
2026-09-24 21:00:51,941 [INFO] trainer.MeanFlowDistillAlgorithm: epoch=11 loss=0.017554 time=55.159s peak_mem=1204.4MB
2026-09-24 21:01:47,156 [INFO] trainer.MeanFlowDistillAlgorithm: epoch=12 loss=0.016457 time=55.214s peak_mem=1204.4MB
2026-09-24 21:02:42,563 [INFO] trainer.MeanFlowDistillAlgorithm: epoch=13 loss=0.015297 time=55.406s peak_mem=1204.3MB
2026-09-24 21:03:37,731 [INFO] trainer.MeanFlowDistillAlgorithm: epoch=14 loss=0.014441 time=55.167s peak_mem=1204.4MB
2026-09-24 21:04:32,821 [INFO] trainer.MeanFlowDistillAlgorithm: epoch=15 loss=0.013744 time=55.090s peak_mem=1204.4MB
2026-09-24 21:05:28,006 [INFO] trainer.MeanFlowDistillAlgorithm: epoch=16 loss=0.012881 time=55.184s peak_mem=1204.4MB
2026-09-24 21:06:23,371 [INFO] trainer.MeanFlowDistillAlgorithm: epoch=17 loss=0.012280 time=55.365s peak_mem=1204.4MB
2026-09-24 21:07:18,518 [INFO] trainer.MeanFlowDistillAlgorithm: epoch=18 loss=0.011687 time=55.146s peak_mem=1204.4MB
2026-09-24 21:08:13,691 [INFO] trainer.MeanFlowDistillAlgorithm: epoch=19 loss=0.011118 time=55.173s peak_mem=1204.4MB
2026-09-24 21:09:08,949 [INFO] trainer.MeanFlowDistillAlgorithm: epoch=20 loss=0.010658 time=55.257s peak_mem=1204.4MB
2026-09-24 21:09:09,045 [INFO] trainer.MeanFlowDistillAlgorithm: Checkpoint saved -> results/mf_distill_cifar10/checkpoints/run_4/MeanFlowDistillAlgorithm_epoch20.pt
2026-09-24 21:09:09,170 [INFO] trainer.MeanFlowDistillAlgorithm: Checkpoint archive -> results/mf_distill_cifar10/checkpoints/run_4/archive/MeanFlowDistillAlgorithm_epoch20.zip
2026-09-24 21:10:04,513 [INFO] trainer.MeanFlowDistillAlgorithm: epoch=21 loss=0.010465 time=55.342s peak_mem=1204.4MB
2026-09-24 21:10:59,644 [INFO] trainer.MeanFlowDistillAlgorithm: epoch=22 loss=0.009853 time=55.130s peak_mem=1204.4MB
2026-09-24 21:11:54,833 [INFO] trainer.MeanFlowDistillAlgorithm: epoch=23 loss=0.009414 time=55.188s peak_mem=1204.4MB
2026-09-24 21:12:50,014 [INFO] trainer.MeanFlowDistillAlgorithm: epoch=24 loss=0.009073 time=55.181s peak_mem=1204.4MB
2026-09-24 21:13:45,250 [INFO] trainer.MeanFlowDistillAlgorithm: epoch=25 loss=0.008918 time=55.236s peak_mem=1204.4MB
/home/ndag/Desktop/SSD_137_207_209 Thesis/Difussion-Model/venv/lib/python3.12/site-packages/torchmetrics/utilities/prints.py:43: UserWarning: Metric `InceptionScore` will save all extracted features in buffer. For large datasets this may lead to large memory footprint.
  warnings.warn(*args, **kwargs)
2026-09-24 21:16:18,630 [INFO] trainer.MeanFlowDistillAlgorithm: epoch=26 loss=0.008458 time=55.085s peak_mem=1873.7MB
2026-09-24 21:17:13,892 [INFO] trainer.MeanFlowDistillAlgorithm: epoch=27 loss=0.008304 time=55.262s peak_mem=1873.7MB
2026-09-24 21:18:09,036 [INFO] trainer.MeanFlowDistillAlgorithm: epoch=28 loss=0.007969 time=55.143s peak_mem=1873.7MB
2026-09-24 21:19:04,167 [INFO] trainer.MeanFlowDistillAlgorithm: epoch=29 loss=0.007828 time=55.131s peak_mem=1873.8MB
2026-09-24 21:19:59,428 [INFO] trainer.MeanFlowDistillAlgorithm: epoch=30 loss=0.007551 time=55.261s peak_mem=1873.8MB
2026-09-24 21:19:59,523 [INFO] trainer.MeanFlowDistillAlgorithm: Checkpoint saved -> results/mf_distill_cifar10/checkpoints/run_4/MeanFlowDistillAlgorithm_epoch30.pt
2026-09-24 21:19:59,647 [INFO] trainer.MeanFlowDistillAlgorithm: Checkpoint archive -> results/mf_distill_cifar10/checkpoints/run_4/archive/MeanFlowDistillAlgorithm_epoch30.zip
2026-09-24 21:20:54,868 [INFO] trainer.MeanFlowDistillAlgorithm: epoch=31 loss=0.007399 time=55.220s peak_mem=1873.7MB
2026-09-24 21:21:50,017 [INFO] trainer.MeanFlowDistillAlgorithm: epoch=32 loss=0.007204 time=55.140s peak_mem=1873.8MB
2026-09-24 21:22:45,254 [INFO] trainer.MeanFlowDistillAlgorithm: epoch=33 loss=0.007024 time=55.236s peak_mem=1873.8MB
2026-09-24 21:23:40,592 [INFO] trainer.MeanFlowDistillAlgorithm: epoch=34 loss=0.006785 time=55.338s peak_mem=1873.7MB
2026-09-24 21:24:35,749 [INFO] trainer.MeanFlowDistillAlgorithm: epoch=35 loss=0.006712 time=55.156s peak_mem=1873.8MB
2026-09-24 21:25:30,941 [INFO] trainer.MeanFlowDistillAlgorithm: epoch=36 loss=0.006563 time=55.192s peak_mem=1873.8MB
2026-09-24 21:26:26,180 [INFO] trainer.MeanFlowDistillAlgorithm: epoch=37 loss=0.006393 time=55.238s peak_mem=1873.8MB
2026-09-24 21:27:21,413 [INFO] trainer.MeanFlowDistillAlgorithm: epoch=38 loss=0.006231 time=55.232s peak_mem=1873.8MB
2026-09-24 21:28:16,560 [INFO] trainer.MeanFlowDistillAlgorithm: epoch=39 loss=0.005976 time=55.147s peak_mem=1873.7MB
2026-09-24 21:29:11,800 [INFO] trainer.MeanFlowDistillAlgorithm: epoch=40 loss=0.005943 time=55.240s peak_mem=1873.8MB
2026-09-24 21:29:11,898 [INFO] trainer.MeanFlowDistillAlgorithm: Checkpoint saved -> results/mf_distill_cifar10/checkpoints/run_4/MeanFlowDistillAlgorithm_epoch40.pt
2026-09-24 21:29:12,022 [INFO] trainer.MeanFlowDistillAlgorithm: Checkpoint archive -> results/mf_distill_cifar10/checkpoints/run_4/archive/MeanFlowDistillAlgorithm_epoch40.zip
2026-09-24 21:30:07,261 [INFO] trainer.MeanFlowDistillAlgorithm: epoch=41 loss=0.005804 time=55.238s peak_mem=1873.7MB
2026-09-24 21:31:02,574 [INFO] trainer.MeanFlowDistillAlgorithm: epoch=42 loss=0.005751 time=55.304s peak_mem=1873.7MB
2026-09-24 21:31:57,764 [INFO] trainer.MeanFlowDistillAlgorithm: epoch=43 loss=0.005635 time=55.189s peak_mem=1873.7MB
2026-09-24 21:32:52,989 [INFO] trainer.MeanFlowDistillAlgorithm: epoch=44 loss=0.005528 time=55.224s peak_mem=1873.8MB
2026-09-24 21:33:48,162 [INFO] trainer.MeanFlowDistillAlgorithm: epoch=45 loss=0.005388 time=55.173s peak_mem=1873.8MB
2026-09-24 21:34:43,486 [INFO] trainer.MeanFlowDistillAlgorithm: epoch=46 loss=0.005355 time=55.323s peak_mem=1873.8MB
2026-09-24 21:35:38,595 [INFO] trainer.MeanFlowDistillAlgorithm: epoch=47 loss=0.005201 time=55.109s peak_mem=1873.7MB
2026-09-24 21:36:33,793 [INFO] trainer.MeanFlowDistillAlgorithm: epoch=48 loss=0.005086 time=55.197s peak_mem=1873.8MB
2026-09-24 21:37:28,939 [INFO] trainer.MeanFlowDistillAlgorithm: epoch=49 loss=0.005015 time=55.146s peak_mem=1873.8MB
2026-09-24 21:38:24,158 [INFO] trainer.MeanFlowDistillAlgorithm: epoch=50 loss=0.005018 time=55.218s peak_mem=1873.8MB
2026-09-24 21:38:24,252 [INFO] trainer.MeanFlowDistillAlgorithm: Checkpoint saved -> results/mf_distill_cifar10/checkpoints/run_4/MeanFlowDistillAlgorithm_epoch50.pt
2026-09-24 21:38:24,374 [INFO] trainer.MeanFlowDistillAlgorithm: Checkpoint archive -> results/mf_distill_cifar10/checkpoints/run_4/archive/MeanFlowDistillAlgorithm_epoch50.zip
2026-09-24 21:40:57,507 [INFO] trainer.MeanFlowDistillAlgorithm: epoch=51 loss=0.004969 time=55.064s peak_mem=2651.7MB
2026-09-24 21:41:52,755 [INFO] trainer.MeanFlowDistillAlgorithm: epoch=52 loss=0.004814 time=55.247s peak_mem=2651.7MB
2026-09-24 21:42:48,008 [INFO] trainer.MeanFlowDistillAlgorithm: epoch=53 loss=0.004717 time=55.252s peak_mem=2651.7MB
2026-09-24 21:43:43,222 [INFO] trainer.MeanFlowDistillAlgorithm: epoch=54 loss=0.004662 time=55.213s peak_mem=2651.7MB
2026-09-24 21:44:38,558 [INFO] trainer.MeanFlowDistillAlgorithm: epoch=55 loss=0.004597 time=55.335s peak_mem=2651.7MB
2026-09-24 21:45:33,741 [INFO] trainer.MeanFlowDistillAlgorithm: epoch=56 loss=0.004476 time=55.183s peak_mem=2651.7MB
2026-09-24 21:46:28,946 [INFO] trainer.MeanFlowDistillAlgorithm: epoch=57 loss=0.004444 time=55.196s peak_mem=2651.6MB
2026-09-24 21:47:24,189 [INFO] trainer.MeanFlowDistillAlgorithm: epoch=58 loss=0.004427 time=55.242s peak_mem=2651.7MB
2026-09-24 21:48:19,534 [INFO] trainer.MeanFlowDistillAlgorithm: epoch=59 loss=0.004339 time=55.344s peak_mem=2651.7MB
2026-09-24 21:49:14,750 [INFO] trainer.MeanFlowDistillAlgorithm: epoch=60 loss=0.004284 time=55.215s peak_mem=2651.7MB
2026-09-24 21:49:14,845 [INFO] trainer.MeanFlowDistillAlgorithm: Checkpoint saved -> results/mf_distill_cifar10/checkpoints/run_4/MeanFlowDistillAlgorithm_epoch60.pt
2026-09-24 21:49:14,970 [INFO] trainer.MeanFlowDistillAlgorithm: Checkpoint archive -> results/mf_distill_cifar10/checkpoints/run_4/archive/MeanFlowDistillAlgorithm_epoch60.zip
2026-09-24 21:50:10,255 [INFO] trainer.MeanFlowDistillAlgorithm: epoch=61 loss=0.004309 time=55.285s peak_mem=2651.7MB
2026-09-24 21:51:05,488 [INFO] trainer.MeanFlowDistillAlgorithm: epoch=62 loss=0.004179 time=55.232s peak_mem=2651.7MB
2026-09-24 21:52:00,779 [INFO] trainer.MeanFlowDistillAlgorithm: epoch=63 loss=0.004171 time=55.291s peak_mem=2651.6MB
2026-09-24 21:52:56,021 [INFO] trainer.MeanFlowDistillAlgorithm: epoch=64 loss=0.004067 time=55.241s peak_mem=2651.7MB
2026-09-24 21:53:51,203 [INFO] trainer.MeanFlowDistillAlgorithm: epoch=65 loss=0.004093 time=55.181s peak_mem=2651.7MB
2026-09-24 21:54:46,411 [INFO] trainer.MeanFlowDistillAlgorithm: epoch=66 loss=0.003912 time=55.208s peak_mem=2651.7MB
2026-09-24 21:55:41,737 [INFO] trainer.MeanFlowDistillAlgorithm: epoch=67 loss=0.003983 time=55.325s peak_mem=2651.7MB
2026-09-24 21:56:36,968 [INFO] trainer.MeanFlowDistillAlgorithm: epoch=68 loss=0.003950 time=55.231s peak_mem=2651.7MB
2026-09-24 21:57:32,219 [INFO] trainer.MeanFlowDistillAlgorithm: epoch=69 loss=0.003796 time=55.250s peak_mem=2651.7MB
2026-09-24 21:58:27,460 [INFO] trainer.MeanFlowDistillAlgorithm: epoch=70 loss=0.003923 time=55.241s peak_mem=2651.7MB
2026-09-24 21:58:27,555 [INFO] trainer.MeanFlowDistillAlgorithm: Checkpoint saved -> results/mf_distill_cifar10/checkpoints/run_4/MeanFlowDistillAlgorithm_epoch70.pt
2026-09-24 21:58:27,677 [INFO] trainer.MeanFlowDistillAlgorithm: Checkpoint archive -> results/mf_distill_cifar10/checkpoints/run_4/archive/MeanFlowDistillAlgorithm_epoch70.zip
2026-09-24 21:59:23,006 [INFO] trainer.MeanFlowDistillAlgorithm: epoch=71 loss=0.003754 time=55.329s peak_mem=2651.7MB
2026-09-24 22:00:18,229 [INFO] trainer.MeanFlowDistillAlgorithm: epoch=72 loss=0.003716 time=55.222s peak_mem=2651.7MB
2026-09-24 22:01:13,374 [INFO] trainer.MeanFlowDistillAlgorithm: epoch=73 loss=0.003781 time=55.144s peak_mem=2651.7MB
2026-09-24 22:02:08,734 [INFO] trainer.MeanFlowDistillAlgorithm: epoch=74 loss=0.003659 time=55.360s peak_mem=2651.7MB
2026-09-24 22:03:03,942 [INFO] trainer.MeanFlowDistillAlgorithm: epoch=75 loss=0.003611 time=55.207s peak_mem=2651.7MB
2026-09-24 22:05:36,940 [INFO] trainer.MeanFlowDistillAlgorithm: epoch=76 loss=0.003620 time=55.058s peak_mem=1537.9MB
2026-09-24 22:06:32,171 [INFO] trainer.MeanFlowDistillAlgorithm: epoch=77 loss=0.003631 time=55.231s peak_mem=1537.9MB
2026-09-24 22:07:27,345 [INFO] trainer.MeanFlowDistillAlgorithm: epoch=78 loss=0.003479 time=55.174s peak_mem=1537.9MB
2026-09-24 22:08:22,596 [INFO] trainer.MeanFlowDistillAlgorithm: epoch=79 loss=0.003510 time=55.250s peak_mem=1537.9MB
2026-09-24 22:09:18,104 [INFO] trainer.MeanFlowDistillAlgorithm: epoch=80 loss=0.003508 time=55.508s peak_mem=1538.0MB
2026-09-24 22:09:18,202 [INFO] trainer.MeanFlowDistillAlgorithm: Checkpoint saved -> results/mf_distill_cifar10/checkpoints/run_4/MeanFlowDistillAlgorithm_epoch80.pt
2026-09-24 22:09:18,325 [INFO] trainer.MeanFlowDistillAlgorithm: Checkpoint archive -> results/mf_distill_cifar10/checkpoints/run_4/archive/MeanFlowDistillAlgorithm_epoch80.zip
2026-09-24 22:10:38,109 [INFO] trainer.MeanFlowDistillAlgorithm: epoch=81 loss=0.003408 time=79.783s peak_mem=1537.9MB
2026-09-24 22:11:33,356 [INFO] trainer.MeanFlowDistillAlgorithm: epoch=82 loss=0.003515 time=55.247s peak_mem=1537.9MB
2026-09-24 22:12:28,545 [INFO] trainer.MeanFlowDistillAlgorithm: epoch=83 loss=0.003347 time=55.188s peak_mem=1537.9MB
2026-09-24 22:13:23,874 [INFO] trainer.MeanFlowDistillAlgorithm: epoch=84 loss=0.003296 time=55.328s peak_mem=1537.9MB
2026-09-24 22:14:19,132 [INFO] trainer.MeanFlowDistillAlgorithm: epoch=85 loss=0.003363 time=55.257s peak_mem=1537.9MB
2026-09-24 22:15:14,339 [INFO] trainer.MeanFlowDistillAlgorithm: epoch=86 loss=0.003294 time=55.207s peak_mem=1537.9MB
2026-09-24 22:16:09,511 [INFO] trainer.MeanFlowDistillAlgorithm: epoch=87 loss=0.003278 time=55.171s peak_mem=1537.9MB
2026-09-24 22:17:04,781 [INFO] trainer.MeanFlowDistillAlgorithm: epoch=88 loss=0.003336 time=55.270s peak_mem=1537.9MB
2026-09-24 22:17:59,965 [INFO] trainer.MeanFlowDistillAlgorithm: epoch=89 loss=0.003263 time=55.183s peak_mem=1537.9MB
2026-09-24 22:18:55,156 [INFO] trainer.MeanFlowDistillAlgorithm: epoch=90 loss=0.003201 time=55.190s peak_mem=1537.9MB
2026-09-24 22:18:55,242 [INFO] trainer.MeanFlowDistillAlgorithm: Checkpoint saved -> results/mf_distill_cifar10/checkpoints/run_4/MeanFlowDistillAlgorithm_epoch90.pt
2026-09-24 22:18:55,366 [INFO] trainer.MeanFlowDistillAlgorithm: Checkpoint archive -> results/mf_distill_cifar10/checkpoints/run_4/archive/MeanFlowDistillAlgorithm_epoch90.zip
2026-09-24 22:19:50,666 [INFO] trainer.MeanFlowDistillAlgorithm: epoch=91 loss=0.003121 time=55.300s peak_mem=1537.9MB
2026-09-24 22:20:45,832 [INFO] trainer.MeanFlowDistillAlgorithm: epoch=92 loss=0.003168 time=55.166s peak_mem=1537.9MB
2026-09-24 22:21:41,046 [INFO] trainer.MeanFlowDistillAlgorithm: epoch=93 loss=0.003157 time=55.213s peak_mem=1537.9MB
2026-09-24 22:22:36,185 [INFO] trainer.MeanFlowDistillAlgorithm: epoch=94 loss=0.003146 time=55.138s peak_mem=1537.9MB
2026-09-24 22:23:31,485 [INFO] trainer.MeanFlowDistillAlgorithm: epoch=95 loss=0.003069 time=55.300s peak_mem=1538.0MB
2026-09-24 22:24:26,644 [INFO] trainer.MeanFlowDistillAlgorithm: epoch=96 loss=0.003024 time=55.158s peak_mem=1537.9MB
2026-09-24 22:25:21,860 [INFO] trainer.MeanFlowDistillAlgorithm: epoch=97 loss=0.003015 time=55.216s peak_mem=1537.9MB
2026-09-24 22:26:17,061 [INFO] trainer.MeanFlowDistillAlgorithm: epoch=98 loss=0.002996 time=55.200s peak_mem=1537.9MB
2026-09-24 22:27:12,381 [INFO] trainer.MeanFlowDistillAlgorithm: epoch=99 loss=0.003058 time=55.319s peak_mem=1537.9MB
2026-09-24 22:28:07,601 [INFO] trainer.MeanFlowDistillAlgorithm: epoch=100 loss=0.002958 time=55.220s peak_mem=1537.9MB
2026-09-24 22:28:07,699 [INFO] trainer.MeanFlowDistillAlgorithm: Checkpoint saved -> results/mf_distill_cifar10/checkpoints/run_4/MeanFlowDistillAlgorithm_epoch100.pt
2026-09-24 22:28:07,822 [INFO] trainer.MeanFlowDistillAlgorithm: Checkpoint archive -> results/mf_distill_cifar10/checkpoints/run_4/archive/MeanFlowDistillAlgorithm_epoch100.zip
Training workflow complete.
[run] finished_utc=2026-09-24T16:29:46Z
[run] exit_status=0
