[run] training_type=pixel_diffusion
[run] representation_space=pixel
[run] dataset=cifar10
[run] algorithm=mf_distill
[run] launcher_session_id=d0d97b6c243841f29c3dc899aa7c27f6
[run] hostname=NDAG-M-Lab
[run] os_name=Linux
[run] os_release=7.0.0-34-generic
[run] architecture=x86_64
[run] python_version=3.12.2
[run] torch_version=2.5.1+cu121
[run] cuda_version=12.1
[run] cuda_visible_devices=unavailable
[run] gpu_device_index=0
[run] gpu_uuid=d4eecee8-2e57-baf1-f631-0660b6517f2b
[run] gpu_name=NVIDIA GeForce RTX 3090
[run] gpu_memory_gb=24
[run] gpu_count=1
[run] machine_label=linux-ndag-m-lab-nvidia-geforce-rtx-3090-24gb
[run] git_commit=975f260dccdf3101cc611f2f6b02667814e41291
[run] git_dirty=true
[run] git_diff_sha256=b372778e6a81b75352105f6888bf3c23fd6a88a180760e58b1a3e91a01602d83
[run] code_identity=975f260dccdf3101cc611f2f6b02667814e41291+dirty:b372778e6a81
[run] source_identity_sha256=80bd1b1e43d9c31bf77530f6950ff02cf82d82ca0612b1bcdd01fe2f1973fcec
[run] source_manifest=results/source_manifests/20260925T014604Z_pid385318.json
[run] parent_suite_timestamp=20260925T014604Z
[run] lifecycle_mode=fresh
[run] checkpoint_series=run_6
[run] selected_config_path=config/mf_distill_full.json
[run] selected_config_sha256=898540b07590f06e049a47295f7c2fd2d128d25c97c5270d7dc35d1092fc4c90
[run] log_device_token=nvidia-geforce-rtx-3090-24gb
[run] log_path=training_logs/nvidia-geforce-rtx-3090-24gb/pixel/cifar10/mf_distill/cifar10_pixel_mf_distill_run_6_ndag-m-lab_20260925T014604Z.log
[run] git_log_policy=eligible-not-auto-staged
[run] started_utc=2026-09-25T05:05:28Z
[run] command=/home/ndag/Desktop/SSD_137_207_209 Thesis/Difussion-Model/scripts/linux/train_all.sh --dataset cifar10 --only mf_distill --mode fresh --checkpoint-every 10 --cifar-backbone current --machine-label linux-ndag-m-lab-nvidia-geforce-rtx-3090-24gb
[OK] FM teacher checkpoint: results/fm_cifar10/checkpoints/run_6/FlowMatchingAlgorithm_epoch100.pt
[PLAN] /home/ndag/Desktop/SSD_137_207_209 Thesis/Difussion-Model/venv/bin/python train.py --algorithm mf_distill --config config/mf_distill_full.json --mode fresh --checkpoint-every 10 --machine-label linux-ndag-m-lab-nvidia-geforce-rtx-3090-24gb
[fresh] Previous run preserved at: /home/ndag/Desktop/SSD_137_207_209 Thesis/Difussion-Model/results/history/mf_distill_cifar10_20260925_110530
[checkpoints] Active checkpoint series: run_6
[startup] Resolved experiment configuration (before dataset loading):
[startup] config: /home/ndag/Desktop/SSD_137_207_209 Thesis/Difussion-Model/config/mf_distill_full.json
[startup] algorithm: mf_distill
[startup] experiment: mf_distill
[startup] backbone: simple_unet
[startup] result_dir: /home/ndag/Desktop/SSD_137_207_209 Thesis/Difussion-Model/results/mf_distill_cifar10
[startup] batch_size: 64
[startup] epochs: 100
[startup] seed: 0
[startup] learning_rate: 5e-05
[startup] scheduler: none
[startup] gradient_clip_norm: None
[startup] machine_label: linux-ndag-m-lab-nvidia-geforce-rtx-3090-24gb
[startup] code_identity: 975f260dccdf3101cc611f2f6b02667814e41291+dirty:b372778e6a81
[startup] source_identity_sha256: 80bd1b1e43d9c31bf77530f6950ff02cf82d82ca0612b1bcdd01fe2f1973fcec
[startup] selected_config_file_sha256: 898540b07590f06e049a47295f7c2fd2d128d25c97c5270d7dc35d1092fc4c90
[startup] lifecycle_mode: fresh
[startup] checkpoint_series: run_6
[startup] parent_suite_timestamp: 20260925T014604Z
Files already downloaded and verified
Files already downloaded and verified
2026-09-25 11:06:29,163 [INFO] trainer.MeanFlowDistillAlgorithm: epoch=1 loss=0.154115 time=57.199s peak_mem=1204.4MB
2026-09-25 11:07:25,412 [INFO] trainer.MeanFlowDistillAlgorithm: epoch=2 loss=0.061016 time=56.248s peak_mem=1204.4MB
2026-09-25 11:08:21,545 [INFO] trainer.MeanFlowDistillAlgorithm: epoch=3 loss=0.044462 time=56.132s peak_mem=1204.4MB
2026-09-25 11:09:17,747 [INFO] trainer.MeanFlowDistillAlgorithm: epoch=4 loss=0.036548 time=56.202s peak_mem=1204.4MB
2026-09-25 11:10:14,046 [INFO] trainer.MeanFlowDistillAlgorithm: epoch=5 loss=0.031296 time=56.299s peak_mem=1204.4MB
2026-09-25 11:11:10,235 [INFO] trainer.MeanFlowDistillAlgorithm: epoch=6 loss=0.027559 time=56.188s peak_mem=1204.4MB
2026-09-25 11:12:06,378 [INFO] trainer.MeanFlowDistillAlgorithm: epoch=7 loss=0.024770 time=56.142s peak_mem=1204.4MB
2026-09-25 11:13:02,436 [INFO] trainer.MeanFlowDistillAlgorithm: epoch=8 loss=0.022035 time=56.058s peak_mem=1204.4MB
2026-09-25 11:13:58,597 [INFO] trainer.MeanFlowDistillAlgorithm: epoch=9 loss=0.020307 time=56.160s peak_mem=1204.4MB
2026-09-25 11:14:54,614 [INFO] trainer.MeanFlowDistillAlgorithm: epoch=10 loss=0.019000 time=56.016s peak_mem=1204.4MB
2026-09-25 11:14:54,709 [INFO] trainer.MeanFlowDistillAlgorithm: Checkpoint saved -> results/mf_distill_cifar10/checkpoints/run_6/MeanFlowDistillAlgorithm_epoch10.pt
2026-09-25 11:14:54,832 [INFO] trainer.MeanFlowDistillAlgorithm: Checkpoint archive -> results/mf_distill_cifar10/checkpoints/run_6/archive/MeanFlowDistillAlgorithm_epoch10.zip
2026-09-25 11:15:50,972 [INFO] trainer.MeanFlowDistillAlgorithm: epoch=11 loss=0.017554 time=56.140s peak_mem=1204.4MB
2026-09-25 11:16:47,143 [INFO] trainer.MeanFlowDistillAlgorithm: epoch=12 loss=0.016457 time=56.170s peak_mem=1204.4MB
2026-09-25 11:17:43,207 [INFO] trainer.MeanFlowDistillAlgorithm: epoch=13 loss=0.015297 time=56.063s peak_mem=1204.3MB
2026-09-25 11:18:39,377 [INFO] trainer.MeanFlowDistillAlgorithm: epoch=14 loss=0.014441 time=56.169s peak_mem=1204.4MB
2026-09-25 11:19:35,489 [INFO] trainer.MeanFlowDistillAlgorithm: epoch=15 loss=0.013744 time=56.112s peak_mem=1204.4MB
2026-09-25 11:20:31,671 [INFO] trainer.MeanFlowDistillAlgorithm: epoch=16 loss=0.012881 time=56.181s peak_mem=1204.4MB
2026-09-25 11:21:27,878 [INFO] trainer.MeanFlowDistillAlgorithm: epoch=17 loss=0.012280 time=56.207s peak_mem=1204.4MB
2026-09-25 11:22:24,030 [INFO] trainer.MeanFlowDistillAlgorithm: epoch=18 loss=0.011687 time=56.151s peak_mem=1204.4MB
2026-09-25 11:23:20,161 [INFO] trainer.MeanFlowDistillAlgorithm: epoch=19 loss=0.011118 time=56.131s peak_mem=1204.4MB
2026-09-25 11:24:16,279 [INFO] trainer.MeanFlowDistillAlgorithm: epoch=20 loss=0.010658 time=56.118s peak_mem=1204.4MB
2026-09-25 11:24:16,374 [INFO] trainer.MeanFlowDistillAlgorithm: Checkpoint saved -> results/mf_distill_cifar10/checkpoints/run_6/MeanFlowDistillAlgorithm_epoch20.pt
2026-09-25 11:24:16,496 [INFO] trainer.MeanFlowDistillAlgorithm: Checkpoint archive -> results/mf_distill_cifar10/checkpoints/run_6/archive/MeanFlowDistillAlgorithm_epoch20.zip
2026-09-25 11:25:12,681 [INFO] trainer.MeanFlowDistillAlgorithm: epoch=21 loss=0.010465 time=56.184s peak_mem=1204.4MB
2026-09-25 11:26:08,831 [INFO] trainer.MeanFlowDistillAlgorithm: epoch=22 loss=0.009853 time=56.150s peak_mem=1204.4MB
2026-09-25 11:27:05,027 [INFO] trainer.MeanFlowDistillAlgorithm: epoch=23 loss=0.009414 time=56.195s peak_mem=1204.4MB
2026-09-25 11:28:01,188 [INFO] trainer.MeanFlowDistillAlgorithm: epoch=24 loss=0.009073 time=56.161s peak_mem=1204.4MB
2026-09-25 11:28:57,356 [INFO] trainer.MeanFlowDistillAlgorithm: epoch=25 loss=0.008918 time=56.167s peak_mem=1204.4MB
/home/ndag/Desktop/SSD_137_207_209 Thesis/Difussion-Model/venv/lib/python3.12/site-packages/torchmetrics/utilities/prints.py:43: UserWarning: Metric `InceptionScore` will save all extracted features in buffer. For large datasets this may lead to large memory footprint.
  warnings.warn(*args, **kwargs)
2026-09-25 11:31:32,588 [INFO] trainer.MeanFlowDistillAlgorithm: epoch=26 loss=0.008458 time=56.145s peak_mem=1650.4MB
2026-09-25 11:32:28,747 [INFO] trainer.MeanFlowDistillAlgorithm: epoch=27 loss=0.008304 time=56.158s peak_mem=1650.3MB
2026-09-25 11:33:24,796 [INFO] trainer.MeanFlowDistillAlgorithm: epoch=28 loss=0.007969 time=56.049s peak_mem=1650.4MB
2026-09-25 11:34:20,947 [INFO] trainer.MeanFlowDistillAlgorithm: epoch=29 loss=0.007828 time=56.150s peak_mem=1650.4MB
2026-09-25 11:35:17,057 [INFO] trainer.MeanFlowDistillAlgorithm: epoch=30 loss=0.007551 time=56.109s peak_mem=1650.4MB
2026-09-25 11:35:17,159 [INFO] trainer.MeanFlowDistillAlgorithm: Checkpoint saved -> results/mf_distill_cifar10/checkpoints/run_6/MeanFlowDistillAlgorithm_epoch30.pt
2026-09-25 11:35:17,279 [INFO] trainer.MeanFlowDistillAlgorithm: Checkpoint archive -> results/mf_distill_cifar10/checkpoints/run_6/archive/MeanFlowDistillAlgorithm_epoch30.zip
2026-09-25 11:36:13,536 [INFO] trainer.MeanFlowDistillAlgorithm: epoch=31 loss=0.007399 time=56.257s peak_mem=1650.4MB
2026-09-25 11:37:09,640 [INFO] trainer.MeanFlowDistillAlgorithm: epoch=32 loss=0.007204 time=56.103s peak_mem=1650.4MB
2026-09-25 11:38:05,863 [INFO] trainer.MeanFlowDistillAlgorithm: epoch=33 loss=0.007024 time=56.222s peak_mem=1650.4MB
2026-09-25 11:39:02,099 [INFO] trainer.MeanFlowDistillAlgorithm: epoch=34 loss=0.006785 time=56.236s peak_mem=1650.4MB
2026-09-25 11:39:58,253 [INFO] trainer.MeanFlowDistillAlgorithm: epoch=35 loss=0.006712 time=56.154s peak_mem=1650.4MB
2026-09-25 11:40:54,417 [INFO] trainer.MeanFlowDistillAlgorithm: epoch=36 loss=0.006563 time=56.163s peak_mem=1650.4MB
2026-09-25 11:41:50,790 [INFO] trainer.MeanFlowDistillAlgorithm: epoch=37 loss=0.006393 time=56.373s peak_mem=1650.4MB
2026-09-25 11:42:46,820 [INFO] trainer.MeanFlowDistillAlgorithm: epoch=38 loss=0.006231 time=56.029s peak_mem=1650.4MB
2026-09-25 11:43:42,888 [INFO] trainer.MeanFlowDistillAlgorithm: epoch=39 loss=0.005976 time=56.068s peak_mem=1650.4MB
2026-09-25 11:44:38,924 [INFO] trainer.MeanFlowDistillAlgorithm: epoch=40 loss=0.005943 time=56.035s peak_mem=1650.4MB
2026-09-25 11:44:39,019 [INFO] trainer.MeanFlowDistillAlgorithm: Checkpoint saved -> results/mf_distill_cifar10/checkpoints/run_6/MeanFlowDistillAlgorithm_epoch40.pt
2026-09-25 11:44:39,140 [INFO] trainer.MeanFlowDistillAlgorithm: Checkpoint archive -> results/mf_distill_cifar10/checkpoints/run_6/archive/MeanFlowDistillAlgorithm_epoch40.zip
2026-09-25 11:45:35,104 [INFO] trainer.MeanFlowDistillAlgorithm: epoch=41 loss=0.005804 time=55.963s peak_mem=1650.4MB
2026-09-25 11:46:30,960 [INFO] trainer.MeanFlowDistillAlgorithm: epoch=42 loss=0.005751 time=55.856s peak_mem=1650.4MB
2026-09-25 11:47:26,972 [INFO] trainer.MeanFlowDistillAlgorithm: epoch=43 loss=0.005635 time=56.012s peak_mem=1650.4MB
2026-09-25 11:48:22,993 [INFO] trainer.MeanFlowDistillAlgorithm: epoch=44 loss=0.005528 time=56.019s peak_mem=1650.4MB
2026-09-25 11:49:18,902 [INFO] trainer.MeanFlowDistillAlgorithm: epoch=45 loss=0.005388 time=55.909s peak_mem=1650.4MB
2026-09-25 11:50:14,921 [INFO] trainer.MeanFlowDistillAlgorithm: epoch=46 loss=0.005355 time=56.018s peak_mem=1650.4MB
2026-09-25 11:51:10,781 [INFO] trainer.MeanFlowDistillAlgorithm: epoch=47 loss=0.005201 time=55.860s peak_mem=1650.4MB
2026-09-25 11:52:06,746 [INFO] trainer.MeanFlowDistillAlgorithm: epoch=48 loss=0.005086 time=55.964s peak_mem=1650.4MB
2026-09-25 11:53:02,712 [INFO] trainer.MeanFlowDistillAlgorithm: epoch=49 loss=0.005015 time=55.966s peak_mem=1650.4MB
2026-09-25 11:53:58,621 [INFO] trainer.MeanFlowDistillAlgorithm: epoch=50 loss=0.005018 time=55.908s peak_mem=1650.4MB
2026-09-25 11:53:58,717 [INFO] trainer.MeanFlowDistillAlgorithm: Checkpoint saved -> results/mf_distill_cifar10/checkpoints/run_6/MeanFlowDistillAlgorithm_epoch50.pt
2026-09-25 11:53:58,843 [INFO] trainer.MeanFlowDistillAlgorithm: Checkpoint archive -> results/mf_distill_cifar10/checkpoints/run_6/archive/MeanFlowDistillAlgorithm_epoch50.zip
2026-09-25 11:56:33,978 [INFO] trainer.MeanFlowDistillAlgorithm: epoch=51 loss=0.004969 time=55.907s peak_mem=2433.0MB
2026-09-25 11:57:29,857 [INFO] trainer.MeanFlowDistillAlgorithm: epoch=52 loss=0.004814 time=55.878s peak_mem=2433.0MB
2026-09-25 11:58:25,891 [INFO] trainer.MeanFlowDistillAlgorithm: epoch=53 loss=0.004717 time=56.034s peak_mem=2433.0MB
2026-09-25 11:59:21,827 [INFO] trainer.MeanFlowDistillAlgorithm: epoch=54 loss=0.004662 time=55.935s peak_mem=2432.9MB
2026-09-25 12:00:17,887 [INFO] trainer.MeanFlowDistillAlgorithm: epoch=55 loss=0.004597 time=56.059s peak_mem=2432.9MB
2026-09-25 12:01:14,002 [INFO] trainer.MeanFlowDistillAlgorithm: epoch=56 loss=0.004476 time=56.115s peak_mem=2433.0MB
2026-09-25 12:02:10,069 [INFO] trainer.MeanFlowDistillAlgorithm: epoch=57 loss=0.004444 time=56.066s peak_mem=2432.9MB
2026-09-25 12:03:06,246 [INFO] trainer.MeanFlowDistillAlgorithm: epoch=58 loss=0.004427 time=56.176s peak_mem=2433.0MB
2026-09-25 12:04:02,487 [INFO] trainer.MeanFlowDistillAlgorithm: epoch=59 loss=0.004339 time=56.241s peak_mem=2433.0MB
2026-09-25 12:04:58,652 [INFO] trainer.MeanFlowDistillAlgorithm: epoch=60 loss=0.004284 time=56.165s peak_mem=2432.9MB
2026-09-25 12:04:58,747 [INFO] trainer.MeanFlowDistillAlgorithm: Checkpoint saved -> results/mf_distill_cifar10/checkpoints/run_6/MeanFlowDistillAlgorithm_epoch60.pt
2026-09-25 12:04:58,868 [INFO] trainer.MeanFlowDistillAlgorithm: Checkpoint archive -> results/mf_distill_cifar10/checkpoints/run_6/archive/MeanFlowDistillAlgorithm_epoch60.zip
2026-09-25 12:05:55,008 [INFO] trainer.MeanFlowDistillAlgorithm: epoch=61 loss=0.004309 time=56.140s peak_mem=2433.0MB
2026-09-25 12:06:51,160 [INFO] trainer.MeanFlowDistillAlgorithm: epoch=62 loss=0.004179 time=56.151s peak_mem=2433.0MB
2026-09-25 12:07:47,360 [INFO] trainer.MeanFlowDistillAlgorithm: epoch=63 loss=0.004171 time=56.200s peak_mem=2432.9MB
2026-09-25 12:08:43,521 [INFO] trainer.MeanFlowDistillAlgorithm: epoch=64 loss=0.004067 time=56.160s peak_mem=2433.0MB
2026-09-25 12:09:39,711 [INFO] trainer.MeanFlowDistillAlgorithm: epoch=65 loss=0.004093 time=56.181s peak_mem=2433.0MB
2026-09-25 12:10:35,910 [INFO] trainer.MeanFlowDistillAlgorithm: epoch=66 loss=0.003912 time=56.199s peak_mem=2433.0MB
2026-09-25 12:11:32,134 [INFO] trainer.MeanFlowDistillAlgorithm: epoch=67 loss=0.003983 time=56.224s peak_mem=2433.0MB
2026-09-25 12:12:28,349 [INFO] trainer.MeanFlowDistillAlgorithm: epoch=68 loss=0.003950 time=56.214s peak_mem=2433.0MB
2026-09-25 12:13:24,606 [INFO] trainer.MeanFlowDistillAlgorithm: epoch=69 loss=0.003796 time=56.256s peak_mem=2433.0MB
2026-09-25 12:14:20,843 [INFO] trainer.MeanFlowDistillAlgorithm: epoch=70 loss=0.003923 time=56.236s peak_mem=2433.0MB
2026-09-25 12:14:20,937 [INFO] trainer.MeanFlowDistillAlgorithm: Checkpoint saved -> results/mf_distill_cifar10/checkpoints/run_6/MeanFlowDistillAlgorithm_epoch70.pt
2026-09-25 12:14:21,055 [INFO] trainer.MeanFlowDistillAlgorithm: Checkpoint archive -> results/mf_distill_cifar10/checkpoints/run_6/archive/MeanFlowDistillAlgorithm_epoch70.zip
2026-09-25 12:15:17,235 [INFO] trainer.MeanFlowDistillAlgorithm: epoch=71 loss=0.003754 time=56.179s peak_mem=2433.0MB
2026-09-25 12:16:13,457 [INFO] trainer.MeanFlowDistillAlgorithm: epoch=72 loss=0.003716 time=56.221s peak_mem=2433.0MB
2026-09-25 12:17:09,572 [INFO] trainer.MeanFlowDistillAlgorithm: epoch=73 loss=0.003781 time=56.115s peak_mem=2433.0MB
2026-09-25 12:18:05,794 [INFO] trainer.MeanFlowDistillAlgorithm: epoch=74 loss=0.003659 time=56.222s peak_mem=2432.9MB
2026-09-25 12:19:01,969 [INFO] trainer.MeanFlowDistillAlgorithm: epoch=75 loss=0.003611 time=56.174s peak_mem=2433.0MB
2026-09-25 12:21:37,788 [INFO] trainer.MeanFlowDistillAlgorithm: epoch=76 loss=0.003620 time=56.325s peak_mem=3101.7MB
2026-09-25 12:22:34,199 [INFO] trainer.MeanFlowDistillAlgorithm: epoch=77 loss=0.003631 time=56.410s peak_mem=3101.7MB
2026-09-25 12:23:30,737 [INFO] trainer.MeanFlowDistillAlgorithm: epoch=78 loss=0.003479 time=56.538s peak_mem=3101.6MB
2026-09-25 12:24:27,251 [INFO] trainer.MeanFlowDistillAlgorithm: epoch=79 loss=0.003510 time=56.513s peak_mem=1204.4MB
2026-09-25 12:25:23,788 [INFO] trainer.MeanFlowDistillAlgorithm: epoch=80 loss=0.003508 time=56.537s peak_mem=1204.4MB
2026-09-25 12:25:23,883 [INFO] trainer.MeanFlowDistillAlgorithm: Checkpoint saved -> results/mf_distill_cifar10/checkpoints/run_6/MeanFlowDistillAlgorithm_epoch80.pt
2026-09-25 12:25:24,014 [INFO] trainer.MeanFlowDistillAlgorithm: Checkpoint archive -> results/mf_distill_cifar10/checkpoints/run_6/archive/MeanFlowDistillAlgorithm_epoch80.zip
2026-09-25 12:26:20,512 [INFO] trainer.MeanFlowDistillAlgorithm: epoch=81 loss=0.003408 time=56.497s peak_mem=1204.4MB
2026-09-25 12:27:17,032 [INFO] trainer.MeanFlowDistillAlgorithm: epoch=82 loss=0.003515 time=56.519s peak_mem=1204.4MB
2026-09-25 12:28:13,481 [INFO] trainer.MeanFlowDistillAlgorithm: epoch=83 loss=0.003347 time=56.448s peak_mem=1204.4MB
2026-09-25 12:29:09,922 [INFO] trainer.MeanFlowDistillAlgorithm: epoch=84 loss=0.003296 time=56.441s peak_mem=1204.4MB
2026-09-25 12:30:06,420 [INFO] trainer.MeanFlowDistillAlgorithm: epoch=85 loss=0.003363 time=56.497s peak_mem=1204.4MB
2026-09-25 12:31:02,878 [INFO] trainer.MeanFlowDistillAlgorithm: epoch=86 loss=0.003294 time=56.458s peak_mem=1204.4MB
2026-09-25 12:31:59,305 [INFO] trainer.MeanFlowDistillAlgorithm: epoch=87 loss=0.003278 time=56.427s peak_mem=1204.4MB
2026-09-25 12:32:55,761 [INFO] trainer.MeanFlowDistillAlgorithm: epoch=88 loss=0.003336 time=56.455s peak_mem=1204.3MB
2026-09-25 12:33:51,931 [INFO] trainer.MeanFlowDistillAlgorithm: epoch=89 loss=0.003263 time=56.170s peak_mem=1204.4MB
2026-09-25 12:34:48,089 [INFO] trainer.MeanFlowDistillAlgorithm: epoch=90 loss=0.003201 time=56.157s peak_mem=1204.4MB
2026-09-25 12:34:48,185 [INFO] trainer.MeanFlowDistillAlgorithm: Checkpoint saved -> results/mf_distill_cifar10/checkpoints/run_6/MeanFlowDistillAlgorithm_epoch90.pt
2026-09-25 12:34:48,310 [INFO] trainer.MeanFlowDistillAlgorithm: Checkpoint archive -> results/mf_distill_cifar10/checkpoints/run_6/archive/MeanFlowDistillAlgorithm_epoch90.zip
2026-09-25 12:35:44,443 [INFO] trainer.MeanFlowDistillAlgorithm: epoch=91 loss=0.003121 time=56.133s peak_mem=1204.4MB
2026-09-25 12:36:40,590 [INFO] trainer.MeanFlowDistillAlgorithm: epoch=92 loss=0.003168 time=56.147s peak_mem=1204.4MB
2026-09-25 12:37:36,695 [INFO] trainer.MeanFlowDistillAlgorithm: epoch=93 loss=0.003157 time=56.104s peak_mem=1204.4MB
2026-09-25 12:38:32,796 [INFO] trainer.MeanFlowDistillAlgorithm: epoch=94 loss=0.003146 time=56.100s peak_mem=1204.4MB
2026-09-25 12:39:28,910 [INFO] trainer.MeanFlowDistillAlgorithm: epoch=95 loss=0.003069 time=56.114s peak_mem=1204.4MB
2026-09-25 12:40:25,032 [INFO] trainer.MeanFlowDistillAlgorithm: epoch=96 loss=0.003024 time=56.121s peak_mem=1204.4MB
2026-09-25 12:41:21,201 [INFO] trainer.MeanFlowDistillAlgorithm: epoch=97 loss=0.003015 time=56.168s peak_mem=1204.4MB
2026-09-25 12:42:17,380 [INFO] trainer.MeanFlowDistillAlgorithm: epoch=98 loss=0.002996 time=56.179s peak_mem=1204.4MB
2026-09-25 12:43:13,356 [INFO] trainer.MeanFlowDistillAlgorithm: epoch=99 loss=0.003058 time=55.975s peak_mem=1204.4MB
2026-09-25 12:44:09,280 [INFO] trainer.MeanFlowDistillAlgorithm: epoch=100 loss=0.002958 time=55.923s peak_mem=1204.4MB
2026-09-25 12:44:09,375 [INFO] trainer.MeanFlowDistillAlgorithm: Checkpoint saved -> results/mf_distill_cifar10/checkpoints/run_6/MeanFlowDistillAlgorithm_epoch100.pt
2026-09-25 12:44:09,498 [INFO] trainer.MeanFlowDistillAlgorithm: Checkpoint archive -> results/mf_distill_cifar10/checkpoints/run_6/archive/MeanFlowDistillAlgorithm_epoch100.zip
Training workflow complete.
[run] finished_utc=2026-09-25T06:45:49Z
[run] exit_status=0
