[run] training_type=pixel_diffusion
[run] representation_space=pixel
[run] dataset=cifar10
[run] algorithm=fm
[run] launcher_session_id=5d22333be8b542d286ca2f53923be191
[run] hostname=NDAG-M-Lab
[run] os_name=Linux
[run] os_release=7.0.0-31-generic
[run] architecture=x86_64
[run] python_version=3.12.2
[run] torch_version=2.5.1+cu121
[run] cuda_version=12.1
[run] cuda_visible_devices=unavailable
[run] gpu_device_index=0
[run] gpu_uuid=d4eecee8-2e57-baf1-f631-0660b6517f2b
[run] gpu_name=NVIDIA GeForce RTX 3090
[run] gpu_memory_gb=24
[run] gpu_count=1
[run] machine_label=linux-ndag-m-lab-nvidia-geforce-rtx-3090-24gb
[run] git_commit=71b46966a37f9621455371b7543813c00dd2e82b
[run] git_dirty=true
[run] git_diff_sha256=85d387984f143cbe1833b950273f5746147324a689c1cc2f19e805d423fd0ef2
[run] code_identity=71b46966a37f9621455371b7543813c00dd2e82b+dirty:85d387984f14
[run] source_identity_sha256=80bd1b1e43d9c31bf77530f6950ff02cf82d82ca0612b1bcdd01fe2f1973fcec
[run] source_manifest=results/source_manifests/20260924T060656Z_pid493152.json
[run] parent_suite_timestamp=20260924T060656Z
[run] lifecycle_mode=fresh
[run] checkpoint_series=run_2
[run] selected_config_path=config/fm_full.json
[run] selected_config_sha256=de3fd6c0d5ab8181eb230db746695af2f6924c1fe44c6cfaaca93eb3039840b2
[run] log_device_token=nvidia-geforce-rtx-3090-24gb
[run] log_path=training_logs/nvidia-geforce-rtx-3090-24gb/pixel/cifar10/fm/cifar10_pixel_fm_run_2_ndag-m-lab_20260924T060656Z.log
[run] git_log_policy=eligible-not-auto-staged
[run] started_utc=2026-09-24T06:06:58Z
[run] command=/home/ndag/Desktop/SSD_137_207_209 Thesis/Difussion-Model/scripts/linux/train_all.sh --dataset cifar10 --only fm --mode fresh --checkpoint-every 10 --cifar-backbone current --machine-label linux-ndag-m-lab-nvidia-geforce-rtx-3090-24gb
[PLAN] /home/ndag/Desktop/SSD_137_207_209 Thesis/Difussion-Model/venv/bin/python train.py --algorithm fm --config config/fm_full.json --mode fresh --checkpoint-every 10 --machine-label linux-ndag-m-lab-nvidia-geforce-rtx-3090-24gb
[fresh] Previous run preserved at: /home/ndag/Desktop/SSD_137_207_209 Thesis/Difussion-Model/results/history/fm_cifar10_20260924_120700
[checkpoints] Active checkpoint series: run_2
[startup] Resolved experiment configuration (before dataset loading):
[startup] config: /home/ndag/Desktop/SSD_137_207_209 Thesis/Difussion-Model/config/fm_full.json
[startup] algorithm: fm
[startup] experiment: fm
[startup] backbone: simple_unet
[startup] result_dir: /home/ndag/Desktop/SSD_137_207_209 Thesis/Difussion-Model/results/fm_cifar10
[startup] batch_size: 128
[startup] epochs: 100
[startup] seed: 0
[startup] learning_rate: 0.0002
[startup] scheduler: none
[startup] gradient_clip_norm: None
[startup] machine_label: linux-ndag-m-lab-nvidia-geforce-rtx-3090-24gb
[startup] code_identity: 71b46966a37f9621455371b7543813c00dd2e82b+dirty:85d387984f14
[startup] source_identity_sha256: 80bd1b1e43d9c31bf77530f6950ff02cf82d82ca0612b1bcdd01fe2f1973fcec
[startup] selected_config_file_sha256: de3fd6c0d5ab8181eb230db746695af2f6924c1fe44c6cfaaca93eb3039840b2
[startup] lifecycle_mode: fresh
[startup] checkpoint_series: run_2
[startup] parent_suite_timestamp: 20260924T060656Z
Files already downloaded and verified
Files already downloaded and verified
2026-09-24 12:07:24,915 [INFO] trainer.FlowMatchingAlgorithm: epoch=1 loss=0.316182 time=22.410s peak_mem=2249.1MB
2026-09-24 12:07:47,368 [INFO] trainer.FlowMatchingAlgorithm: epoch=2 loss=0.233155 time=22.452s peak_mem=2250.9MB
2026-09-24 12:08:09,903 [INFO] trainer.FlowMatchingAlgorithm: epoch=3 loss=0.217961 time=22.535s peak_mem=2250.9MB
2026-09-24 12:08:32,362 [INFO] trainer.FlowMatchingAlgorithm: epoch=4 loss=0.210666 time=22.458s peak_mem=2250.9MB
2026-09-24 12:08:54,629 [INFO] trainer.FlowMatchingAlgorithm: epoch=5 loss=0.205729 time=22.266s peak_mem=2250.9MB
2026-09-24 12:09:16,962 [INFO] trainer.FlowMatchingAlgorithm: epoch=6 loss=0.202924 time=22.333s peak_mem=2250.9MB
2026-09-24 12:09:39,379 [INFO] trainer.FlowMatchingAlgorithm: epoch=7 loss=0.199059 time=22.416s peak_mem=2250.9MB
2026-09-24 12:10:02,081 [INFO] trainer.FlowMatchingAlgorithm: epoch=8 loss=0.197043 time=22.702s peak_mem=2250.9MB
2026-09-24 12:10:24,828 [INFO] trainer.FlowMatchingAlgorithm: epoch=9 loss=0.197429 time=22.746s peak_mem=2250.9MB
2026-09-24 12:10:47,554 [INFO] trainer.FlowMatchingAlgorithm: epoch=10 loss=0.195272 time=22.726s peak_mem=2250.9MB
2026-09-24 12:10:47,653 [INFO] trainer.FlowMatchingAlgorithm: Checkpoint saved -> results/fm_cifar10/checkpoints/run_2/FlowMatchingAlgorithm_epoch10.pt
2026-09-24 12:10:47,776 [INFO] trainer.FlowMatchingAlgorithm: Checkpoint archive -> results/fm_cifar10/checkpoints/run_2/archive/FlowMatchingAlgorithm_epoch10.zip
2026-09-24 12:11:10,534 [INFO] trainer.FlowMatchingAlgorithm: epoch=11 loss=0.194098 time=22.758s peak_mem=2250.9MB
2026-09-24 12:11:33,286 [INFO] trainer.FlowMatchingAlgorithm: epoch=12 loss=0.192754 time=22.751s peak_mem=2250.9MB
2026-09-24 12:11:56,088 [INFO] trainer.FlowMatchingAlgorithm: epoch=13 loss=0.191626 time=22.802s peak_mem=2250.9MB
2026-09-24 12:12:18,815 [INFO] trainer.FlowMatchingAlgorithm: epoch=14 loss=0.191487 time=22.726s peak_mem=2250.9MB
2026-09-24 12:12:41,541 [INFO] trainer.FlowMatchingAlgorithm: epoch=15 loss=0.189912 time=22.726s peak_mem=2250.9MB
2026-09-24 12:13:04,315 [INFO] trainer.FlowMatchingAlgorithm: epoch=16 loss=0.189517 time=22.774s peak_mem=2250.9MB
2026-09-24 12:13:27,085 [INFO] trainer.FlowMatchingAlgorithm: epoch=17 loss=0.190112 time=22.769s peak_mem=2250.9MB
2026-09-24 12:13:49,810 [INFO] trainer.FlowMatchingAlgorithm: epoch=18 loss=0.189195 time=22.724s peak_mem=2250.9MB
2026-09-24 12:14:12,547 [INFO] trainer.FlowMatchingAlgorithm: epoch=19 loss=0.189487 time=22.736s peak_mem=2250.9MB
2026-09-24 12:14:35,328 [INFO] trainer.FlowMatchingAlgorithm: epoch=20 loss=0.188935 time=22.780s peak_mem=2250.9MB
2026-09-24 12:14:35,422 [INFO] trainer.FlowMatchingAlgorithm: Checkpoint saved -> results/fm_cifar10/checkpoints/run_2/FlowMatchingAlgorithm_epoch20.pt
2026-09-24 12:14:35,549 [INFO] trainer.FlowMatchingAlgorithm: Checkpoint archive -> results/fm_cifar10/checkpoints/run_2/archive/FlowMatchingAlgorithm_epoch20.zip
2026-09-24 12:14:58,186 [INFO] trainer.FlowMatchingAlgorithm: epoch=21 loss=0.189023 time=22.637s peak_mem=2250.9MB
2026-09-24 12:15:20,671 [INFO] trainer.FlowMatchingAlgorithm: epoch=22 loss=0.187462 time=22.484s peak_mem=2250.9MB
2026-09-24 12:15:42,899 [INFO] trainer.FlowMatchingAlgorithm: epoch=23 loss=0.187262 time=22.228s peak_mem=2250.9MB
2026-09-24 12:16:05,127 [INFO] trainer.FlowMatchingAlgorithm: epoch=24 loss=0.187902 time=22.227s peak_mem=2250.9MB
2026-09-24 12:16:27,457 [INFO] trainer.FlowMatchingAlgorithm: epoch=25 loss=0.187682 time=22.329s peak_mem=2250.9MB
/home/ndag/Desktop/SSD_137_207_209 Thesis/Difussion-Model/venv/lib/python3.12/site-packages/torchmetrics/utilities/prints.py:43: UserWarning: Metric `InceptionScore` will save all extracted features in buffer. For large datasets this may lead to large memory footprint.
  warnings.warn(*args, **kwargs)
2026-09-24 12:21:25,943 [INFO] trainer.FlowMatchingAlgorithm: epoch=26 loss=0.186464 time=22.259s peak_mem=2693.2MB
2026-09-24 12:21:48,211 [INFO] trainer.FlowMatchingAlgorithm: epoch=27 loss=0.185833 time=22.268s peak_mem=2693.2MB
2026-09-24 12:22:10,476 [INFO] trainer.FlowMatchingAlgorithm: epoch=28 loss=0.186228 time=22.265s peak_mem=2693.2MB
2026-09-24 12:22:32,718 [INFO] trainer.FlowMatchingAlgorithm: epoch=29 loss=0.185005 time=22.242s peak_mem=2693.2MB
2026-09-24 12:22:54,974 [INFO] trainer.FlowMatchingAlgorithm: epoch=30 loss=0.185867 time=22.255s peak_mem=2693.2MB
2026-09-24 12:22:55,064 [INFO] trainer.FlowMatchingAlgorithm: Checkpoint saved -> results/fm_cifar10/checkpoints/run_2/FlowMatchingAlgorithm_epoch30.pt
2026-09-24 12:22:55,186 [INFO] trainer.FlowMatchingAlgorithm: Checkpoint archive -> results/fm_cifar10/checkpoints/run_2/archive/FlowMatchingAlgorithm_epoch30.zip
2026-09-24 12:23:17,465 [INFO] trainer.FlowMatchingAlgorithm: epoch=31 loss=0.185982 time=22.278s peak_mem=2693.2MB
2026-09-24 12:23:39,723 [INFO] trainer.FlowMatchingAlgorithm: epoch=32 loss=0.185305 time=22.258s peak_mem=2693.2MB
2026-09-24 12:24:02,007 [INFO] trainer.FlowMatchingAlgorithm: epoch=33 loss=0.185221 time=22.284s peak_mem=2693.2MB
2026-09-24 12:24:24,269 [INFO] trainer.FlowMatchingAlgorithm: epoch=34 loss=0.184240 time=22.261s peak_mem=2693.2MB
2026-09-24 12:24:46,549 [INFO] trainer.FlowMatchingAlgorithm: epoch=35 loss=0.184633 time=22.279s peak_mem=2693.2MB
2026-09-24 12:25:08,818 [INFO] trainer.FlowMatchingAlgorithm: epoch=36 loss=0.185053 time=22.269s peak_mem=2693.2MB
2026-09-24 12:25:31,079 [INFO] trainer.FlowMatchingAlgorithm: epoch=37 loss=0.184690 time=22.261s peak_mem=2693.2MB
2026-09-24 12:25:53,354 [INFO] trainer.FlowMatchingAlgorithm: epoch=38 loss=0.184486 time=22.274s peak_mem=2693.2MB
2026-09-24 12:26:15,607 [INFO] trainer.FlowMatchingAlgorithm: epoch=39 loss=0.184186 time=22.252s peak_mem=2693.2MB
2026-09-24 12:26:37,866 [INFO] trainer.FlowMatchingAlgorithm: epoch=40 loss=0.184439 time=22.258s peak_mem=2693.2MB
2026-09-24 12:26:37,960 [INFO] trainer.FlowMatchingAlgorithm: Checkpoint saved -> results/fm_cifar10/checkpoints/run_2/FlowMatchingAlgorithm_epoch40.pt
2026-09-24 12:26:38,080 [INFO] trainer.FlowMatchingAlgorithm: Checkpoint archive -> results/fm_cifar10/checkpoints/run_2/archive/FlowMatchingAlgorithm_epoch40.zip
2026-09-24 12:27:00,342 [INFO] trainer.FlowMatchingAlgorithm: epoch=41 loss=0.184012 time=22.262s peak_mem=2693.2MB
2026-09-24 12:27:22,598 [INFO] trainer.FlowMatchingAlgorithm: epoch=42 loss=0.182722 time=22.255s peak_mem=2693.2MB
2026-09-24 12:27:44,882 [INFO] trainer.FlowMatchingAlgorithm: epoch=43 loss=0.184087 time=22.284s peak_mem=2693.2MB
2026-09-24 12:28:07,141 [INFO] trainer.FlowMatchingAlgorithm: epoch=44 loss=0.183023 time=22.259s peak_mem=2693.2MB
2026-09-24 12:28:29,413 [INFO] trainer.FlowMatchingAlgorithm: epoch=45 loss=0.182038 time=22.272s peak_mem=2693.2MB
2026-09-24 12:28:51,685 [INFO] trainer.FlowMatchingAlgorithm: epoch=46 loss=0.182990 time=22.271s peak_mem=2693.2MB
2026-09-24 12:29:13,938 [INFO] trainer.FlowMatchingAlgorithm: epoch=47 loss=0.183325 time=22.253s peak_mem=2693.2MB
2026-09-24 12:29:36,220 [INFO] trainer.FlowMatchingAlgorithm: epoch=48 loss=0.183578 time=22.281s peak_mem=2693.2MB
2026-09-24 12:29:58,483 [INFO] trainer.FlowMatchingAlgorithm: epoch=49 loss=0.182255 time=22.263s peak_mem=2693.2MB
2026-09-24 12:30:20,756 [INFO] trainer.FlowMatchingAlgorithm: epoch=50 loss=0.182449 time=22.272s peak_mem=2693.2MB
2026-09-24 12:30:20,850 [INFO] trainer.FlowMatchingAlgorithm: Checkpoint saved -> results/fm_cifar10/checkpoints/run_2/FlowMatchingAlgorithm_epoch50.pt
2026-09-24 12:30:20,972 [INFO] trainer.FlowMatchingAlgorithm: Checkpoint archive -> results/fm_cifar10/checkpoints/run_2/archive/FlowMatchingAlgorithm_epoch50.zip
2026-09-24 12:35:23,354 [INFO] trainer.FlowMatchingAlgorithm: epoch=51 loss=0.182782 time=23.011s peak_mem=3472.1MB
2026-09-24 12:35:46,356 [INFO] trainer.FlowMatchingAlgorithm: epoch=52 loss=0.182906 time=23.002s peak_mem=3472.1MB
2026-09-24 12:36:09,358 [INFO] trainer.FlowMatchingAlgorithm: epoch=53 loss=0.181869 time=23.001s peak_mem=3472.1MB
2026-09-24 12:36:32,355 [INFO] trainer.FlowMatchingAlgorithm: epoch=54 loss=0.182320 time=22.997s peak_mem=3472.1MB
2026-09-24 12:36:55,357 [INFO] trainer.FlowMatchingAlgorithm: epoch=55 loss=0.182903 time=23.001s peak_mem=3472.1MB
2026-09-24 12:37:18,318 [INFO] trainer.FlowMatchingAlgorithm: epoch=56 loss=0.181695 time=22.961s peak_mem=3472.1MB
2026-09-24 12:37:41,283 [INFO] trainer.FlowMatchingAlgorithm: epoch=57 loss=0.181502 time=22.964s peak_mem=3472.1MB
2026-09-24 12:38:04,289 [INFO] trainer.FlowMatchingAlgorithm: epoch=58 loss=0.181396 time=23.006s peak_mem=3472.1MB
2026-09-24 12:38:27,255 [INFO] trainer.FlowMatchingAlgorithm: epoch=59 loss=0.182355 time=22.965s peak_mem=3472.1MB
2026-09-24 12:38:50,240 [INFO] trainer.FlowMatchingAlgorithm: epoch=60 loss=0.182022 time=22.984s peak_mem=3472.1MB
2026-09-24 12:38:50,333 [INFO] trainer.FlowMatchingAlgorithm: Checkpoint saved -> results/fm_cifar10/checkpoints/run_2/FlowMatchingAlgorithm_epoch60.pt
2026-09-24 12:38:50,458 [INFO] trainer.FlowMatchingAlgorithm: Checkpoint archive -> results/fm_cifar10/checkpoints/run_2/archive/FlowMatchingAlgorithm_epoch60.zip
2026-09-24 12:39:13,465 [INFO] trainer.FlowMatchingAlgorithm: epoch=61 loss=0.182107 time=23.007s peak_mem=3472.1MB
2026-09-24 12:39:36,459 [INFO] trainer.FlowMatchingAlgorithm: epoch=62 loss=0.180896 time=22.993s peak_mem=3472.1MB
2026-09-24 12:39:59,456 [INFO] trainer.FlowMatchingAlgorithm: epoch=63 loss=0.181118 time=22.997s peak_mem=3472.1MB
2026-09-24 12:40:22,436 [INFO] trainer.FlowMatchingAlgorithm: epoch=64 loss=0.181942 time=22.980s peak_mem=3472.1MB
2026-09-24 12:40:45,428 [INFO] trainer.FlowMatchingAlgorithm: epoch=65 loss=0.180507 time=22.991s peak_mem=3472.1MB
2026-09-24 12:41:08,435 [INFO] trainer.FlowMatchingAlgorithm: epoch=66 loss=0.180755 time=23.006s peak_mem=3472.1MB
2026-09-24 12:41:31,418 [INFO] trainer.FlowMatchingAlgorithm: epoch=67 loss=0.181260 time=22.983s peak_mem=3472.1MB
2026-09-24 12:41:54,390 [INFO] trainer.FlowMatchingAlgorithm: epoch=68 loss=0.181263 time=22.972s peak_mem=3472.1MB
2026-09-24 12:42:17,391 [INFO] trainer.FlowMatchingAlgorithm: epoch=69 loss=0.180124 time=23.000s peak_mem=3472.1MB
2026-09-24 12:42:40,369 [INFO] trainer.FlowMatchingAlgorithm: epoch=70 loss=0.181091 time=22.978s peak_mem=3472.1MB
2026-09-24 12:42:40,463 [INFO] trainer.FlowMatchingAlgorithm: Checkpoint saved -> results/fm_cifar10/checkpoints/run_2/FlowMatchingAlgorithm_epoch70.pt
2026-09-24 12:42:40,585 [INFO] trainer.FlowMatchingAlgorithm: Checkpoint archive -> results/fm_cifar10/checkpoints/run_2/archive/FlowMatchingAlgorithm_epoch70.zip
2026-09-24 12:43:03,620 [INFO] trainer.FlowMatchingAlgorithm: epoch=71 loss=0.180103 time=23.034s peak_mem=3472.1MB
2026-09-24 12:43:26,610 [INFO] trainer.FlowMatchingAlgorithm: epoch=72 loss=0.181320 time=22.990s peak_mem=3472.1MB
2026-09-24 12:43:49,614 [INFO] trainer.FlowMatchingAlgorithm: epoch=73 loss=0.180925 time=23.003s peak_mem=3472.1MB
2026-09-24 12:44:12,616 [INFO] trainer.FlowMatchingAlgorithm: epoch=74 loss=0.180081 time=23.002s peak_mem=3472.1MB
2026-09-24 12:44:35,620 [INFO] trainer.FlowMatchingAlgorithm: epoch=75 loss=0.180227 time=23.003s peak_mem=3472.1MB
2026-09-24 12:49:43,704 [INFO] trainer.FlowMatchingAlgorithm: epoch=76 loss=0.178990 time=23.162s peak_mem=2582.4MB
2026-09-24 12:50:06,876 [INFO] trainer.FlowMatchingAlgorithm: epoch=77 loss=0.180053 time=23.171s peak_mem=2582.4MB
2026-09-24 12:50:30,123 [INFO] trainer.FlowMatchingAlgorithm: epoch=78 loss=0.180799 time=23.246s peak_mem=2582.4MB
2026-09-24 12:50:53,111 [INFO] trainer.FlowMatchingAlgorithm: epoch=79 loss=0.179668 time=22.988s peak_mem=2582.4MB
2026-09-24 12:51:16,145 [INFO] trainer.FlowMatchingAlgorithm: epoch=80 loss=0.180190 time=23.033s peak_mem=2582.4MB
2026-09-24 12:51:16,239 [INFO] trainer.FlowMatchingAlgorithm: Checkpoint saved -> results/fm_cifar10/checkpoints/run_2/FlowMatchingAlgorithm_epoch80.pt
2026-09-24 12:51:16,364 [INFO] trainer.FlowMatchingAlgorithm: Checkpoint archive -> results/fm_cifar10/checkpoints/run_2/archive/FlowMatchingAlgorithm_epoch80.zip
2026-09-24 12:51:39,343 [INFO] trainer.FlowMatchingAlgorithm: epoch=81 loss=0.179539 time=22.979s peak_mem=2582.4MB
2026-09-24 12:52:02,315 [INFO] trainer.FlowMatchingAlgorithm: epoch=82 loss=0.180708 time=22.972s peak_mem=2582.4MB
2026-09-24 12:52:25,327 [INFO] trainer.FlowMatchingAlgorithm: epoch=83 loss=0.179530 time=23.011s peak_mem=2582.4MB
2026-09-24 12:52:48,295 [INFO] trainer.FlowMatchingAlgorithm: epoch=84 loss=0.179787 time=22.967s peak_mem=2582.4MB
2026-09-24 12:53:11,274 [INFO] trainer.FlowMatchingAlgorithm: epoch=85 loss=0.180601 time=22.979s peak_mem=2582.4MB
2026-09-24 12:53:34,261 [INFO] trainer.FlowMatchingAlgorithm: epoch=86 loss=0.180186 time=22.986s peak_mem=2582.4MB
2026-09-24 12:53:57,252 [INFO] trainer.FlowMatchingAlgorithm: epoch=87 loss=0.180339 time=22.990s peak_mem=2582.4MB
2026-09-24 12:54:20,231 [INFO] trainer.FlowMatchingAlgorithm: epoch=88 loss=0.179641 time=22.979s peak_mem=2582.4MB
2026-09-24 12:54:43,190 [INFO] trainer.FlowMatchingAlgorithm: epoch=89 loss=0.179833 time=22.958s peak_mem=2582.4MB
2026-09-24 12:55:06,172 [INFO] trainer.FlowMatchingAlgorithm: epoch=90 loss=0.179822 time=22.981s peak_mem=2582.4MB
2026-09-24 12:55:06,266 [INFO] trainer.FlowMatchingAlgorithm: Checkpoint saved -> results/fm_cifar10/checkpoints/run_2/FlowMatchingAlgorithm_epoch90.pt
2026-09-24 12:55:06,387 [INFO] trainer.FlowMatchingAlgorithm: Checkpoint archive -> results/fm_cifar10/checkpoints/run_2/archive/FlowMatchingAlgorithm_epoch90.zip
2026-09-24 12:55:29,357 [INFO] trainer.FlowMatchingAlgorithm: epoch=91 loss=0.179621 time=22.969s peak_mem=2582.4MB
2026-09-24 12:55:52,338 [INFO] trainer.FlowMatchingAlgorithm: epoch=92 loss=0.179178 time=22.980s peak_mem=2582.4MB
2026-09-24 12:56:15,387 [INFO] trainer.FlowMatchingAlgorithm: epoch=93 loss=0.179556 time=23.048s peak_mem=2582.4MB
2026-09-24 12:56:38,382 [INFO] trainer.FlowMatchingAlgorithm: epoch=94 loss=0.180654 time=22.994s peak_mem=2582.4MB
2026-09-24 12:57:01,373 [INFO] trainer.FlowMatchingAlgorithm: epoch=95 loss=0.178506 time=22.991s peak_mem=2582.4MB
2026-09-24 12:57:24,344 [INFO] trainer.FlowMatchingAlgorithm: epoch=96 loss=0.180028 time=22.971s peak_mem=2582.4MB
2026-09-24 12:57:47,303 [INFO] trainer.FlowMatchingAlgorithm: epoch=97 loss=0.179091 time=22.958s peak_mem=2582.4MB
2026-09-24 12:58:10,266 [INFO] trainer.FlowMatchingAlgorithm: epoch=98 loss=0.179780 time=22.963s peak_mem=2582.4MB
2026-09-24 12:58:33,238 [INFO] trainer.FlowMatchingAlgorithm: epoch=99 loss=0.179340 time=22.971s peak_mem=2582.4MB
2026-09-24 12:58:56,205 [INFO] trainer.FlowMatchingAlgorithm: epoch=100 loss=0.180101 time=22.967s peak_mem=2582.4MB
2026-09-24 12:58:56,299 [INFO] trainer.FlowMatchingAlgorithm: Checkpoint saved -> results/fm_cifar10/checkpoints/run_2/FlowMatchingAlgorithm_epoch100.pt
2026-09-24 12:58:56,419 [INFO] trainer.FlowMatchingAlgorithm: Checkpoint archive -> results/fm_cifar10/checkpoints/run_2/archive/FlowMatchingAlgorithm_epoch100.zip
Training workflow complete.
[run] finished_utc=2026-09-24T07:03:42Z
[run] exit_status=0
