[run] training_type=pixel_diffusion
[run] representation_space=pixel
[run] dataset=cifar10
[run] algorithm=fm
[run] launcher_session_id=2d70707ad72c495aa5cf2578ee31002b
[run] hostname=NDAG-M-Lab
[run] os_name=Linux
[run] os_release=7.0.0-34-generic
[run] architecture=x86_64
[run] python_version=3.12.2
[run] torch_version=2.5.1+cu121
[run] cuda_version=12.1
[run] cuda_visible_devices=unavailable
[run] gpu_device_index=0
[run] gpu_uuid=d4eecee8-2e57-baf1-f631-0660b6517f2b
[run] gpu_name=NVIDIA GeForce RTX 3090
[run] gpu_memory_gb=24
[run] gpu_count=1
[run] machine_label=linux-ndag-m-lab-nvidia-geforce-rtx-3090-24gb
[run] git_commit=5cb916797c7cfce9b81eb765e51b50fb8d3ec2f6
[run] git_dirty=true
[run] git_diff_sha256=24b8b9549bbd07fc8a036e07ffef2c30c86405f1d48c0d1fc0b30a12ad8843b5
[run] code_identity=5cb916797c7cfce9b81eb765e51b50fb8d3ec2f6+dirty:24b8b9549bbd
[run] source_identity_sha256=80bd1b1e43d9c31bf77530f6950ff02cf82d82ca0612b1bcdd01fe2f1973fcec
[run] source_manifest=results/source_manifests/20260924T113303Z_pid16467.json
[run] parent_suite_timestamp=20260924T113303Z
[run] lifecycle_mode=fresh
[run] checkpoint_series=run_4
[run] selected_config_path=config/fm_full.json
[run] selected_config_sha256=de3fd6c0d5ab8181eb230db746695af2f6924c1fe44c6cfaaca93eb3039840b2
[run] log_device_token=nvidia-geforce-rtx-3090-24gb
[run] log_path=training_logs/nvidia-geforce-rtx-3090-24gb/pixel/cifar10/fm/cifar10_pixel_fm_run_4_ndag-m-lab_20260924T113303Z.log
[run] git_log_policy=eligible-not-auto-staged
[run] started_utc=2026-09-24T11:33:05Z
[run] command=/home/ndag/Desktop/SSD_137_207_209 Thesis/Difussion-Model/scripts/linux/train_all.sh --dataset cifar10 --only fm --mode fresh --checkpoint-every 10 --cifar-backbone current --machine-label linux-ndag-m-lab-nvidia-geforce-rtx-3090-24gb
[PLAN] /home/ndag/Desktop/SSD_137_207_209 Thesis/Difussion-Model/venv/bin/python train.py --algorithm fm --config config/fm_full.json --mode fresh --checkpoint-every 10 --machine-label linux-ndag-m-lab-nvidia-geforce-rtx-3090-24gb
[fresh] Previous run preserved at: /home/ndag/Desktop/SSD_137_207_209 Thesis/Difussion-Model/results/history/fm_cifar10_20260924_173307
[checkpoints] Active checkpoint series: run_4
[startup] Resolved experiment configuration (before dataset loading):
[startup] config: /home/ndag/Desktop/SSD_137_207_209 Thesis/Difussion-Model/config/fm_full.json
[startup] algorithm: fm
[startup] experiment: fm
[startup] backbone: simple_unet
[startup] result_dir: /home/ndag/Desktop/SSD_137_207_209 Thesis/Difussion-Model/results/fm_cifar10
[startup] batch_size: 128
[startup] epochs: 100
[startup] seed: 0
[startup] learning_rate: 0.0002
[startup] scheduler: none
[startup] gradient_clip_norm: None
[startup] machine_label: linux-ndag-m-lab-nvidia-geforce-rtx-3090-24gb
[startup] code_identity: 5cb916797c7cfce9b81eb765e51b50fb8d3ec2f6+dirty:24b8b9549bbd
[startup] source_identity_sha256: 80bd1b1e43d9c31bf77530f6950ff02cf82d82ca0612b1bcdd01fe2f1973fcec
[startup] selected_config_file_sha256: de3fd6c0d5ab8181eb230db746695af2f6924c1fe44c6cfaaca93eb3039840b2
[startup] lifecycle_mode: fresh
[startup] checkpoint_series: run_4
[startup] parent_suite_timestamp: 20260924T113303Z
Files already downloaded and verified
Files already downloaded and verified
2026-09-24 17:33:29,859 [INFO] trainer.FlowMatchingAlgorithm: epoch=1 loss=0.316182 time=21.707s peak_mem=2249.1MB
2026-09-24 17:33:52,030 [INFO] trainer.FlowMatchingAlgorithm: epoch=2 loss=0.233155 time=22.170s peak_mem=2250.9MB
2026-09-24 17:34:13,527 [INFO] trainer.FlowMatchingAlgorithm: epoch=3 loss=0.217961 time=21.496s peak_mem=2250.9MB
2026-09-24 17:34:35,074 [INFO] trainer.FlowMatchingAlgorithm: epoch=4 loss=0.210666 time=21.547s peak_mem=2250.9MB
2026-09-24 17:34:56,645 [INFO] trainer.FlowMatchingAlgorithm: epoch=5 loss=0.205729 time=21.570s peak_mem=2250.9MB
2026-09-24 17:35:18,241 [INFO] trainer.FlowMatchingAlgorithm: epoch=6 loss=0.202924 time=21.596s peak_mem=2250.9MB
2026-09-24 17:35:39,835 [INFO] trainer.FlowMatchingAlgorithm: epoch=7 loss=0.199059 time=21.593s peak_mem=2250.9MB
2026-09-24 17:36:01,472 [INFO] trainer.FlowMatchingAlgorithm: epoch=8 loss=0.197043 time=21.636s peak_mem=2250.9MB
2026-09-24 17:36:23,596 [INFO] trainer.FlowMatchingAlgorithm: epoch=9 loss=0.197429 time=22.123s peak_mem=2250.9MB
2026-09-24 17:36:45,251 [INFO] trainer.FlowMatchingAlgorithm: epoch=10 loss=0.195272 time=21.654s peak_mem=2250.9MB
2026-09-24 17:36:45,346 [INFO] trainer.FlowMatchingAlgorithm: Checkpoint saved -> results/fm_cifar10/checkpoints/run_4/FlowMatchingAlgorithm_epoch10.pt
2026-09-24 17:36:45,464 [INFO] trainer.FlowMatchingAlgorithm: Checkpoint archive -> results/fm_cifar10/checkpoints/run_4/archive/FlowMatchingAlgorithm_epoch10.zip
2026-09-24 17:37:07,147 [INFO] trainer.FlowMatchingAlgorithm: epoch=11 loss=0.194098 time=21.682s peak_mem=2250.9MB
2026-09-24 17:37:28,858 [INFO] trainer.FlowMatchingAlgorithm: epoch=12 loss=0.192754 time=21.711s peak_mem=2250.9MB
2026-09-24 17:37:50,970 [INFO] trainer.FlowMatchingAlgorithm: epoch=13 loss=0.191626 time=22.111s peak_mem=2250.9MB
2026-09-24 17:38:13,686 [INFO] trainer.FlowMatchingAlgorithm: epoch=14 loss=0.191487 time=22.715s peak_mem=2250.9MB
2026-09-24 17:38:36,198 [INFO] trainer.FlowMatchingAlgorithm: epoch=15 loss=0.189912 time=22.512s peak_mem=2250.9MB
2026-09-24 17:38:58,136 [INFO] trainer.FlowMatchingAlgorithm: epoch=16 loss=0.189517 time=21.937s peak_mem=2250.9MB
2026-09-24 17:39:20,700 [INFO] trainer.FlowMatchingAlgorithm: epoch=17 loss=0.190112 time=22.564s peak_mem=2250.9MB
2026-09-24 17:39:42,818 [INFO] trainer.FlowMatchingAlgorithm: epoch=18 loss=0.189195 time=22.117s peak_mem=2250.9MB
2026-09-24 17:40:04,427 [INFO] trainer.FlowMatchingAlgorithm: epoch=19 loss=0.189487 time=21.608s peak_mem=2250.9MB
2026-09-24 17:40:26,041 [INFO] trainer.FlowMatchingAlgorithm: epoch=20 loss=0.188935 time=21.614s peak_mem=2250.9MB
2026-09-24 17:40:26,134 [INFO] trainer.FlowMatchingAlgorithm: Checkpoint saved -> results/fm_cifar10/checkpoints/run_4/FlowMatchingAlgorithm_epoch20.pt
2026-09-24 17:40:26,251 [INFO] trainer.FlowMatchingAlgorithm: Checkpoint archive -> results/fm_cifar10/checkpoints/run_4/archive/FlowMatchingAlgorithm_epoch20.zip
2026-09-24 17:40:47,878 [INFO] trainer.FlowMatchingAlgorithm: epoch=21 loss=0.189023 time=21.627s peak_mem=2250.9MB
2026-09-24 17:41:09,489 [INFO] trainer.FlowMatchingAlgorithm: epoch=22 loss=0.187462 time=21.611s peak_mem=2250.9MB
2026-09-24 17:41:31,091 [INFO] trainer.FlowMatchingAlgorithm: epoch=23 loss=0.187262 time=21.601s peak_mem=2250.9MB
2026-09-24 17:41:52,710 [INFO] trainer.FlowMatchingAlgorithm: epoch=24 loss=0.187902 time=21.619s peak_mem=2250.9MB
2026-09-24 17:42:14,426 [INFO] trainer.FlowMatchingAlgorithm: epoch=25 loss=0.187682 time=21.715s peak_mem=2250.9MB
/home/ndag/Desktop/SSD_137_207_209 Thesis/Difussion-Model/venv/lib/python3.12/site-packages/torchmetrics/utilities/prints.py:43: UserWarning: Metric `InceptionScore` will save all extracted features in buffer. For large datasets this may lead to large memory footprint.
  warnings.warn(*args, **kwargs)
2026-09-24 17:47:07,437 [INFO] trainer.FlowMatchingAlgorithm: epoch=26 loss=0.186464 time=21.673s peak_mem=2804.5MB
2026-09-24 17:47:29,085 [INFO] trainer.FlowMatchingAlgorithm: epoch=27 loss=0.185833 time=21.647s peak_mem=2804.5MB
2026-09-24 17:47:50,762 [INFO] trainer.FlowMatchingAlgorithm: epoch=28 loss=0.186228 time=21.676s peak_mem=2804.5MB
2026-09-24 17:48:12,429 [INFO] trainer.FlowMatchingAlgorithm: epoch=29 loss=0.185005 time=21.667s peak_mem=2804.5MB
2026-09-24 17:48:34,564 [INFO] trainer.FlowMatchingAlgorithm: epoch=30 loss=0.185867 time=22.135s peak_mem=2804.5MB
2026-09-24 17:48:34,658 [INFO] trainer.FlowMatchingAlgorithm: Checkpoint saved -> results/fm_cifar10/checkpoints/run_4/FlowMatchingAlgorithm_epoch30.pt
2026-09-24 17:48:34,774 [INFO] trainer.FlowMatchingAlgorithm: Checkpoint archive -> results/fm_cifar10/checkpoints/run_4/archive/FlowMatchingAlgorithm_epoch30.zip
2026-09-24 17:48:56,421 [INFO] trainer.FlowMatchingAlgorithm: epoch=31 loss=0.185982 time=21.647s peak_mem=2804.5MB
2026-09-24 17:49:18,095 [INFO] trainer.FlowMatchingAlgorithm: epoch=32 loss=0.185305 time=21.673s peak_mem=2804.5MB
2026-09-24 17:49:39,756 [INFO] trainer.FlowMatchingAlgorithm: epoch=33 loss=0.185221 time=21.661s peak_mem=2804.5MB
2026-09-24 17:50:01,409 [INFO] trainer.FlowMatchingAlgorithm: epoch=34 loss=0.184240 time=21.653s peak_mem=2804.5MB
2026-09-24 17:50:23,064 [INFO] trainer.FlowMatchingAlgorithm: epoch=35 loss=0.184633 time=21.655s peak_mem=2804.5MB
2026-09-24 17:50:44,717 [INFO] trainer.FlowMatchingAlgorithm: epoch=36 loss=0.185053 time=21.652s peak_mem=2804.5MB
2026-09-24 17:51:06,373 [INFO] trainer.FlowMatchingAlgorithm: epoch=37 loss=0.184690 time=21.656s peak_mem=2804.5MB
2026-09-24 17:51:28,043 [INFO] trainer.FlowMatchingAlgorithm: epoch=38 loss=0.184486 time=21.669s peak_mem=2804.5MB
2026-09-24 17:51:49,675 [INFO] trainer.FlowMatchingAlgorithm: epoch=39 loss=0.184186 time=21.631s peak_mem=2804.5MB
2026-09-24 17:52:11,359 [INFO] trainer.FlowMatchingAlgorithm: epoch=40 loss=0.184439 time=21.684s peak_mem=2804.5MB
2026-09-24 17:52:11,455 [INFO] trainer.FlowMatchingAlgorithm: Checkpoint saved -> results/fm_cifar10/checkpoints/run_4/FlowMatchingAlgorithm_epoch40.pt
2026-09-24 17:52:11,571 [INFO] trainer.FlowMatchingAlgorithm: Checkpoint archive -> results/fm_cifar10/checkpoints/run_4/archive/FlowMatchingAlgorithm_epoch40.zip
2026-09-24 17:52:33,260 [INFO] trainer.FlowMatchingAlgorithm: epoch=41 loss=0.184012 time=21.689s peak_mem=2804.5MB
2026-09-24 17:52:54,922 [INFO] trainer.FlowMatchingAlgorithm: epoch=42 loss=0.182722 time=21.661s peak_mem=2804.5MB
2026-09-24 17:53:16,574 [INFO] trainer.FlowMatchingAlgorithm: epoch=43 loss=0.184087 time=21.652s peak_mem=2804.5MB
2026-09-24 17:53:38,240 [INFO] trainer.FlowMatchingAlgorithm: epoch=44 loss=0.183023 time=21.666s peak_mem=2804.5MB
2026-09-24 17:53:59,910 [INFO] trainer.FlowMatchingAlgorithm: epoch=45 loss=0.182038 time=21.669s peak_mem=2804.5MB
2026-09-24 17:54:21,577 [INFO] trainer.FlowMatchingAlgorithm: epoch=46 loss=0.182990 time=21.667s peak_mem=2804.5MB
2026-09-24 17:54:43,245 [INFO] trainer.FlowMatchingAlgorithm: epoch=47 loss=0.183325 time=21.667s peak_mem=2804.5MB
2026-09-24 17:55:04,908 [INFO] trainer.FlowMatchingAlgorithm: epoch=48 loss=0.183578 time=21.663s peak_mem=2804.5MB
2026-09-24 17:55:26,579 [INFO] trainer.FlowMatchingAlgorithm: epoch=49 loss=0.182255 time=21.671s peak_mem=2804.5MB
2026-09-24 17:55:48,252 [INFO] trainer.FlowMatchingAlgorithm: epoch=50 loss=0.182449 time=21.672s peak_mem=2804.5MB
2026-09-24 17:55:48,352 [INFO] trainer.FlowMatchingAlgorithm: Checkpoint saved -> results/fm_cifar10/checkpoints/run_4/FlowMatchingAlgorithm_epoch50.pt
2026-09-24 17:55:48,469 [INFO] trainer.FlowMatchingAlgorithm: Checkpoint archive -> results/fm_cifar10/checkpoints/run_4/archive/FlowMatchingAlgorithm_epoch50.zip
2026-09-24 18:00:40,552 [INFO] trainer.FlowMatchingAlgorithm: epoch=51 loss=0.182782 time=21.663s peak_mem=3692.1MB
2026-09-24 18:01:02,244 [INFO] trainer.FlowMatchingAlgorithm: epoch=52 loss=0.182906 time=21.692s peak_mem=3692.1MB
2026-09-24 18:01:23,916 [INFO] trainer.FlowMatchingAlgorithm: epoch=53 loss=0.181869 time=21.671s peak_mem=3692.1MB
2026-09-24 18:01:45,591 [INFO] trainer.FlowMatchingAlgorithm: epoch=54 loss=0.182320 time=21.675s peak_mem=3692.1MB
2026-09-24 18:02:07,294 [INFO] trainer.FlowMatchingAlgorithm: epoch=55 loss=0.182903 time=21.694s peak_mem=3692.1MB
2026-09-24 18:02:28,981 [INFO] trainer.FlowMatchingAlgorithm: epoch=56 loss=0.181695 time=21.687s peak_mem=3692.1MB
2026-09-24 18:02:50,657 [INFO] trainer.FlowMatchingAlgorithm: epoch=57 loss=0.181502 time=21.675s peak_mem=3692.1MB
2026-09-24 18:03:12,335 [INFO] trainer.FlowMatchingAlgorithm: epoch=58 loss=0.181396 time=21.678s peak_mem=3692.1MB
2026-09-24 18:03:34,016 [INFO] trainer.FlowMatchingAlgorithm: epoch=59 loss=0.182355 time=21.680s peak_mem=3692.1MB
2026-09-24 18:03:55,701 [INFO] trainer.FlowMatchingAlgorithm: epoch=60 loss=0.182022 time=21.685s peak_mem=3692.1MB
2026-09-24 18:03:55,797 [INFO] trainer.FlowMatchingAlgorithm: Checkpoint saved -> results/fm_cifar10/checkpoints/run_4/FlowMatchingAlgorithm_epoch60.pt
2026-09-24 18:03:55,914 [INFO] trainer.FlowMatchingAlgorithm: Checkpoint archive -> results/fm_cifar10/checkpoints/run_4/archive/FlowMatchingAlgorithm_epoch60.zip
2026-09-24 18:04:17,596 [INFO] trainer.FlowMatchingAlgorithm: epoch=61 loss=0.182107 time=21.682s peak_mem=3692.1MB
2026-09-24 18:04:39,278 [INFO] trainer.FlowMatchingAlgorithm: epoch=62 loss=0.180896 time=21.682s peak_mem=3692.1MB
2026-09-24 18:05:00,966 [INFO] trainer.FlowMatchingAlgorithm: epoch=63 loss=0.181118 time=21.687s peak_mem=3692.1MB
2026-09-24 18:05:22,646 [INFO] trainer.FlowMatchingAlgorithm: epoch=64 loss=0.181942 time=21.680s peak_mem=3692.1MB
2026-09-24 18:05:44,326 [INFO] trainer.FlowMatchingAlgorithm: epoch=65 loss=0.180507 time=21.680s peak_mem=3692.1MB
2026-09-24 18:06:06,004 [INFO] trainer.FlowMatchingAlgorithm: epoch=66 loss=0.180755 time=21.677s peak_mem=3692.1MB
2026-09-24 18:06:27,683 [INFO] trainer.FlowMatchingAlgorithm: epoch=67 loss=0.181260 time=21.679s peak_mem=3692.1MB
2026-09-24 18:06:49,363 [INFO] trainer.FlowMatchingAlgorithm: epoch=68 loss=0.181263 time=21.679s peak_mem=3692.1MB
2026-09-24 18:07:11,047 [INFO] trainer.FlowMatchingAlgorithm: epoch=69 loss=0.180124 time=21.684s peak_mem=3692.1MB
2026-09-24 18:07:32,727 [INFO] trainer.FlowMatchingAlgorithm: epoch=70 loss=0.181091 time=21.680s peak_mem=3692.1MB
2026-09-24 18:07:32,820 [INFO] trainer.FlowMatchingAlgorithm: Checkpoint saved -> results/fm_cifar10/checkpoints/run_4/FlowMatchingAlgorithm_epoch70.pt
2026-09-24 18:07:32,938 [INFO] trainer.FlowMatchingAlgorithm: Checkpoint archive -> results/fm_cifar10/checkpoints/run_4/archive/FlowMatchingAlgorithm_epoch70.zip
2026-09-24 18:07:54,626 [INFO] trainer.FlowMatchingAlgorithm: epoch=71 loss=0.180103 time=21.687s peak_mem=3692.1MB
2026-09-24 18:08:16,307 [INFO] trainer.FlowMatchingAlgorithm: epoch=72 loss=0.181320 time=21.681s peak_mem=3692.1MB
2026-09-24 18:08:37,981 [INFO] trainer.FlowMatchingAlgorithm: epoch=73 loss=0.180925 time=21.674s peak_mem=3692.1MB
2026-09-24 18:08:59,655 [INFO] trainer.FlowMatchingAlgorithm: epoch=74 loss=0.180081 time=21.673s peak_mem=3692.1MB
2026-09-24 18:09:21,341 [INFO] trainer.FlowMatchingAlgorithm: epoch=75 loss=0.180227 time=21.685s peak_mem=3692.1MB
2026-09-24 18:14:13,692 [INFO] trainer.FlowMatchingAlgorithm: epoch=76 loss=0.178990 time=21.699s peak_mem=2694.5MB
2026-09-24 18:14:35,372 [INFO] trainer.FlowMatchingAlgorithm: epoch=77 loss=0.180053 time=21.680s peak_mem=2694.5MB
2026-09-24 18:14:57,079 [INFO] trainer.FlowMatchingAlgorithm: epoch=78 loss=0.180799 time=21.707s peak_mem=2694.5MB
2026-09-24 18:15:18,767 [INFO] trainer.FlowMatchingAlgorithm: epoch=79 loss=0.179668 time=21.687s peak_mem=2694.5MB
2026-09-24 18:15:40,453 [INFO] trainer.FlowMatchingAlgorithm: epoch=80 loss=0.180190 time=21.686s peak_mem=2694.5MB
2026-09-24 18:15:40,550 [INFO] trainer.FlowMatchingAlgorithm: Checkpoint saved -> results/fm_cifar10/checkpoints/run_4/FlowMatchingAlgorithm_epoch80.pt
2026-09-24 18:15:40,668 [INFO] trainer.FlowMatchingAlgorithm: Checkpoint archive -> results/fm_cifar10/checkpoints/run_4/archive/FlowMatchingAlgorithm_epoch80.zip
2026-09-24 18:16:02,357 [INFO] trainer.FlowMatchingAlgorithm: epoch=81 loss=0.179539 time=21.688s peak_mem=2694.5MB
2026-09-24 18:16:24,039 [INFO] trainer.FlowMatchingAlgorithm: epoch=82 loss=0.180708 time=21.681s peak_mem=2694.5MB
2026-09-24 18:16:45,723 [INFO] trainer.FlowMatchingAlgorithm: epoch=83 loss=0.179530 time=21.684s peak_mem=2694.5MB
2026-09-24 18:17:07,419 [INFO] trainer.FlowMatchingAlgorithm: epoch=84 loss=0.179787 time=21.695s peak_mem=2694.5MB
2026-09-24 18:17:29,103 [INFO] trainer.FlowMatchingAlgorithm: epoch=85 loss=0.180601 time=21.683s peak_mem=2694.5MB
2026-09-24 18:17:50,786 [INFO] trainer.FlowMatchingAlgorithm: epoch=86 loss=0.180186 time=21.682s peak_mem=2694.5MB
2026-09-24 18:18:12,493 [INFO] trainer.FlowMatchingAlgorithm: epoch=87 loss=0.180339 time=21.707s peak_mem=2694.5MB
2026-09-24 18:18:34,186 [INFO] trainer.FlowMatchingAlgorithm: epoch=88 loss=0.179641 time=21.692s peak_mem=2694.5MB
2026-09-24 18:18:55,880 [INFO] trainer.FlowMatchingAlgorithm: epoch=89 loss=0.179833 time=21.694s peak_mem=2694.5MB
2026-09-24 18:19:17,580 [INFO] trainer.FlowMatchingAlgorithm: epoch=90 loss=0.179822 time=21.699s peak_mem=2694.5MB
2026-09-24 18:19:17,672 [INFO] trainer.FlowMatchingAlgorithm: Checkpoint saved -> results/fm_cifar10/checkpoints/run_4/FlowMatchingAlgorithm_epoch90.pt
2026-09-24 18:19:17,790 [INFO] trainer.FlowMatchingAlgorithm: Checkpoint archive -> results/fm_cifar10/checkpoints/run_4/archive/FlowMatchingAlgorithm_epoch90.zip
2026-09-24 18:19:39,509 [INFO] trainer.FlowMatchingAlgorithm: epoch=91 loss=0.179621 time=21.719s peak_mem=2694.5MB
2026-09-24 18:20:01,191 [INFO] trainer.FlowMatchingAlgorithm: epoch=92 loss=0.179178 time=21.681s peak_mem=2694.5MB
2026-09-24 18:20:22,874 [INFO] trainer.FlowMatchingAlgorithm: epoch=93 loss=0.179556 time=21.674s peak_mem=2694.5MB
2026-09-24 18:20:44,549 [INFO] trainer.FlowMatchingAlgorithm: epoch=94 loss=0.180654 time=21.675s peak_mem=2694.5MB
2026-09-24 18:21:06,244 [INFO] trainer.FlowMatchingAlgorithm: epoch=95 loss=0.178506 time=21.694s peak_mem=2694.5MB
2026-09-24 18:21:27,931 [INFO] trainer.FlowMatchingAlgorithm: epoch=96 loss=0.180028 time=21.677s peak_mem=2694.5MB
2026-09-24 18:21:49,930 [INFO] trainer.FlowMatchingAlgorithm: epoch=97 loss=0.179091 time=21.999s peak_mem=2694.5MB
2026-09-24 18:22:11,612 [INFO] trainer.FlowMatchingAlgorithm: epoch=98 loss=0.179780 time=21.682s peak_mem=2694.5MB
2026-09-24 18:22:33,309 [INFO] trainer.FlowMatchingAlgorithm: epoch=99 loss=0.179340 time=21.696s peak_mem=2694.5MB
2026-09-24 18:22:54,998 [INFO] trainer.FlowMatchingAlgorithm: epoch=100 loss=0.180101 time=21.688s peak_mem=2694.5MB
2026-09-24 18:22:55,092 [INFO] trainer.FlowMatchingAlgorithm: Checkpoint saved -> results/fm_cifar10/checkpoints/run_4/FlowMatchingAlgorithm_epoch100.pt
2026-09-24 18:22:55,227 [INFO] trainer.FlowMatchingAlgorithm: Checkpoint archive -> results/fm_cifar10/checkpoints/run_4/archive/FlowMatchingAlgorithm_epoch100.zip
Training workflow complete.
[run] finished_utc=2026-09-24T12:27:26Z
[run] exit_status=0
