[run] training_type=pixel_diffusion
[run] representation_space=pixel
[run] dataset=cifar10
[run] algorithm=fm
[run] launcher_session_id=f5787e62c32b4401a87f5f4ed9902205
[run] hostname=NDAG-M-Lab
[run] os_name=Linux
[run] os_release=7.0.0-34-generic
[run] architecture=x86_64
[run] python_version=3.12.2
[run] torch_version=2.5.1+cu121
[run] cuda_version=12.1
[run] cuda_visible_devices=unavailable
[run] gpu_device_index=0
[run] gpu_uuid=d4eecee8-2e57-baf1-f631-0660b6517f2b
[run] gpu_name=NVIDIA GeForce RTX 3090
[run] gpu_memory_gb=24
[run] gpu_count=1
[run] machine_label=linux-ndag-m-lab-nvidia-geforce-rtx-3090-24gb
[run] git_commit=5cb916797c7cfce9b81eb765e51b50fb8d3ec2f6
[run] git_dirty=true
[run] git_diff_sha256=24b8b9549bbd07fc8a036e07ffef2c30c86405f1d48c0d1fc0b30a12ad8843b5
[run] code_identity=5cb916797c7cfce9b81eb765e51b50fb8d3ec2f6+dirty:24b8b9549bbd
[run] source_identity_sha256=80bd1b1e43d9c31bf77530f6950ff02cf82d82ca0612b1bcdd01fe2f1973fcec
[run] source_manifest=results/source_manifests/20260924T113207Z_pid15701.json
[run] parent_suite_timestamp=20260924T113207Z
[run] lifecycle_mode=fresh
[run] checkpoint_series=run_3
[run] selected_config_path=config/fm_full.json
[run] selected_config_sha256=de3fd6c0d5ab8181eb230db746695af2f6924c1fe44c6cfaaca93eb3039840b2
[run] log_device_token=nvidia-geforce-rtx-3090-24gb
[run] log_path=training_logs/nvidia-geforce-rtx-3090-24gb/pixel/cifar10/fm/cifar10_pixel_fm_run_3_ndag-m-lab_20260924T113207Z.log
[run] git_log_policy=eligible-not-auto-staged
[run] started_utc=2026-09-24T11:32:08Z
[run] command=/home/ndag/Desktop/SSD_137_207_209 Thesis/Difussion-Model/scripts/linux/train_all.sh --dataset cifar10 --only fm --mode fresh --checkpoint-every 10 --cifar-backbone current --machine-label linux-ndag-m-lab-nvidia-geforce-rtx-3090-24gb
[PLAN] /home/ndag/Desktop/SSD_137_207_209 Thesis/Difussion-Model/venv/bin/python train.py --algorithm fm --config config/fm_full.json --mode fresh --checkpoint-every 10 --machine-label linux-ndag-m-lab-nvidia-geforce-rtx-3090-24gb
[fresh] Previous run preserved at: /home/ndag/Desktop/SSD_137_207_209 Thesis/Difussion-Model/results/history/fm_cifar10_20260924_173211
[checkpoints] Active checkpoint series: run_3
[startup] Resolved experiment configuration (before dataset loading):
[startup] config: /home/ndag/Desktop/SSD_137_207_209 Thesis/Difussion-Model/config/fm_full.json
[startup] algorithm: fm
[startup] experiment: fm
[startup] backbone: simple_unet
[startup] result_dir: /home/ndag/Desktop/SSD_137_207_209 Thesis/Difussion-Model/results/fm_cifar10
[startup] batch_size: 128
[startup] epochs: 100
[startup] seed: 0
[startup] learning_rate: 0.0002
[startup] scheduler: none
[startup] gradient_clip_norm: None
[startup] machine_label: linux-ndag-m-lab-nvidia-geforce-rtx-3090-24gb
[startup] code_identity: 5cb916797c7cfce9b81eb765e51b50fb8d3ec2f6+dirty:24b8b9549bbd
[startup] source_identity_sha256: 80bd1b1e43d9c31bf77530f6950ff02cf82d82ca0612b1bcdd01fe2f1973fcec
[startup] selected_config_file_sha256: de3fd6c0d5ab8181eb230db746695af2f6924c1fe44c6cfaaca93eb3039840b2
[startup] lifecycle_mode: fresh
[startup] checkpoint_series: run_3
[startup] parent_suite_timestamp: 20260924T113207Z
Files already downloaded and verified
Files already downloaded and verified
