[run] training_type=latent_diffusion
[run] representation_space=latent
[run] dataset=celeba_latent
[run] algorithm=fm
[run] job=fm
[run] source_identity_sha256=0ccfd47846716e6630e505e8cdb88db27c5ec799a0a281f0177d78c9928e6218
[run] lifecycle_mode=continue
[run] machine_label=NDAG-M-Lab-RTX3090
[run] gpu_name=NVIDIA GeForce RTX 3090
[run] gpu_memory_gb=24
[run] parent_suite_timestamp=20260922T083700Z
[run] selected_config_sha256=d498c3f2514c3454f08d6233df57c0d59e14bfaea962538fc9c163d9e0a30d6d
[run] checkpoint_series=run_1
[run] started_utc=2026-09-22T08:37:00Z
[run] command=/home/ndag/Desktop/SSD_137_207_209\ Thesis/Difussion-Model/venv/bin/python train.py --algorithm fm --config config/fm_celeba_latent.json --mode continue --machine-label NDAG-M-Lab-RTX3090 
[continue] Resuming the latest checkpoint in: /home/ndag/Desktop/SSD_137_207_209 Thesis/Difussion-Model/results/fm_celeba_latent
[checkpoints] Active checkpoint series: run_1
[continue] Verified compatible completed checkpoint; skipping training and implicit evaluation: /home/ndag/Desktop/SSD_137_207_209 Thesis/Difussion-Model/results/fm_celeba_latent/checkpoints/run_1/FlowMatchingAlgorithm_epoch100.pt
[run] finished_utc=2026-09-22T08:37:03Z
[run] exit_status=0
