[fresh] No previous run artifacts found; starting at epoch 1.
[checkpoints] Active checkpoint series: run_1
[startup] Resolved experiment configuration (before dataset loading):
[startup] config: /home/ndag/Desktop/SSD_137_207_209 Thesis/Difussion-Model/config/fm_celeba_latent.json
[startup] algorithm: fm
[startup] experiment: fm
[startup] result_dir: /home/ndag/Desktop/SSD_137_207_209 Thesis/Difussion-Model/results/fm_celeba_latent
[startup] batch_size: 64
[startup] epochs: 100
[startup] seed: 0
[startup] learning_rate: 0.0002
[startup] scheduler: none
[startup] gradient_clip_norm: None
[startup] use_exact_jvp: False
[startup] fd_force_fp32: False
[startup] p_same: 0.25
[startup] p_fd_step: 0.5
[startup] jvp_delta_range: 0.01 -> 0.0001
[startup] machine_label: NDAG-M-Lab-RTX3090
[startup] code_identity: ab80fbd13d7654c7ac6123512ffb46cab7282e2b
2026-09-21 23:33:31,812 [INFO] trainer.FlowMatchingAlgorithm: epoch=1 loss=1.200011 time=43.788s peak_mem=407.9MB
2026-09-21 23:34:15,450 [INFO] trainer.FlowMatchingAlgorithm: epoch=2 loss=1.126527 time=43.637s peak_mem=407.9MB
2026-09-21 23:34:58,618 [INFO] trainer.FlowMatchingAlgorithm: epoch=3 loss=1.108111 time=43.167s peak_mem=407.9MB
2026-09-21 23:35:41,889 [INFO] trainer.FlowMatchingAlgorithm: epoch=4 loss=1.098067 time=43.270s peak_mem=407.9MB
2026-09-21 23:36:24,957 [INFO] trainer.FlowMatchingAlgorithm: epoch=5 loss=1.091029 time=43.068s peak_mem=407.9MB
2026-09-21 23:37:08,593 [INFO] trainer.FlowMatchingAlgorithm: epoch=6 loss=1.085132 time=43.635s peak_mem=407.9MB
2026-09-21 23:37:51,809 [INFO] trainer.FlowMatchingAlgorithm: epoch=7 loss=1.081423 time=43.215s peak_mem=407.9MB
2026-09-21 23:38:36,816 [INFO] trainer.FlowMatchingAlgorithm: epoch=8 loss=1.077819 time=45.007s peak_mem=407.9MB
2026-09-21 23:39:20,527 [INFO] trainer.FlowMatchingAlgorithm: epoch=9 loss=1.074746 time=43.710s peak_mem=407.9MB
2026-09-21 23:40:03,733 [INFO] trainer.FlowMatchingAlgorithm: epoch=10 loss=1.072352 time=43.206s peak_mem=407.9MB
2026-09-21 23:40:03,854 [INFO] trainer.FlowMatchingAlgorithm: Checkpoint saved -> results/fm_celeba_latent/checkpoints/run_1/FlowMatchingAlgorithm_epoch10.pt
2026-09-21 23:40:04,029 [INFO] trainer.FlowMatchingAlgorithm: Checkpoint archive -> results/fm_celeba_latent/checkpoints/run_1/archive/FlowMatchingAlgorithm_epoch10.zip
2026-09-21 23:40:47,680 [INFO] trainer.FlowMatchingAlgorithm: epoch=11 loss=1.070407 time=43.650s peak_mem=407.9MB
2026-09-21 23:41:32,260 [INFO] trainer.FlowMatchingAlgorithm: epoch=12 loss=1.068230 time=44.580s peak_mem=407.9MB
2026-09-21 23:42:15,756 [INFO] trainer.FlowMatchingAlgorithm: epoch=13 loss=1.066312 time=43.495s peak_mem=407.9MB
2026-09-21 23:42:59,114 [INFO] trainer.FlowMatchingAlgorithm: epoch=14 loss=1.064858 time=43.357s peak_mem=407.9MB
2026-09-21 23:43:42,758 [INFO] trainer.FlowMatchingAlgorithm: epoch=15 loss=1.063355 time=43.644s peak_mem=407.9MB
2026-09-21 23:44:25,963 [INFO] trainer.FlowMatchingAlgorithm: epoch=16 loss=1.061988 time=43.205s peak_mem=407.9MB
2026-09-21 23:45:09,050 [INFO] trainer.FlowMatchingAlgorithm: epoch=17 loss=1.060157 time=43.086s peak_mem=407.9MB
2026-09-21 23:45:51,961 [INFO] trainer.FlowMatchingAlgorithm: epoch=18 loss=1.059028 time=42.911s peak_mem=407.9MB
2026-09-21 23:46:34,900 [INFO] trainer.FlowMatchingAlgorithm: epoch=19 loss=1.058091 time=42.938s peak_mem=407.9MB
2026-09-21 23:47:17,993 [INFO] trainer.FlowMatchingAlgorithm: epoch=20 loss=1.056959 time=43.093s peak_mem=407.9MB
2026-09-21 23:47:18,111 [INFO] trainer.FlowMatchingAlgorithm: Checkpoint saved -> results/fm_celeba_latent/checkpoints/run_1/FlowMatchingAlgorithm_epoch20.pt
2026-09-21 23:47:18,287 [INFO] trainer.FlowMatchingAlgorithm: Checkpoint archive -> results/fm_celeba_latent/checkpoints/run_1/archive/FlowMatchingAlgorithm_epoch20.zip
2026-09-21 23:48:01,160 [INFO] trainer.FlowMatchingAlgorithm: epoch=21 loss=1.055969 time=42.872s peak_mem=407.9MB
2026-09-21 23:48:44,187 [INFO] trainer.FlowMatchingAlgorithm: epoch=22 loss=1.055856 time=43.026s peak_mem=407.9MB
2026-09-21 23:49:27,436 [INFO] trainer.FlowMatchingAlgorithm: epoch=23 loss=1.054551 time=43.249s peak_mem=407.9MB
2026-09-21 23:50:10,370 [INFO] trainer.FlowMatchingAlgorithm: epoch=24 loss=1.053748 time=42.934s peak_mem=407.9MB
2026-09-21 23:50:53,236 [INFO] trainer.FlowMatchingAlgorithm: epoch=25 loss=1.053173 time=42.865s peak_mem=407.9MB
Cannot initialize model with low cpu memory usage because `accelerate` was not found in the environment. Defaulting to `low_cpu_mem_usage=False`. It is strongly recommended to install `accelerate` for faster and less memory-intense model loading. You can do so with: 
```
pip install accelerate
```
.
An error occurred while trying to fetch /home/ndag/Desktop/SSD_137_207_209 Thesis/Difussion-Model/data/pretrained/ldm-celebahq-256/vqvae: Error no file named diffusion_pytorch_model.safetensors found in directory /home/ndag/Desktop/SSD_137_207_209 Thesis/Difussion-Model/data/pretrained/ldm-celebahq-256/vqvae.
Defaulting to unsafe serialization. Pass `allow_pickle=False` to raise an error instead.
/home/ndag/Desktop/SSD_137_207_209 Thesis/Difussion-Model/venv/lib/python3.12/site-packages/torchmetrics/utilities/prints.py:43: UserWarning: Metric `InceptionScore` will save all extracted features in buffer. For large datasets this may lead to large memory footprint.
  warnings.warn(*args, **kwargs)
2026-09-21 23:54:02,181 [INFO] trainer.FlowMatchingAlgorithm: epoch=26 loss=1.052498 time=43.279s peak_mem=1399.4MB
2026-09-21 23:54:45,197 [INFO] trainer.FlowMatchingAlgorithm: epoch=27 loss=1.051563 time=43.016s peak_mem=1399.4MB
2026-09-21 23:55:28,241 [INFO] trainer.FlowMatchingAlgorithm: epoch=28 loss=1.050772 time=43.043s peak_mem=1399.4MB
2026-09-21 23:56:11,268 [INFO] trainer.FlowMatchingAlgorithm: epoch=29 loss=1.050143 time=43.027s peak_mem=1399.4MB
2026-09-21 23:56:54,211 [INFO] trainer.FlowMatchingAlgorithm: epoch=30 loss=1.049736 time=42.942s peak_mem=1399.4MB
2026-09-21 23:56:54,334 [INFO] trainer.FlowMatchingAlgorithm: Checkpoint saved -> results/fm_celeba_latent/checkpoints/run_1/FlowMatchingAlgorithm_epoch30.pt
2026-09-21 23:56:54,508 [INFO] trainer.FlowMatchingAlgorithm: Checkpoint archive -> results/fm_celeba_latent/checkpoints/run_1/archive/FlowMatchingAlgorithm_epoch30.zip
2026-09-21 23:57:37,431 [INFO] trainer.FlowMatchingAlgorithm: epoch=31 loss=1.049289 time=42.922s peak_mem=1399.4MB
2026-09-21 23:58:20,362 [INFO] trainer.FlowMatchingAlgorithm: epoch=32 loss=1.048807 time=42.931s peak_mem=1399.4MB
2026-09-21 23:59:03,319 [INFO] trainer.FlowMatchingAlgorithm: epoch=33 loss=1.048279 time=42.956s peak_mem=1399.4MB
2026-09-21 23:59:46,310 [INFO] trainer.FlowMatchingAlgorithm: epoch=34 loss=1.047865 time=42.990s peak_mem=1399.4MB
2026-09-22 00:00:29,287 [INFO] trainer.FlowMatchingAlgorithm: epoch=35 loss=1.047174 time=42.977s peak_mem=1399.4MB
2026-09-22 00:01:12,238 [INFO] trainer.FlowMatchingAlgorithm: epoch=36 loss=1.046972 time=42.950s peak_mem=1399.4MB
2026-09-22 00:01:55,293 [INFO] trainer.FlowMatchingAlgorithm: epoch=37 loss=1.046108 time=43.054s peak_mem=1399.4MB
2026-09-22 00:02:38,276 [INFO] trainer.FlowMatchingAlgorithm: epoch=38 loss=1.046161 time=42.982s peak_mem=620.8MB
2026-09-22 00:03:21,277 [INFO] trainer.FlowMatchingAlgorithm: epoch=39 loss=1.045555 time=43.001s peak_mem=620.8MB
2026-09-22 00:04:04,277 [INFO] trainer.FlowMatchingAlgorithm: epoch=40 loss=1.045185 time=42.999s peak_mem=620.8MB
2026-09-22 00:04:04,397 [INFO] trainer.FlowMatchingAlgorithm: Checkpoint saved -> results/fm_celeba_latent/checkpoints/run_1/FlowMatchingAlgorithm_epoch40.pt
2026-09-22 00:04:04,573 [INFO] trainer.FlowMatchingAlgorithm: Checkpoint archive -> results/fm_celeba_latent/checkpoints/run_1/archive/FlowMatchingAlgorithm_epoch40.zip
2026-09-22 00:04:47,533 [INFO] trainer.FlowMatchingAlgorithm: epoch=41 loss=1.045073 time=42.960s peak_mem=620.8MB
2026-09-22 00:05:30,570 [INFO] trainer.FlowMatchingAlgorithm: epoch=42 loss=1.044487 time=43.036s peak_mem=620.8MB
2026-09-22 00:06:13,584 [INFO] trainer.FlowMatchingAlgorithm: epoch=43 loss=1.044124 time=43.014s peak_mem=620.8MB
2026-09-22 00:06:56,562 [INFO] trainer.FlowMatchingAlgorithm: epoch=44 loss=1.044059 time=42.977s peak_mem=620.8MB
2026-09-22 00:07:39,578 [INFO] trainer.FlowMatchingAlgorithm: epoch=45 loss=1.042864 time=43.015s peak_mem=620.8MB
2026-09-22 00:08:22,597 [INFO] trainer.FlowMatchingAlgorithm: epoch=46 loss=1.042749 time=43.019s peak_mem=620.8MB
2026-09-22 00:09:05,617 [INFO] trainer.FlowMatchingAlgorithm: epoch=47 loss=1.042769 time=43.019s peak_mem=620.8MB
2026-09-22 00:09:48,618 [INFO] trainer.FlowMatchingAlgorithm: epoch=48 loss=1.042790 time=43.000s peak_mem=620.8MB
2026-09-22 00:10:31,580 [INFO] trainer.FlowMatchingAlgorithm: epoch=49 loss=1.041955 time=42.962s peak_mem=620.8MB
2026-09-22 00:11:14,587 [INFO] trainer.FlowMatchingAlgorithm: epoch=50 loss=1.041358 time=43.006s peak_mem=620.8MB
2026-09-22 00:11:14,707 [INFO] trainer.FlowMatchingAlgorithm: Checkpoint saved -> results/fm_celeba_latent/checkpoints/run_1/FlowMatchingAlgorithm_epoch50.pt
2026-09-22 00:11:14,875 [INFO] trainer.FlowMatchingAlgorithm: Checkpoint archive -> results/fm_celeba_latent/checkpoints/run_1/archive/FlowMatchingAlgorithm_epoch50.zip
2026-09-22 00:14:22,510 [INFO] trainer.FlowMatchingAlgorithm: epoch=51 loss=1.041311 time=43.254s peak_mem=1397.6MB
2026-09-22 00:15:05,678 [INFO] trainer.FlowMatchingAlgorithm: epoch=52 loss=1.040836 time=43.168s peak_mem=1397.6MB
2026-09-22 00:15:48,688 [INFO] trainer.FlowMatchingAlgorithm: epoch=53 loss=1.040762 time=43.009s peak_mem=1397.6MB
2026-09-22 00:16:31,742 [INFO] trainer.FlowMatchingAlgorithm: epoch=54 loss=1.040354 time=43.045s peak_mem=1397.6MB
2026-09-22 00:17:14,790 [INFO] trainer.FlowMatchingAlgorithm: epoch=55 loss=1.040623 time=43.048s peak_mem=1397.6MB
2026-09-22 00:17:57,845 [INFO] trainer.FlowMatchingAlgorithm: epoch=56 loss=1.040101 time=43.054s peak_mem=1397.6MB
2026-09-22 00:18:40,903 [INFO] trainer.FlowMatchingAlgorithm: epoch=57 loss=1.039643 time=43.057s peak_mem=1397.6MB
2026-09-22 00:19:23,904 [INFO] trainer.FlowMatchingAlgorithm: epoch=58 loss=1.039474 time=43.001s peak_mem=1397.6MB
2026-09-22 00:20:06,997 [INFO] trainer.FlowMatchingAlgorithm: epoch=59 loss=1.039025 time=43.093s peak_mem=1397.6MB
2026-09-22 00:20:49,984 [INFO] trainer.FlowMatchingAlgorithm: epoch=60 loss=1.038557 time=42.986s peak_mem=620.8MB
2026-09-22 00:20:50,103 [INFO] trainer.FlowMatchingAlgorithm: Checkpoint saved -> results/fm_celeba_latent/checkpoints/run_1/FlowMatchingAlgorithm_epoch60.pt
2026-09-22 00:20:50,270 [INFO] trainer.FlowMatchingAlgorithm: Checkpoint archive -> results/fm_celeba_latent/checkpoints/run_1/archive/FlowMatchingAlgorithm_epoch60.zip
2026-09-22 00:21:33,288 [INFO] trainer.FlowMatchingAlgorithm: epoch=61 loss=1.038819 time=43.017s peak_mem=620.8MB
2026-09-22 00:22:16,384 [INFO] trainer.FlowMatchingAlgorithm: epoch=62 loss=1.038154 time=43.096s peak_mem=620.8MB
2026-09-22 00:22:59,450 [INFO] trainer.FlowMatchingAlgorithm: epoch=63 loss=1.037891 time=43.065s peak_mem=620.8MB
2026-09-22 00:23:42,474 [INFO] trainer.FlowMatchingAlgorithm: epoch=64 loss=1.037962 time=43.024s peak_mem=620.8MB
2026-09-22 00:24:25,588 [INFO] trainer.FlowMatchingAlgorithm: epoch=65 loss=1.037855 time=43.113s peak_mem=620.8MB
2026-09-22 00:25:08,596 [INFO] trainer.FlowMatchingAlgorithm: epoch=66 loss=1.037976 time=43.007s peak_mem=620.8MB
2026-09-22 00:25:51,615 [INFO] trainer.FlowMatchingAlgorithm: epoch=67 loss=1.037492 time=43.018s peak_mem=620.8MB
2026-09-22 00:26:34,622 [INFO] trainer.FlowMatchingAlgorithm: epoch=68 loss=1.037033 time=43.007s peak_mem=620.8MB
2026-09-22 00:27:17,586 [INFO] trainer.FlowMatchingAlgorithm: epoch=69 loss=1.036977 time=42.963s peak_mem=620.8MB
2026-09-22 00:28:00,619 [INFO] trainer.FlowMatchingAlgorithm: epoch=70 loss=1.036718 time=43.033s peak_mem=620.8MB
2026-09-22 00:28:00,743 [INFO] trainer.FlowMatchingAlgorithm: Checkpoint saved -> results/fm_celeba_latent/checkpoints/run_1/FlowMatchingAlgorithm_epoch70.pt
2026-09-22 00:28:00,910 [INFO] trainer.FlowMatchingAlgorithm: Checkpoint archive -> results/fm_celeba_latent/checkpoints/run_1/archive/FlowMatchingAlgorithm_epoch70.zip
2026-09-22 00:28:43,973 [INFO] trainer.FlowMatchingAlgorithm: epoch=71 loss=1.036361 time=43.062s peak_mem=620.8MB
2026-09-22 00:29:27,023 [INFO] trainer.FlowMatchingAlgorithm: epoch=72 loss=1.036389 time=43.050s peak_mem=620.8MB
2026-09-22 00:30:10,034 [INFO] trainer.FlowMatchingAlgorithm: epoch=73 loss=1.036558 time=43.010s peak_mem=620.8MB
2026-09-22 00:30:53,089 [INFO] trainer.FlowMatchingAlgorithm: epoch=74 loss=1.036120 time=43.054s peak_mem=620.8MB
2026-09-22 00:31:36,145 [INFO] trainer.FlowMatchingAlgorithm: epoch=75 loss=1.035865 time=43.056s peak_mem=620.8MB
2026-09-22 00:34:43,634 [INFO] trainer.FlowMatchingAlgorithm: epoch=76 loss=1.036062 time=43.345s peak_mem=1287.2MB
2026-09-22 00:35:26,720 [INFO] trainer.FlowMatchingAlgorithm: epoch=77 loss=1.035695 time=43.086s peak_mem=1287.2MB
2026-09-22 00:36:09,751 [INFO] trainer.FlowMatchingAlgorithm: epoch=78 loss=1.035632 time=43.030s peak_mem=1287.2MB
2026-09-22 00:36:52,837 [INFO] trainer.FlowMatchingAlgorithm: epoch=79 loss=1.034799 time=43.077s peak_mem=1287.2MB
2026-09-22 00:37:35,871 [INFO] trainer.FlowMatchingAlgorithm: epoch=80 loss=1.035256 time=43.034s peak_mem=1287.2MB
2026-09-22 00:37:35,990 [INFO] trainer.FlowMatchingAlgorithm: Checkpoint saved -> results/fm_celeba_latent/checkpoints/run_1/FlowMatchingAlgorithm_epoch80.pt
2026-09-22 00:37:36,162 [INFO] trainer.FlowMatchingAlgorithm: Checkpoint archive -> results/fm_celeba_latent/checkpoints/run_1/archive/FlowMatchingAlgorithm_epoch80.zip
2026-09-22 00:38:19,318 [INFO] trainer.FlowMatchingAlgorithm: epoch=81 loss=1.035738 time=43.155s peak_mem=1287.2MB
2026-09-22 00:39:02,514 [INFO] trainer.FlowMatchingAlgorithm: epoch=82 loss=1.034770 time=43.195s peak_mem=1287.2MB
2026-09-22 00:39:45,639 [INFO] trainer.FlowMatchingAlgorithm: epoch=83 loss=1.034291 time=43.125s peak_mem=620.8MB
2026-09-22 00:40:28,708 [INFO] trainer.FlowMatchingAlgorithm: epoch=84 loss=1.034882 time=43.069s peak_mem=620.8MB
2026-09-22 00:41:11,695 [INFO] trainer.FlowMatchingAlgorithm: epoch=85 loss=1.033979 time=42.986s peak_mem=620.8MB
2026-09-22 00:41:54,731 [INFO] trainer.FlowMatchingAlgorithm: epoch=86 loss=1.034482 time=43.035s peak_mem=620.8MB
2026-09-22 00:42:37,757 [INFO] trainer.FlowMatchingAlgorithm: epoch=87 loss=1.033532 time=43.025s peak_mem=620.8MB
2026-09-22 00:43:20,774 [INFO] trainer.FlowMatchingAlgorithm: epoch=88 loss=1.033903 time=43.017s peak_mem=620.8MB
2026-09-22 00:44:03,753 [INFO] trainer.FlowMatchingAlgorithm: epoch=89 loss=1.033475 time=42.978s peak_mem=620.8MB
2026-09-22 00:44:46,850 [INFO] trainer.FlowMatchingAlgorithm: epoch=90 loss=1.032725 time=43.097s peak_mem=620.8MB
2026-09-22 00:44:46,969 [INFO] trainer.FlowMatchingAlgorithm: Checkpoint saved -> results/fm_celeba_latent/checkpoints/run_1/FlowMatchingAlgorithm_epoch90.pt
2026-09-22 00:44:47,137 [INFO] trainer.FlowMatchingAlgorithm: Checkpoint archive -> results/fm_celeba_latent/checkpoints/run_1/archive/FlowMatchingAlgorithm_epoch90.zip
2026-09-22 00:45:30,209 [INFO] trainer.FlowMatchingAlgorithm: epoch=91 loss=1.033188 time=43.071s peak_mem=620.8MB
2026-09-22 00:46:13,224 [INFO] trainer.FlowMatchingAlgorithm: epoch=92 loss=1.033879 time=43.015s peak_mem=620.8MB
2026-09-22 00:46:56,335 [INFO] trainer.FlowMatchingAlgorithm: epoch=93 loss=1.033235 time=43.110s peak_mem=620.8MB
2026-09-22 00:47:39,422 [INFO] trainer.FlowMatchingAlgorithm: epoch=94 loss=1.032389 time=43.087s peak_mem=620.8MB
2026-09-22 00:48:22,432 [INFO] trainer.FlowMatchingAlgorithm: epoch=95 loss=1.032825 time=43.010s peak_mem=620.8MB
2026-09-22 00:49:05,458 [INFO] trainer.FlowMatchingAlgorithm: epoch=96 loss=1.032764 time=43.025s peak_mem=620.8MB
2026-09-22 00:49:48,451 [INFO] trainer.FlowMatchingAlgorithm: epoch=97 loss=1.032208 time=42.993s peak_mem=620.8MB
2026-09-22 00:50:31,432 [INFO] trainer.FlowMatchingAlgorithm: epoch=98 loss=1.032553 time=42.980s peak_mem=620.8MB
2026-09-22 00:51:14,438 [INFO] trainer.FlowMatchingAlgorithm: epoch=99 loss=1.032199 time=43.005s peak_mem=620.8MB
2026-09-22 00:51:57,441 [INFO] trainer.FlowMatchingAlgorithm: epoch=100 loss=1.032217 time=43.002s peak_mem=620.8MB
2026-09-22 00:51:57,560 [INFO] trainer.FlowMatchingAlgorithm: Checkpoint saved -> results/fm_celeba_latent/checkpoints/run_1/FlowMatchingAlgorithm_epoch100.pt
2026-09-22 00:51:57,732 [INFO] trainer.FlowMatchingAlgorithm: Checkpoint archive -> results/fm_celeba_latent/checkpoints/run_1/archive/FlowMatchingAlgorithm_epoch100.zip
