[run] training_type=pixel_diffusion
[run] representation_space=pixel
[run] dataset=cifar10
[run] algorithm=mf
[run] launcher_session_id=a727d813afee431a8e71868c13f190d3
[run] hostname=NDAG-M-Lab
[run] os_name=Linux
[run] os_release=7.0.0-31-generic
[run] architecture=x86_64
[run] python_version=3.12.2
[run] torch_version=2.5.1+cu121
[run] cuda_version=12.1
[run] cuda_visible_devices=unavailable
[run] gpu_device_index=0
[run] gpu_uuid=d4eecee8-2e57-baf1-f631-0660b6517f2b
[run] gpu_name=NVIDIA GeForce RTX 3090
[run] gpu_memory_gb=24
[run] gpu_count=1
[run] machine_label=linux-ndag-m-lab-nvidia-geforce-rtx-3090-24gb
[run] git_commit=7cca33de18e3c0784fa6a10f71c8645ff855678e
[run] git_dirty=true
[run] git_diff_sha256=13921c596e504b13995a6722b92b1d74f8e327319b0cbaaf795047b5482da332
[run] code_identity=7cca33de18e3c0784fa6a10f71c8645ff855678e+dirty:13921c596e50
[run] source_identity_sha256=80bd1b1e43d9c31bf77530f6950ff02cf82d82ca0612b1bcdd01fe2f1973fcec
[run] source_manifest=results/source_manifests/20260924T060656Z_pid493152.json
[run] parent_suite_timestamp=20260924T060656Z
[run] lifecycle_mode=fresh
[run] checkpoint_series=run_2
[run] selected_config_path=config/mf_v3_exact_jvp_b128.json
[run] selected_config_sha256=1501d99c9f6aa5ea16faa482877f189f44504ae032216bc13b6b0a7e54a87450
[run] log_device_token=nvidia-geforce-rtx-3090-24gb
[run] log_path=training_logs/nvidia-geforce-rtx-3090-24gb/pixel/cifar10/mf/cifar10_pixel_mf_run_2_ndag-m-lab_20260924T060656Z.log
[run] git_log_policy=eligible-not-auto-staged
[run] started_utc=2026-09-24T08:03:53Z
[run] command=/home/ndag/Desktop/SSD_137_207_209 Thesis/Difussion-Model/scripts/linux/train_all.sh --dataset cifar10 --only mf --mode fresh --checkpoint-every 10 --cifar-backbone current --machine-label linux-ndag-m-lab-nvidia-geforce-rtx-3090-24gb --mf-config config/mf_v3_exact_jvp_b128.json
[PLAN] /home/ndag/Desktop/SSD_137_207_209 Thesis/Difussion-Model/venv/bin/python train.py --algorithm mf --config config/mf_v3_exact_jvp_b128.json --mode fresh --checkpoint-every 10 --machine-label linux-ndag-m-lab-nvidia-geforce-rtx-3090-24gb
[fresh] Previous run preserved at: /home/ndag/Desktop/SSD_137_207_209 Thesis/Difussion-Model/results/history/mf_v3_exact_jvp_b128_cifar10_20260924_140355
[checkpoints] Active checkpoint series: run_2
[startup] Resolved experiment configuration (before dataset loading):
[startup] config: /home/ndag/Desktop/SSD_137_207_209 Thesis/Difussion-Model/config/mf_v3_exact_jvp_b128.json
[startup] algorithm: mf
[startup] experiment: mf_v3_exact_jvp_b128
[startup] backbone: simple_unet
[startup] result_dir: /home/ndag/Desktop/SSD_137_207_209 Thesis/Difussion-Model/results/mf_v3_exact_jvp_b128_cifar10
[startup] batch_size: 128
[startup] epochs: 100
[startup] seed: 0
[startup] learning_rate: 0.0001
[startup] scheduler: cosine
[startup] gradient_clip_norm: 1.0
[startup] use_exact_jvp: True
[startup] fd_force_fp32: False
[startup] p_same: 0.25
[startup] p_fd_step: 0.5
[startup] jvp_delta_range: 0.001 -> 0.0001
[startup] machine_label: linux-ndag-m-lab-nvidia-geforce-rtx-3090-24gb
[startup] code_identity: 7cca33de18e3c0784fa6a10f71c8645ff855678e+dirty:13921c596e50
[startup] source_identity_sha256: 80bd1b1e43d9c31bf77530f6950ff02cf82d82ca0612b1bcdd01fe2f1973fcec
[startup] selected_config_file_sha256: 1501d99c9f6aa5ea16faa482877f189f44504ae032216bc13b6b0a7e54a87450
[startup] lifecycle_mode: fresh
[startup] checkpoint_series: run_2
[startup] parent_suite_timestamp: 20260924T060656Z
Files already downloaded and verified
Files already downloaded and verified
2026-09-24 14:04:50,285 [INFO] trainer.MeanFlowAlgorithm: epoch=1 loss=0.436729 time=53.998s peak_mem=3514.9MB
2026-09-24 14:05:44,843 [INFO] trainer.MeanFlowAlgorithm: epoch=2 loss=0.397334 time=54.557s peak_mem=3514.9MB
2026-09-24 14:06:40,218 [INFO] trainer.MeanFlowAlgorithm: epoch=3 loss=0.398550 time=55.375s peak_mem=3514.9MB
2026-09-24 14:07:36,234 [INFO] trainer.MeanFlowAlgorithm: epoch=4 loss=0.408653 time=56.015s peak_mem=3514.9MB
2026-09-24 14:08:28,437 [INFO] trainer.MeanFlowAlgorithm: epoch=5 loss=0.411599 time=52.203s peak_mem=3514.9MB
2026-09-24 14:09:23,973 [INFO] trainer.MeanFlowAlgorithm: epoch=6 loss=0.437952 time=55.535s peak_mem=3514.9MB
2026-09-24 14:10:18,673 [INFO] trainer.MeanFlowAlgorithm: epoch=7 loss=0.408228 time=54.699s peak_mem=3514.9MB
2026-09-24 14:11:11,521 [INFO] trainer.MeanFlowAlgorithm: epoch=8 loss=0.396894 time=52.848s peak_mem=3514.9MB
2026-09-24 14:12:08,036 [INFO] trainer.MeanFlowAlgorithm: epoch=9 loss=0.419213 time=56.514s peak_mem=3514.9MB
2026-09-24 14:13:03,512 [INFO] trainer.MeanFlowAlgorithm: epoch=10 loss=0.417841 time=55.476s peak_mem=3514.9MB
2026-09-24 14:13:03,607 [INFO] trainer.MeanFlowAlgorithm: Checkpoint saved -> results/mf_v3_exact_jvp_b128_cifar10/checkpoints/run_2/MeanFlowAlgorithm_epoch10.pt
2026-09-24 14:13:03,737 [INFO] trainer.MeanFlowAlgorithm: Checkpoint archive -> results/mf_v3_exact_jvp_b128_cifar10/checkpoints/run_2/archive/MeanFlowAlgorithm_epoch10.zip
2026-09-24 14:13:56,497 [INFO] trainer.MeanFlowAlgorithm: epoch=11 loss=0.399855 time=52.760s peak_mem=3514.9MB
2026-09-24 14:14:46,167 [INFO] trainer.MeanFlowAlgorithm: epoch=12 loss=0.411995 time=49.669s peak_mem=3514.9MB
2026-09-24 14:15:40,189 [INFO] trainer.MeanFlowAlgorithm: epoch=13 loss=0.434230 time=54.022s peak_mem=3514.9MB
2026-09-24 14:16:31,303 [INFO] trainer.MeanFlowAlgorithm: epoch=14 loss=0.389021 time=51.113s peak_mem=3514.9MB
2026-09-24 14:17:22,429 [INFO] trainer.MeanFlowAlgorithm: epoch=15 loss=0.393177 time=51.125s peak_mem=3514.9MB
2026-09-24 14:18:14,693 [INFO] trainer.MeanFlowAlgorithm: epoch=16 loss=0.405272 time=52.264s peak_mem=3514.9MB
2026-09-24 14:19:05,976 [INFO] trainer.MeanFlowAlgorithm: epoch=17 loss=0.395818 time=51.283s peak_mem=3514.9MB
2026-09-24 14:19:56,009 [INFO] trainer.MeanFlowAlgorithm: epoch=18 loss=0.397225 time=50.033s peak_mem=3514.9MB
2026-09-24 14:20:47,839 [INFO] trainer.MeanFlowAlgorithm: epoch=19 loss=0.417264 time=51.829s peak_mem=3514.9MB
2026-09-24 14:21:39,340 [INFO] trainer.MeanFlowAlgorithm: epoch=20 loss=0.411452 time=51.501s peak_mem=3514.9MB
2026-09-24 14:21:39,434 [INFO] trainer.MeanFlowAlgorithm: Checkpoint saved -> results/mf_v3_exact_jvp_b128_cifar10/checkpoints/run_2/MeanFlowAlgorithm_epoch20.pt
2026-09-24 14:21:39,555 [INFO] trainer.MeanFlowAlgorithm: Checkpoint archive -> results/mf_v3_exact_jvp_b128_cifar10/checkpoints/run_2/archive/MeanFlowAlgorithm_epoch20.zip
2026-09-24 14:22:29,480 [INFO] trainer.MeanFlowAlgorithm: epoch=21 loss=0.397443 time=49.925s peak_mem=3514.9MB
2026-09-24 14:23:20,145 [INFO] trainer.MeanFlowAlgorithm: epoch=22 loss=0.393904 time=50.664s peak_mem=3514.9MB
2026-09-24 14:24:10,383 [INFO] trainer.MeanFlowAlgorithm: epoch=23 loss=0.412265 time=50.237s peak_mem=3514.9MB
2026-09-24 14:25:01,745 [INFO] trainer.MeanFlowAlgorithm: epoch=24 loss=0.410438 time=51.362s peak_mem=3514.9MB
2026-09-24 14:25:53,428 [INFO] trainer.MeanFlowAlgorithm: epoch=25 loss=0.403897 time=51.682s peak_mem=3514.9MB
/home/ndag/Desktop/SSD_137_207_209 Thesis/Difussion-Model/venv/lib/python3.12/site-packages/torchmetrics/utilities/prints.py:43: UserWarning: Metric `InceptionScore` will save all extracted features in buffer. For large datasets this may lead to large memory footprint.
  warnings.warn(*args, **kwargs)
2026-09-24 14:28:29,007 [INFO] trainer.MeanFlowAlgorithm: epoch=26 loss=0.418925 time=52.603s peak_mem=4183.0MB
2026-09-24 14:29:20,774 [INFO] trainer.MeanFlowAlgorithm: epoch=27 loss=0.426153 time=51.766s peak_mem=4183.0MB
2026-09-24 14:30:13,198 [INFO] trainer.MeanFlowAlgorithm: epoch=28 loss=0.419630 time=52.424s peak_mem=4183.0MB
2026-09-24 14:31:05,820 [INFO] trainer.MeanFlowAlgorithm: epoch=29 loss=0.427012 time=52.622s peak_mem=4183.0MB
2026-09-24 14:31:57,294 [INFO] trainer.MeanFlowAlgorithm: epoch=30 loss=0.391304 time=51.474s peak_mem=4183.0MB
2026-09-24 14:31:57,390 [INFO] trainer.MeanFlowAlgorithm: Checkpoint saved -> results/mf_v3_exact_jvp_b128_cifar10/checkpoints/run_2/MeanFlowAlgorithm_epoch30.pt
2026-09-24 14:31:57,515 [INFO] trainer.MeanFlowAlgorithm: Checkpoint archive -> results/mf_v3_exact_jvp_b128_cifar10/checkpoints/run_2/archive/MeanFlowAlgorithm_epoch30.zip
2026-09-24 14:32:47,469 [INFO] trainer.MeanFlowAlgorithm: epoch=31 loss=0.395688 time=49.954s peak_mem=4183.0MB
2026-09-24 14:33:41,979 [INFO] trainer.MeanFlowAlgorithm: epoch=32 loss=0.436274 time=54.509s peak_mem=4183.0MB
2026-09-24 14:34:34,569 [INFO] trainer.MeanFlowAlgorithm: epoch=33 loss=0.416384 time=52.589s peak_mem=4183.0MB
2026-09-24 14:35:25,131 [INFO] trainer.MeanFlowAlgorithm: epoch=34 loss=0.403443 time=50.562s peak_mem=4183.0MB
2026-09-24 14:36:14,495 [INFO] trainer.MeanFlowAlgorithm: epoch=35 loss=0.421016 time=49.363s peak_mem=4183.0MB
2026-09-24 14:37:03,059 [INFO] trainer.MeanFlowAlgorithm: epoch=36 loss=0.420875 time=48.555s peak_mem=4183.0MB
2026-09-24 14:37:52,274 [INFO] trainer.MeanFlowAlgorithm: epoch=37 loss=0.429901 time=49.215s peak_mem=4183.0MB
2026-09-24 14:38:39,059 [INFO] trainer.MeanFlowAlgorithm: epoch=38 loss=0.393071 time=46.784s peak_mem=4183.0MB
2026-09-24 14:39:27,890 [INFO] trainer.MeanFlowAlgorithm: epoch=39 loss=0.423545 time=48.831s peak_mem=4183.0MB
2026-09-24 14:40:18,095 [INFO] trainer.MeanFlowAlgorithm: epoch=40 loss=0.422126 time=50.204s peak_mem=4183.0MB
2026-09-24 14:40:18,195 [INFO] trainer.MeanFlowAlgorithm: Checkpoint saved -> results/mf_v3_exact_jvp_b128_cifar10/checkpoints/run_2/MeanFlowAlgorithm_epoch40.pt
2026-09-24 14:40:18,319 [INFO] trainer.MeanFlowAlgorithm: Checkpoint archive -> results/mf_v3_exact_jvp_b128_cifar10/checkpoints/run_2/archive/MeanFlowAlgorithm_epoch40.zip
2026-09-24 14:41:10,679 [INFO] trainer.MeanFlowAlgorithm: epoch=41 loss=0.447881 time=52.359s peak_mem=4183.0MB
2026-09-24 14:42:01,931 [INFO] trainer.MeanFlowAlgorithm: epoch=42 loss=0.437253 time=51.251s peak_mem=4183.0MB
2026-09-24 14:42:51,381 [INFO] trainer.MeanFlowAlgorithm: epoch=43 loss=0.420730 time=49.450s peak_mem=4183.0MB
2026-09-24 14:43:42,650 [INFO] trainer.MeanFlowAlgorithm: epoch=44 loss=0.435871 time=51.268s peak_mem=4183.0MB
2026-09-24 14:44:32,279 [INFO] trainer.MeanFlowAlgorithm: epoch=45 loss=0.422870 time=49.628s peak_mem=4183.0MB
2026-09-24 14:45:22,688 [INFO] trainer.MeanFlowAlgorithm: epoch=46 loss=0.435049 time=50.409s peak_mem=4183.0MB
2026-09-24 14:46:13,409 [INFO] trainer.MeanFlowAlgorithm: epoch=47 loss=0.438292 time=50.721s peak_mem=4183.0MB
2026-09-24 14:47:03,692 [INFO] trainer.MeanFlowAlgorithm: epoch=48 loss=0.448073 time=50.282s peak_mem=4183.0MB
2026-09-24 14:47:51,823 [INFO] trainer.MeanFlowAlgorithm: epoch=49 loss=0.406934 time=48.130s peak_mem=4183.0MB
2026-09-24 14:48:39,611 [INFO] trainer.MeanFlowAlgorithm: epoch=50 loss=0.395856 time=47.788s peak_mem=4183.0MB
2026-09-24 14:48:39,707 [INFO] trainer.MeanFlowAlgorithm: Checkpoint saved -> results/mf_v3_exact_jvp_b128_cifar10/checkpoints/run_2/MeanFlowAlgorithm_epoch50.pt
2026-09-24 14:48:39,833 [INFO] trainer.MeanFlowAlgorithm: Checkpoint archive -> results/mf_v3_exact_jvp_b128_cifar10/checkpoints/run_2/archive/MeanFlowAlgorithm_epoch50.zip
2026-09-24 14:51:09,890 [INFO] trainer.MeanFlowAlgorithm: epoch=51 loss=0.415313 time=49.668s peak_mem=4297.3MB
2026-09-24 14:51:59,284 [INFO] trainer.MeanFlowAlgorithm: epoch=52 loss=0.423076 time=49.394s peak_mem=4297.3MB
2026-09-24 14:52:47,987 [INFO] trainer.MeanFlowAlgorithm: epoch=53 loss=0.428195 time=48.702s peak_mem=4297.3MB
2026-09-24 14:53:36,968 [INFO] trainer.MeanFlowAlgorithm: epoch=54 loss=0.421588 time=48.980s peak_mem=4297.3MB
2026-09-24 14:54:24,989 [INFO] trainer.MeanFlowAlgorithm: epoch=55 loss=0.423247 time=48.020s peak_mem=4297.3MB
2026-09-24 14:55:15,092 [INFO] trainer.MeanFlowAlgorithm: epoch=56 loss=0.430391 time=50.103s peak_mem=4297.3MB
2026-09-24 14:56:04,223 [INFO] trainer.MeanFlowAlgorithm: epoch=57 loss=0.417611 time=49.130s peak_mem=4297.3MB
2026-09-24 14:56:54,732 [INFO] trainer.MeanFlowAlgorithm: epoch=58 loss=0.425433 time=50.508s peak_mem=4297.3MB
2026-09-24 14:57:44,149 [INFO] trainer.MeanFlowAlgorithm: epoch=59 loss=0.434041 time=49.417s peak_mem=4297.3MB
2026-09-24 14:58:34,185 [INFO] trainer.MeanFlowAlgorithm: epoch=60 loss=0.438676 time=50.035s peak_mem=4297.3MB
2026-09-24 14:58:34,280 [INFO] trainer.MeanFlowAlgorithm: Checkpoint saved -> results/mf_v3_exact_jvp_b128_cifar10/checkpoints/run_2/MeanFlowAlgorithm_epoch60.pt
2026-09-24 14:58:34,407 [INFO] trainer.MeanFlowAlgorithm: Checkpoint archive -> results/mf_v3_exact_jvp_b128_cifar10/checkpoints/run_2/archive/MeanFlowAlgorithm_epoch60.zip
2026-09-24 14:59:28,709 [INFO] trainer.MeanFlowAlgorithm: epoch=61 loss=0.464622 time=54.302s peak_mem=4297.3MB
2026-09-24 15:00:21,488 [INFO] trainer.MeanFlowAlgorithm: epoch=62 loss=0.449382 time=52.778s peak_mem=4297.3MB
2026-09-24 15:01:13,910 [INFO] trainer.MeanFlowAlgorithm: epoch=63 loss=0.448826 time=52.422s peak_mem=4297.3MB
2026-09-24 15:02:08,005 [INFO] trainer.MeanFlowAlgorithm: epoch=64 loss=0.444313 time=54.095s peak_mem=4297.3MB
2026-09-24 15:02:57,424 [INFO] trainer.MeanFlowAlgorithm: epoch=65 loss=0.417088 time=49.419s peak_mem=4297.3MB
2026-09-24 15:03:48,441 [INFO] trainer.MeanFlowAlgorithm: epoch=66 loss=0.435219 time=51.016s peak_mem=4297.3MB
2026-09-24 15:04:38,581 [INFO] trainer.MeanFlowAlgorithm: epoch=67 loss=0.407017 time=50.139s peak_mem=4297.3MB
2026-09-24 15:05:30,140 [INFO] trainer.MeanFlowAlgorithm: epoch=68 loss=0.422704 time=51.558s peak_mem=4297.3MB
2026-09-24 15:06:20,897 [INFO] trainer.MeanFlowAlgorithm: epoch=69 loss=0.417255 time=50.757s peak_mem=4297.3MB
2026-09-24 15:07:12,325 [INFO] trainer.MeanFlowAlgorithm: epoch=70 loss=0.440276 time=51.428s peak_mem=4297.3MB
2026-09-24 15:07:12,420 [INFO] trainer.MeanFlowAlgorithm: Checkpoint saved -> results/mf_v3_exact_jvp_b128_cifar10/checkpoints/run_2/MeanFlowAlgorithm_epoch70.pt
2026-09-24 15:07:12,549 [INFO] trainer.MeanFlowAlgorithm: Checkpoint archive -> results/mf_v3_exact_jvp_b128_cifar10/checkpoints/run_2/archive/MeanFlowAlgorithm_epoch70.zip
2026-09-24 15:08:03,517 [INFO] trainer.MeanFlowAlgorithm: epoch=71 loss=0.432533 time=50.968s peak_mem=4297.3MB
2026-09-24 15:08:53,684 [INFO] trainer.MeanFlowAlgorithm: epoch=72 loss=0.429537 time=50.166s peak_mem=4297.3MB
2026-09-24 15:09:45,446 [INFO] trainer.MeanFlowAlgorithm: epoch=73 loss=0.449104 time=51.762s peak_mem=4297.3MB
2026-09-24 15:10:39,738 [INFO] trainer.MeanFlowAlgorithm: epoch=74 loss=0.464734 time=54.291s peak_mem=4297.3MB
2026-09-24 15:11:30,311 [INFO] trainer.MeanFlowAlgorithm: epoch=75 loss=0.430130 time=50.573s peak_mem=4297.3MB
2026-09-24 15:14:03,337 [INFO] trainer.MeanFlowAlgorithm: epoch=76 loss=0.406352 time=49.489s peak_mem=3960.4MB
2026-09-24 15:14:56,388 [INFO] trainer.MeanFlowAlgorithm: epoch=77 loss=0.483970 time=53.051s peak_mem=3960.4MB
2026-09-24 15:15:47,596 [INFO] trainer.MeanFlowAlgorithm: epoch=78 loss=0.420960 time=51.198s peak_mem=3960.4MB
2026-09-24 15:16:39,218 [INFO] trainer.MeanFlowAlgorithm: epoch=79 loss=0.442181 time=51.622s peak_mem=3960.4MB
2026-09-24 15:17:33,712 [INFO] trainer.MeanFlowAlgorithm: epoch=80 loss=0.455347 time=54.493s peak_mem=3960.4MB
2026-09-24 15:17:33,808 [INFO] trainer.MeanFlowAlgorithm: Checkpoint saved -> results/mf_v3_exact_jvp_b128_cifar10/checkpoints/run_2/MeanFlowAlgorithm_epoch80.pt
2026-09-24 15:17:33,931 [INFO] trainer.MeanFlowAlgorithm: Checkpoint archive -> results/mf_v3_exact_jvp_b128_cifar10/checkpoints/run_2/archive/MeanFlowAlgorithm_epoch80.zip
2026-09-24 15:18:24,415 [INFO] trainer.MeanFlowAlgorithm: epoch=81 loss=0.416326 time=50.484s peak_mem=3960.4MB
2026-09-24 15:19:17,467 [INFO] trainer.MeanFlowAlgorithm: epoch=82 loss=0.459266 time=53.052s peak_mem=3960.4MB
2026-09-24 15:20:10,120 [INFO] trainer.MeanFlowAlgorithm: epoch=83 loss=0.427406 time=52.652s peak_mem=3960.4MB
2026-09-24 15:21:02,125 [INFO] trainer.MeanFlowAlgorithm: epoch=84 loss=0.474031 time=52.005s peak_mem=3960.4MB
2026-09-24 15:21:54,053 [INFO] trainer.MeanFlowAlgorithm: epoch=85 loss=0.478121 time=51.927s peak_mem=3960.4MB
2026-09-24 15:22:45,766 [INFO] trainer.MeanFlowAlgorithm: epoch=86 loss=0.443967 time=51.713s peak_mem=3960.4MB
2026-09-24 15:23:38,262 [INFO] trainer.MeanFlowAlgorithm: epoch=87 loss=0.454075 time=52.495s peak_mem=3960.4MB
2026-09-24 15:24:31,581 [INFO] trainer.MeanFlowAlgorithm: epoch=88 loss=0.453690 time=53.318s peak_mem=3960.4MB
2026-09-24 15:25:24,235 [INFO] trainer.MeanFlowAlgorithm: epoch=89 loss=0.451608 time=52.654s peak_mem=3960.4MB
2026-09-24 15:26:14,531 [INFO] trainer.MeanFlowAlgorithm: epoch=90 loss=0.426750 time=50.296s peak_mem=3960.4MB
2026-09-24 15:26:14,627 [INFO] trainer.MeanFlowAlgorithm: Checkpoint saved -> results/mf_v3_exact_jvp_b128_cifar10/checkpoints/run_2/MeanFlowAlgorithm_epoch90.pt
2026-09-24 15:26:14,751 [INFO] trainer.MeanFlowAlgorithm: Checkpoint archive -> results/mf_v3_exact_jvp_b128_cifar10/checkpoints/run_2/archive/MeanFlowAlgorithm_epoch90.zip
2026-09-24 15:27:08,253 [INFO] trainer.MeanFlowAlgorithm: epoch=91 loss=0.481026 time=53.501s peak_mem=3960.4MB
2026-09-24 15:27:58,708 [INFO] trainer.MeanFlowAlgorithm: epoch=92 loss=0.431751 time=50.455s peak_mem=3960.4MB
2026-09-24 15:28:50,441 [INFO] trainer.MeanFlowAlgorithm: epoch=93 loss=0.445642 time=51.733s peak_mem=3960.4MB
2026-09-24 15:29:45,229 [INFO] trainer.MeanFlowAlgorithm: epoch=94 loss=0.478361 time=54.787s peak_mem=3960.4MB
2026-09-24 15:30:39,550 [INFO] trainer.MeanFlowAlgorithm: epoch=95 loss=0.470299 time=54.321s peak_mem=3960.4MB
2026-09-24 15:31:27,281 [INFO] trainer.MeanFlowAlgorithm: epoch=96 loss=0.431987 time=47.731s peak_mem=3960.4MB
2026-09-24 15:32:17,736 [INFO] trainer.MeanFlowAlgorithm: epoch=97 loss=0.444171 time=50.454s peak_mem=3960.4MB
2026-09-24 15:33:09,391 [INFO] trainer.MeanFlowAlgorithm: epoch=98 loss=0.469626 time=51.654s peak_mem=3960.4MB
2026-09-24 15:34:02,301 [INFO] trainer.MeanFlowAlgorithm: epoch=99 loss=0.443514 time=52.910s peak_mem=3960.4MB
2026-09-24 15:34:53,405 [INFO] trainer.MeanFlowAlgorithm: epoch=100 loss=0.437147 time=51.103s peak_mem=3960.4MB
2026-09-24 15:34:53,500 [INFO] trainer.MeanFlowAlgorithm: Checkpoint saved -> results/mf_v3_exact_jvp_b128_cifar10/checkpoints/run_2/MeanFlowAlgorithm_epoch100.pt
2026-09-24 15:34:53,624 [INFO] trainer.MeanFlowAlgorithm: Checkpoint archive -> results/mf_v3_exact_jvp_b128_cifar10/checkpoints/run_2/archive/MeanFlowAlgorithm_epoch100.zip
Training workflow complete.
[run] finished_utc=2026-09-24T09:36:37Z
[run] exit_status=0
