[run] training_type=latent_diffusion
[run] representation_space=latent
[run] dataset=celeba_latent
[run] algorithm=mf_hutchinson
[run] config=config/mf_hutchinson_cv_celeba_latent.json
[run] estimator=control_variate_hutchinson
[run] n_probes=4
[run] fd_eps_range=0.01 -> 0.0001
[run] mode=fresh
[run] launcher_session_id=47b2858cb6724ec1af1bcc4fd9aafbd1
[run] hostname=X
[run] os_name=Windows
[run] os_release=11
[run] architecture=AMD64
[run] python_version=3.12.10
[run] torch_version=2.11.0+cu128
[run] cuda_version=12.8
[run] cuda_visible_devices=unavailable
[run] gpu_device_index=0
[run] gpu_uuid=038f0b40-d429-2bc2-f1b9-5c8905848ff6
[run] gpu_name=NVIDIA GeForce RTX 4070 Laptop GPU
[run] gpu_memory_gb=8
[run] gpu_count=1
[run] machine_label=windows-x-nvidia-geforce-rtx-4070-laptop-gpu-8gb
[run] git_commit=afc62d1c95b9c5a91b6aebc221fa16962a5bfbe5
[run] git_dirty=false
[run] git_diff_sha256=unavailable
[run] code_identity=afc62d1c95b9c5a91b6aebc221fa16962a5bfbe5
[run] source_identity_sha256=unavailable
[run] source_manifest=unavailable
[run] parent_suite_timestamp=20260923T123913Z
[run] lifecycle_mode=unavailable
[run] checkpoint_series=unavailable
[run] selected_config_path=config/mf_hutchinson_cv_celeba_latent.json
[run] selected_config_sha256=3adad2e00b46952d659f5bc940ef495a41906ed288daadcf3b667d160e5c9b22
[run] log_device_token=nvidia-geforce-rtx-4070-laptop-gpu-8gb
[run] log_path=training_logs/nvidia-geforce-rtx-4070-laptop-gpu-8gb/latent/mf_hutchinson/celeba_latent_hutchinson_cv_X_20260923T123915Z.log
[run] git_log_policy=eligible-not-auto-staged
