[run] training_type=pixel_diffusion
[run] representation_space=pixel
[run] dataset=cifar10
[run] algorithm=consistency
[run] launcher_session_id=9b038a4c78b940668625daefeaf66f5e
[run] hostname=NDAG-M-Lab
[run] os_name=Linux
[run] os_release=7.0.0-34-generic
[run] architecture=x86_64
[run] python_version=3.12.2
[run] torch_version=2.5.1+cu121
[run] cuda_version=12.1
[run] cuda_visible_devices=unavailable
[run] gpu_device_index=0
[run] gpu_uuid=d4eecee8-2e57-baf1-f631-0660b6517f2b
[run] gpu_name=NVIDIA GeForce RTX 3090
[run] gpu_memory_gb=24
[run] gpu_count=1
[run] machine_label=linux-ndag-m-lab-nvidia-geforce-rtx-3090-24gb
[run] git_commit=975f260dccdf3101cc611f2f6b02667814e41291
[run] git_dirty=true
[run] git_diff_sha256=77eeaae9d70d146eb30b5a395767ea2c1a67a4ec5abb64491b1471bb7d3b16b9
[run] code_identity=975f260dccdf3101cc611f2f6b02667814e41291+dirty:77eeaae9d70d
[run] source_identity_sha256=80bd1b1e43d9c31bf77530f6950ff02cf82d82ca0612b1bcdd01fe2f1973fcec
[run] source_manifest=results/source_manifests/20260924T183516Z_pid201970.json
[run] parent_suite_timestamp=20260924T183516Z
[run] lifecycle_mode=fresh
[run] checkpoint_series=run_3
[run] selected_config_path=config/consistency_full.json
[run] selected_config_sha256=7e50f72950df90c68334a2f3856b6f9694bf68a7914eec956c6a9e98299e02b9
[run] log_device_token=nvidia-geforce-rtx-3090-24gb
[run] log_path=training_logs/nvidia-geforce-rtx-3090-24gb/pixel/cifar10/consistency/cifar10_pixel_consistency_run_3_ndag-m-lab_20260924T183516Z.log
[run] git_log_policy=eligible-not-auto-staged
[run] started_utc=2026-09-24T23:41:42Z
[run] command=/home/ndag/Desktop/SSD_137_207_209 Thesis/Difussion-Model/scripts/linux/train_all.sh --dataset cifar10 --only consistency --mode fresh --checkpoint-every 10 --cifar-backbone current --machine-label linux-ndag-m-lab-nvidia-geforce-rtx-3090-24gb
[OK] FM teacher checkpoint: results/fm_cifar10/checkpoints/run_5/FlowMatchingAlgorithm_epoch100.pt
[PLAN] /home/ndag/Desktop/SSD_137_207_209 Thesis/Difussion-Model/venv/bin/python train.py --algorithm consistency --config config/consistency_full.json --mode fresh --checkpoint-every 10 --machine-label linux-ndag-m-lab-nvidia-geforce-rtx-3090-24gb
[fresh] Previous run preserved at: /home/ndag/Desktop/SSD_137_207_209 Thesis/Difussion-Model/results/history/consistency_cifar10_20260925_054144
[checkpoints] Active checkpoint series: run_3
[startup] Resolved experiment configuration (before dataset loading):
[startup] config: /home/ndag/Desktop/SSD_137_207_209 Thesis/Difussion-Model/config/consistency_full.json
[startup] algorithm: consistency
[startup] experiment: consistency
[startup] backbone: simple_unet
[startup] result_dir: /home/ndag/Desktop/SSD_137_207_209 Thesis/Difussion-Model/results/consistency_cifar10
[startup] batch_size: 128
[startup] epochs: 100
[startup] seed: 0
[startup] learning_rate: 0.0001
[startup] scheduler: none
[startup] gradient_clip_norm: None
[startup] machine_label: linux-ndag-m-lab-nvidia-geforce-rtx-3090-24gb
[startup] code_identity: 975f260dccdf3101cc611f2f6b02667814e41291+dirty:77eeaae9d70d
[startup] source_identity_sha256: 80bd1b1e43d9c31bf77530f6950ff02cf82d82ca0612b1bcdd01fe2f1973fcec
[startup] selected_config_file_sha256: 7e50f72950df90c68334a2f3856b6f9694bf68a7914eec956c6a9e98299e02b9
[startup] lifecycle_mode: fresh
[startup] checkpoint_series: run_3
[startup] parent_suite_timestamp: 20260924T183516Z
Files already downloaded and verified
Files already downloaded and verified
2026-09-25 05:42:24,688 [INFO] trainer.ConsistencyAlgorithm: epoch=1 loss=0.000924 time=38.933s peak_mem=2570.5MB
2026-09-25 05:43:03,271 [INFO] trainer.ConsistencyAlgorithm: epoch=2 loss=0.000626 time=38.583s peak_mem=2570.5MB
2026-09-25 05:43:41,847 [INFO] trainer.ConsistencyAlgorithm: epoch=3 loss=0.000520 time=38.576s peak_mem=2570.5MB
2026-09-25 05:44:20,526 [INFO] trainer.ConsistencyAlgorithm: epoch=4 loss=0.000451 time=38.678s peak_mem=2570.5MB
2026-09-25 05:44:59,223 [INFO] trainer.ConsistencyAlgorithm: epoch=5 loss=0.000389 time=38.697s peak_mem=2570.5MB
2026-09-25 05:45:37,815 [INFO] trainer.ConsistencyAlgorithm: epoch=6 loss=0.000352 time=38.591s peak_mem=2570.5MB
2026-09-25 05:46:16,502 [INFO] trainer.ConsistencyAlgorithm: epoch=7 loss=0.000318 time=38.686s peak_mem=2570.5MB
2026-09-25 05:46:55,205 [INFO] trainer.ConsistencyAlgorithm: epoch=8 loss=0.000299 time=38.702s peak_mem=2570.5MB
2026-09-25 05:47:33,908 [INFO] trainer.ConsistencyAlgorithm: epoch=9 loss=0.000280 time=38.703s peak_mem=2570.5MB
2026-09-25 05:48:12,587 [INFO] trainer.ConsistencyAlgorithm: epoch=10 loss=0.000270 time=38.678s peak_mem=2570.5MB
2026-09-25 05:48:12,703 [INFO] trainer.ConsistencyAlgorithm: Checkpoint saved -> results/consistency_cifar10/checkpoints/run_3/ConsistencyAlgorithm_epoch10.pt
2026-09-25 05:48:12,864 [INFO] trainer.ConsistencyAlgorithm: Checkpoint archive -> results/consistency_cifar10/checkpoints/run_3/archive/ConsistencyAlgorithm_epoch10.zip
2026-09-25 05:48:51,562 [INFO] trainer.ConsistencyAlgorithm: epoch=11 loss=0.000249 time=38.698s peak_mem=2570.5MB
2026-09-25 05:49:30,254 [INFO] trainer.ConsistencyAlgorithm: epoch=12 loss=0.000243 time=38.691s peak_mem=2570.5MB
2026-09-25 05:50:08,945 [INFO] trainer.ConsistencyAlgorithm: epoch=13 loss=0.000233 time=38.691s peak_mem=2570.5MB
2026-09-25 05:50:47,634 [INFO] trainer.ConsistencyAlgorithm: epoch=14 loss=0.000222 time=38.688s peak_mem=2570.5MB
2026-09-25 05:51:26,314 [INFO] trainer.ConsistencyAlgorithm: epoch=15 loss=0.000233 time=38.679s peak_mem=2570.5MB
2026-09-25 05:52:05,015 [INFO] trainer.ConsistencyAlgorithm: epoch=16 loss=0.000224 time=38.700s peak_mem=2570.5MB
2026-09-25 05:52:43,702 [INFO] trainer.ConsistencyAlgorithm: epoch=17 loss=0.000206 time=38.687s peak_mem=2570.5MB
2026-09-25 05:53:22,369 [INFO] trainer.ConsistencyAlgorithm: epoch=18 loss=0.000223 time=38.667s peak_mem=2570.5MB
2026-09-25 05:54:01,063 [INFO] trainer.ConsistencyAlgorithm: epoch=19 loss=0.000223 time=38.693s peak_mem=2570.5MB
2026-09-25 05:54:39,762 [INFO] trainer.ConsistencyAlgorithm: epoch=20 loss=0.000211 time=38.699s peak_mem=2570.5MB
2026-09-25 05:54:39,878 [INFO] trainer.ConsistencyAlgorithm: Checkpoint saved -> results/consistency_cifar10/checkpoints/run_3/ConsistencyAlgorithm_epoch20.pt
2026-09-25 05:54:40,039 [INFO] trainer.ConsistencyAlgorithm: Checkpoint archive -> results/consistency_cifar10/checkpoints/run_3/archive/ConsistencyAlgorithm_epoch20.zip
2026-09-25 05:55:18,747 [INFO] trainer.ConsistencyAlgorithm: epoch=21 loss=0.000212 time=38.708s peak_mem=2570.5MB
2026-09-25 05:55:57,432 [INFO] trainer.ConsistencyAlgorithm: epoch=22 loss=0.000212 time=38.684s peak_mem=2570.5MB
2026-09-25 05:56:36,100 [INFO] trainer.ConsistencyAlgorithm: epoch=23 loss=0.000216 time=38.668s peak_mem=2570.5MB
2026-09-25 05:57:14,782 [INFO] trainer.ConsistencyAlgorithm: epoch=24 loss=0.000202 time=38.682s peak_mem=2570.5MB
2026-09-25 05:57:53,459 [INFO] trainer.ConsistencyAlgorithm: epoch=25 loss=0.000208 time=38.676s peak_mem=2570.5MB
/home/ndag/Desktop/SSD_137_207_209 Thesis/Difussion-Model/venv/lib/python3.12/site-packages/torchmetrics/utilities/prints.py:43: UserWarning: Metric `InceptionScore` will save all extracted features in buffer. For large datasets this may lead to large memory footprint.
  warnings.warn(*args, **kwargs)
2026-09-25 06:00:09,297 [INFO] trainer.ConsistencyAlgorithm: epoch=26 loss=0.000207 time=38.729s peak_mem=2902.9MB
2026-09-25 06:00:48,043 [INFO] trainer.ConsistencyAlgorithm: epoch=27 loss=0.000226 time=38.746s peak_mem=2902.9MB
2026-09-25 06:01:26,781 [INFO] trainer.ConsistencyAlgorithm: epoch=28 loss=0.000213 time=38.737s peak_mem=2902.9MB
2026-09-25 06:02:05,527 [INFO] trainer.ConsistencyAlgorithm: epoch=29 loss=0.000244 time=38.745s peak_mem=2902.9MB
2026-09-25 06:02:44,144 [INFO] trainer.ConsistencyAlgorithm: epoch=30 loss=0.000209 time=38.617s peak_mem=2902.9MB
2026-09-25 06:02:44,260 [INFO] trainer.ConsistencyAlgorithm: Checkpoint saved -> results/consistency_cifar10/checkpoints/run_3/ConsistencyAlgorithm_epoch30.pt
2026-09-25 06:02:44,423 [INFO] trainer.ConsistencyAlgorithm: Checkpoint archive -> results/consistency_cifar10/checkpoints/run_3/archive/ConsistencyAlgorithm_epoch30.zip
2026-09-25 06:03:23,180 [INFO] trainer.ConsistencyAlgorithm: epoch=31 loss=0.000237 time=38.757s peak_mem=2902.9MB
2026-09-25 06:04:01,934 [INFO] trainer.ConsistencyAlgorithm: epoch=32 loss=0.000248 time=38.753s peak_mem=2902.9MB
2026-09-25 06:04:40,594 [INFO] trainer.ConsistencyAlgorithm: epoch=33 loss=0.000251 time=38.660s peak_mem=2902.9MB
2026-09-25 06:05:19,336 [INFO] trainer.ConsistencyAlgorithm: epoch=34 loss=0.000258 time=38.741s peak_mem=2902.9MB
2026-09-25 06:05:58,087 [INFO] trainer.ConsistencyAlgorithm: epoch=35 loss=0.000249 time=38.751s peak_mem=2902.9MB
2026-09-25 06:06:36,829 [INFO] trainer.ConsistencyAlgorithm: epoch=36 loss=0.000231 time=38.741s peak_mem=2902.9MB
2026-09-25 06:07:15,479 [INFO] trainer.ConsistencyAlgorithm: epoch=37 loss=0.000252 time=38.650s peak_mem=2902.9MB
2026-09-25 06:07:54,230 [INFO] trainer.ConsistencyAlgorithm: epoch=38 loss=0.000277 time=38.750s peak_mem=2902.9MB
2026-09-25 06:08:32,977 [INFO] trainer.ConsistencyAlgorithm: epoch=39 loss=0.000251 time=38.747s peak_mem=2902.9MB
2026-09-25 06:09:11,717 [INFO] trainer.ConsistencyAlgorithm: epoch=40 loss=0.000279 time=38.739s peak_mem=2902.9MB
2026-09-25 06:09:11,833 [INFO] trainer.ConsistencyAlgorithm: Checkpoint saved -> results/consistency_cifar10/checkpoints/run_3/ConsistencyAlgorithm_epoch40.pt
2026-09-25 06:09:11,995 [INFO] trainer.ConsistencyAlgorithm: Checkpoint archive -> results/consistency_cifar10/checkpoints/run_3/archive/ConsistencyAlgorithm_epoch40.zip
2026-09-25 06:09:50,726 [INFO] trainer.ConsistencyAlgorithm: epoch=41 loss=0.000229 time=38.730s peak_mem=2902.9MB
2026-09-25 06:10:29,358 [INFO] trainer.ConsistencyAlgorithm: epoch=42 loss=0.000279 time=38.632s peak_mem=2902.9MB
2026-09-25 06:11:08,002 [INFO] trainer.ConsistencyAlgorithm: epoch=43 loss=0.000298 time=38.643s peak_mem=2902.9MB
2026-09-25 06:11:46,749 [INFO] trainer.ConsistencyAlgorithm: epoch=44 loss=0.000275 time=38.747s peak_mem=2902.9MB
2026-09-25 06:12:25,488 [INFO] trainer.ConsistencyAlgorithm: epoch=45 loss=0.000251 time=38.738s peak_mem=2902.9MB
2026-09-25 06:13:04,246 [INFO] trainer.ConsistencyAlgorithm: epoch=46 loss=0.000236 time=38.757s peak_mem=2902.9MB
2026-09-25 06:13:42,986 [INFO] trainer.ConsistencyAlgorithm: epoch=47 loss=0.000259 time=38.740s peak_mem=2902.9MB
2026-09-25 06:14:21,636 [INFO] trainer.ConsistencyAlgorithm: epoch=48 loss=0.000314 time=38.650s peak_mem=2902.9MB
2026-09-25 06:15:00,385 [INFO] trainer.ConsistencyAlgorithm: epoch=49 loss=0.000263 time=38.748s peak_mem=2902.9MB
2026-09-25 06:15:39,123 [INFO] trainer.ConsistencyAlgorithm: epoch=50 loss=0.000271 time=38.737s peak_mem=2902.9MB
2026-09-25 06:15:39,238 [INFO] trainer.ConsistencyAlgorithm: Checkpoint saved -> results/consistency_cifar10/checkpoints/run_3/ConsistencyAlgorithm_epoch50.pt
2026-09-25 06:15:39,404 [INFO] trainer.ConsistencyAlgorithm: Checkpoint archive -> results/consistency_cifar10/checkpoints/run_3/archive/ConsistencyAlgorithm_epoch50.zip
2026-09-25 06:17:55,084 [INFO] trainer.ConsistencyAlgorithm: epoch=51 loss=0.000256 time=38.735s peak_mem=3676.6MB
2026-09-25 06:18:33,838 [INFO] trainer.ConsistencyAlgorithm: epoch=52 loss=0.000232 time=38.753s peak_mem=3676.6MB
2026-09-25 06:19:12,585 [INFO] trainer.ConsistencyAlgorithm: epoch=53 loss=0.000287 time=38.746s peak_mem=3676.6MB
2026-09-25 06:19:51,341 [INFO] trainer.ConsistencyAlgorithm: epoch=54 loss=0.000322 time=38.756s peak_mem=3676.6MB
2026-09-25 06:20:29,998 [INFO] trainer.ConsistencyAlgorithm: epoch=55 loss=0.000213 time=38.657s peak_mem=3676.6MB
2026-09-25 06:21:08,731 [INFO] trainer.ConsistencyAlgorithm: epoch=56 loss=0.000257 time=38.732s peak_mem=3676.6MB
2026-09-25 06:21:47,469 [INFO] trainer.ConsistencyAlgorithm: epoch=57 loss=0.000228 time=38.738s peak_mem=3676.6MB
2026-09-25 06:22:26,203 [INFO] trainer.ConsistencyAlgorithm: epoch=58 loss=0.000257 time=38.733s peak_mem=3676.6MB
2026-09-25 06:23:04,940 [INFO] trainer.ConsistencyAlgorithm: epoch=59 loss=0.000253 time=38.737s peak_mem=3676.6MB
2026-09-25 06:23:43,699 [INFO] trainer.ConsistencyAlgorithm: epoch=60 loss=0.000221 time=38.758s peak_mem=3676.6MB
2026-09-25 06:23:43,815 [INFO] trainer.ConsistencyAlgorithm: Checkpoint saved -> results/consistency_cifar10/checkpoints/run_3/ConsistencyAlgorithm_epoch60.pt
2026-09-25 06:23:43,978 [INFO] trainer.ConsistencyAlgorithm: Checkpoint archive -> results/consistency_cifar10/checkpoints/run_3/archive/ConsistencyAlgorithm_epoch60.zip
2026-09-25 06:24:22,722 [INFO] trainer.ConsistencyAlgorithm: epoch=61 loss=0.000283 time=38.744s peak_mem=3676.6MB
2026-09-25 06:25:01,471 [INFO] trainer.ConsistencyAlgorithm: epoch=62 loss=0.000243 time=38.748s peak_mem=3676.6MB
2026-09-25 06:25:40,204 [INFO] trainer.ConsistencyAlgorithm: epoch=63 loss=0.000228 time=38.733s peak_mem=3676.6MB
2026-09-25 06:26:18,968 [INFO] trainer.ConsistencyAlgorithm: epoch=64 loss=0.000235 time=38.763s peak_mem=3676.6MB
2026-09-25 06:26:57,717 [INFO] trainer.ConsistencyAlgorithm: epoch=65 loss=0.000271 time=38.749s peak_mem=3676.6MB
2026-09-25 06:27:36,451 [INFO] trainer.ConsistencyAlgorithm: epoch=66 loss=0.000214 time=38.733s peak_mem=3676.6MB
2026-09-25 06:28:15,203 [INFO] trainer.ConsistencyAlgorithm: epoch=67 loss=0.000230 time=38.752s peak_mem=3676.6MB
2026-09-25 06:28:53,842 [INFO] trainer.ConsistencyAlgorithm: epoch=68 loss=0.000224 time=38.638s peak_mem=3676.6MB
2026-09-25 06:29:32,481 [INFO] trainer.ConsistencyAlgorithm: epoch=69 loss=0.000255 time=38.638s peak_mem=3676.6MB
2026-09-25 06:30:11,317 [INFO] trainer.ConsistencyAlgorithm: epoch=70 loss=0.000228 time=38.835s peak_mem=3676.6MB
2026-09-25 06:30:11,432 [INFO] trainer.ConsistencyAlgorithm: Checkpoint saved -> results/consistency_cifar10/checkpoints/run_3/ConsistencyAlgorithm_epoch70.pt
2026-09-25 06:30:11,602 [INFO] trainer.ConsistencyAlgorithm: Checkpoint archive -> results/consistency_cifar10/checkpoints/run_3/archive/ConsistencyAlgorithm_epoch70.zip
2026-09-25 06:30:50,312 [INFO] trainer.ConsistencyAlgorithm: epoch=71 loss=0.000253 time=38.710s peak_mem=3676.6MB
2026-09-25 06:31:29,056 [INFO] trainer.ConsistencyAlgorithm: epoch=72 loss=0.000202 time=38.744s peak_mem=3676.6MB
2026-09-25 06:32:07,831 [INFO] trainer.ConsistencyAlgorithm: epoch=73 loss=0.000225 time=38.774s peak_mem=3676.6MB
2026-09-25 06:32:46,604 [INFO] trainer.ConsistencyAlgorithm: epoch=74 loss=0.000227 time=38.773s peak_mem=3676.6MB
2026-09-25 06:33:25,249 [INFO] trainer.ConsistencyAlgorithm: epoch=75 loss=0.000215 time=38.644s peak_mem=3676.6MB
2026-09-25 06:35:41,018 [INFO] trainer.ConsistencyAlgorithm: epoch=76 loss=0.000217 time=38.719s peak_mem=4341.4MB
2026-09-25 06:36:19,754 [INFO] trainer.ConsistencyAlgorithm: epoch=77 loss=0.000238 time=38.735s peak_mem=4341.4MB
2026-09-25 06:36:58,514 [INFO] trainer.ConsistencyAlgorithm: epoch=78 loss=0.000211 time=38.760s peak_mem=4341.4MB
2026-09-25 06:37:37,298 [INFO] trainer.ConsistencyAlgorithm: epoch=79 loss=0.000215 time=38.783s peak_mem=4341.4MB
2026-09-25 06:38:16,059 [INFO] trainer.ConsistencyAlgorithm: epoch=80 loss=0.000217 time=38.760s peak_mem=4341.4MB
2026-09-25 06:38:16,179 [INFO] trainer.ConsistencyAlgorithm: Checkpoint saved -> results/consistency_cifar10/checkpoints/run_3/ConsistencyAlgorithm_epoch80.pt
2026-09-25 06:38:16,340 [INFO] trainer.ConsistencyAlgorithm: Checkpoint archive -> results/consistency_cifar10/checkpoints/run_3/archive/ConsistencyAlgorithm_epoch80.zip
2026-09-25 06:38:55,102 [INFO] trainer.ConsistencyAlgorithm: epoch=81 loss=0.000236 time=38.761s peak_mem=4341.4MB
2026-09-25 06:39:33,856 [INFO] trainer.ConsistencyAlgorithm: epoch=82 loss=0.000206 time=38.753s peak_mem=4341.4MB
2026-09-25 06:40:12,635 [INFO] trainer.ConsistencyAlgorithm: epoch=83 loss=0.000204 time=38.771s peak_mem=4341.4MB
2026-09-25 06:40:51,403 [INFO] trainer.ConsistencyAlgorithm: epoch=84 loss=0.000191 time=38.767s peak_mem=4341.4MB
2026-09-25 06:41:30,069 [INFO] trainer.ConsistencyAlgorithm: epoch=85 loss=0.000214 time=38.666s peak_mem=4341.4MB
2026-09-25 06:42:08,852 [INFO] trainer.ConsistencyAlgorithm: epoch=86 loss=0.000218 time=38.782s peak_mem=4341.4MB
2026-09-25 06:42:47,612 [INFO] trainer.ConsistencyAlgorithm: epoch=87 loss=0.000195 time=38.750s peak_mem=4341.4MB
2026-09-25 06:43:26,396 [INFO] trainer.ConsistencyAlgorithm: epoch=88 loss=0.000231 time=38.784s peak_mem=4341.4MB
2026-09-25 06:44:05,155 [INFO] trainer.ConsistencyAlgorithm: epoch=89 loss=0.000191 time=38.758s peak_mem=4341.4MB
2026-09-25 06:44:43,916 [INFO] trainer.ConsistencyAlgorithm: epoch=90 loss=0.000218 time=38.760s peak_mem=4341.4MB
2026-09-25 06:44:44,031 [INFO] trainer.ConsistencyAlgorithm: Checkpoint saved -> results/consistency_cifar10/checkpoints/run_3/ConsistencyAlgorithm_epoch90.pt
2026-09-25 06:44:44,193 [INFO] trainer.ConsistencyAlgorithm: Checkpoint archive -> results/consistency_cifar10/checkpoints/run_3/archive/ConsistencyAlgorithm_epoch90.zip
2026-09-25 06:45:22,959 [INFO] trainer.ConsistencyAlgorithm: epoch=91 loss=0.000194 time=38.765s peak_mem=4341.4MB
2026-09-25 06:46:01,703 [INFO] trainer.ConsistencyAlgorithm: epoch=92 loss=0.000202 time=38.744s peak_mem=4341.4MB
2026-09-25 06:46:40,441 [INFO] trainer.ConsistencyAlgorithm: epoch=93 loss=0.000214 time=38.738s peak_mem=4341.4MB
2026-09-25 06:47:19,203 [INFO] trainer.ConsistencyAlgorithm: epoch=94 loss=0.000204 time=38.762s peak_mem=4341.4MB
2026-09-25 06:47:57,850 [INFO] trainer.ConsistencyAlgorithm: epoch=95 loss=0.000197 time=38.646s peak_mem=4341.4MB
2026-09-25 06:48:36,626 [INFO] trainer.ConsistencyAlgorithm: epoch=96 loss=0.000197 time=38.775s peak_mem=4341.4MB
2026-09-25 06:49:15,278 [INFO] trainer.ConsistencyAlgorithm: epoch=97 loss=0.000207 time=38.651s peak_mem=4341.4MB
2026-09-25 06:49:54,038 [INFO] trainer.ConsistencyAlgorithm: epoch=98 loss=0.000200 time=38.760s peak_mem=4341.4MB
2026-09-25 06:50:32,797 [INFO] trainer.ConsistencyAlgorithm: epoch=99 loss=0.000196 time=38.759s peak_mem=4341.4MB
2026-09-25 06:51:11,539 [INFO] trainer.ConsistencyAlgorithm: epoch=100 loss=0.000192 time=38.741s peak_mem=4341.4MB
2026-09-25 06:51:11,655 [INFO] trainer.ConsistencyAlgorithm: Checkpoint saved -> results/consistency_cifar10/checkpoints/run_3/ConsistencyAlgorithm_epoch100.pt
2026-09-25 06:51:11,817 [INFO] trainer.ConsistencyAlgorithm: Checkpoint archive -> results/consistency_cifar10/checkpoints/run_3/archive/ConsistencyAlgorithm_epoch100.zip
Training workflow complete.
[run] finished_utc=2026-09-25T00:52:48Z
[run] exit_status=0
