[run] dataset=celeba algorithm=fm_lognorm
[run] started_utc=2026-09-20T05:49:52Z
[run] command=/home/ndag/Desktop/SSD_137_207_209 Thesis/Difussion-Model/scripts/train_all.sh --dataset celeba --only fm_lognorm --mode continue --checkpoint-every 10
[PLAN] /home/ndag/Desktop/SSD_137_207_209 Thesis/Difussion-Model/venv/bin/python train.py --algorithm fm_lognorm --config config/fm_lognorm_celeba64.json --mode continue --checkpoint-every 10
[continue] No previous run found; starting the first run at epoch 1.
[checkpoints] Active checkpoint series: run_1
[startup] Resolved experiment configuration (before dataset loading):
[startup] config: /home/ndag/Desktop/SSD_137_207_209 Thesis/Difussion-Model/config/fm_lognorm_celeba64.json
[startup] algorithm: fm_lognorm
[startup] experiment: fm_lognorm
[startup] result_dir: /home/ndag/Desktop/SSD_137_207_209 Thesis/Difussion-Model/results/fm_lognorm_celeba
[startup] batch_size: 64
[startup] epochs: 100
[startup] seed: 0
[startup] learning_rate: 0.0002
[startup] scheduler: none
[startup] gradient_clip_norm: None
[startup] use_exact_jvp: False
[startup] fd_force_fp32: False
[startup] p_same: 0.25
[startup] p_fd_step: 0.5
[startup] jvp_delta_range: 0.01 -> 0.0001
[startup] machine_label: linux-ndag-m-lab-nvidia-geforce-rtx-3090-24gb
[startup] code_identity: cef2edc1be6d9b7f2c36f9dc934da71b6d34ff32+dirty:bd067c8ddb60
Files already downloaded and verified
Files already downloaded and verified
2026-09-20 11:59:34,956 [INFO] trainer.FlowMatchingLognormAlgorithm: epoch=1 loss=0.113736 time=570.884s peak_mem=4450.9MB
2026-09-20 12:09:05,642 [INFO] trainer.FlowMatchingLognormAlgorithm: epoch=2 loss=0.086129 time=570.685s peak_mem=4450.9MB
2026-09-20 12:18:35,710 [INFO] trainer.FlowMatchingLognormAlgorithm: epoch=3 loss=0.082943 time=570.068s peak_mem=4450.9MB
2026-09-20 12:28:06,865 [INFO] trainer.FlowMatchingLognormAlgorithm: epoch=4 loss=0.081191 time=571.154s peak_mem=4450.9MB
2026-09-20 12:37:34,317 [INFO] trainer.FlowMatchingLognormAlgorithm: epoch=5 loss=0.080016 time=567.452s peak_mem=4450.9MB
2026-09-20 12:46:54,046 [INFO] trainer.FlowMatchingLognormAlgorithm: epoch=6 loss=0.079191 time=559.728s peak_mem=4450.9MB
2026-09-20 12:56:25,743 [INFO] trainer.FlowMatchingLognormAlgorithm: epoch=7 loss=0.078491 time=571.696s peak_mem=4450.9MB
2026-09-20 13:05:57,035 [INFO] trainer.FlowMatchingLognormAlgorithm: epoch=8 loss=0.077930 time=571.291s peak_mem=4450.9MB
2026-09-20 13:15:28,875 [INFO] trainer.FlowMatchingLognormAlgorithm: epoch=9 loss=0.077502 time=571.840s peak_mem=4450.9MB
2026-09-20 13:25:00,714 [INFO] trainer.FlowMatchingLognormAlgorithm: epoch=10 loss=0.077141 time=571.838s peak_mem=4450.9MB
2026-09-20 13:25:00,838 [INFO] trainer.FlowMatchingLognormAlgorithm: Checkpoint saved -> results/fm_lognorm_celeba/checkpoints/run_1/FlowMatchingLognormAlgorithm_epoch10.pt
2026-09-20 13:25:01,018 [INFO] trainer.FlowMatchingLognormAlgorithm: Checkpoint archive -> results/fm_lognorm_celeba/checkpoints/run_1/archive/FlowMatchingLognormAlgorithm_epoch10.zip
2026-09-20 13:34:31,820 [INFO] trainer.FlowMatchingLognormAlgorithm: epoch=11 loss=0.076860 time=570.802s peak_mem=4450.9MB
2026-09-20 13:44:03,401 [INFO] trainer.FlowMatchingLognormAlgorithm: epoch=12 loss=0.076465 time=571.580s peak_mem=4450.9MB
2026-09-20 13:53:35,188 [INFO] trainer.FlowMatchingLognormAlgorithm: epoch=13 loss=0.076348 time=571.787s peak_mem=4450.9MB
2026-09-20 14:03:07,045 [INFO] trainer.FlowMatchingLognormAlgorithm: epoch=14 loss=0.076151 time=571.856s peak_mem=4450.9MB
2026-09-20 14:12:37,819 [INFO] trainer.FlowMatchingLognormAlgorithm: epoch=15 loss=0.075866 time=570.774s peak_mem=4450.9MB
2026-09-20 14:22:09,045 [INFO] trainer.FlowMatchingLognormAlgorithm: epoch=16 loss=0.075708 time=571.225s peak_mem=4450.9MB
2026-09-20 14:31:41,130 [INFO] trainer.FlowMatchingLognormAlgorithm: epoch=17 loss=0.075665 time=572.084s peak_mem=4450.9MB
2026-09-20 14:41:12,998 [INFO] trainer.FlowMatchingLognormAlgorithm: epoch=18 loss=0.075331 time=571.868s peak_mem=4450.9MB
2026-09-20 14:50:44,253 [INFO] trainer.FlowMatchingLognormAlgorithm: epoch=19 loss=0.075379 time=571.254s peak_mem=4450.9MB
2026-09-20 15:00:15,511 [INFO] trainer.FlowMatchingLognormAlgorithm: epoch=20 loss=0.075139 time=571.257s peak_mem=4450.9MB
2026-09-20 15:00:15,632 [INFO] trainer.FlowMatchingLognormAlgorithm: Checkpoint saved -> results/fm_lognorm_celeba/checkpoints/run_1/FlowMatchingLognormAlgorithm_epoch20.pt
2026-09-20 15:00:15,810 [INFO] trainer.FlowMatchingLognormAlgorithm: Checkpoint archive -> results/fm_lognorm_celeba/checkpoints/run_1/archive/FlowMatchingLognormAlgorithm_epoch20.zip
2026-09-20 15:09:47,210 [INFO] trainer.FlowMatchingLognormAlgorithm: epoch=21 loss=0.075117 time=571.400s peak_mem=4450.9MB
2026-09-20 15:19:18,757 [INFO] trainer.FlowMatchingLognormAlgorithm: epoch=22 loss=0.074848 time=571.547s peak_mem=4450.9MB
2026-09-20 15:28:50,113 [INFO] trainer.FlowMatchingLognormAlgorithm: epoch=23 loss=0.074801 time=571.355s peak_mem=4450.9MB
2026-09-20 15:38:22,063 [INFO] trainer.FlowMatchingLognormAlgorithm: epoch=24 loss=0.074635 time=571.950s peak_mem=4450.9MB
2026-09-20 15:47:54,177 [INFO] trainer.FlowMatchingLognormAlgorithm: epoch=25 loss=0.074505 time=572.113s peak_mem=4450.9MB
/home/ndag/Desktop/SSD_137_207_209 Thesis/Difussion-Model/venv/lib/python3.12/site-packages/torchmetrics/utilities/prints.py:43: UserWarning: Metric `InceptionScore` will save all extracted features in buffer. For large datasets this may lead to large memory footprint.
  warnings.warn(*args, **kwargs)
2026-09-20 16:11:07,995 [INFO] trainer.FlowMatchingLognormAlgorithm: epoch=26 loss=0.074547 time=571.967s peak_mem=5221.9MB
2026-09-20 16:20:39,682 [INFO] trainer.FlowMatchingLognormAlgorithm: epoch=27 loss=0.074288 time=571.687s peak_mem=5116.6MB
2026-09-20 16:30:11,516 [INFO] trainer.FlowMatchingLognormAlgorithm: epoch=28 loss=0.074356 time=571.834s peak_mem=5116.6MB
2026-09-20 16:39:45,772 [INFO] trainer.FlowMatchingLognormAlgorithm: epoch=29 loss=0.074211 time=574.255s peak_mem=5116.6MB
2026-09-20 16:49:09,762 [INFO] trainer.FlowMatchingLognormAlgorithm: epoch=30 loss=0.074217 time=563.990s peak_mem=5116.6MB
2026-09-20 16:49:09,879 [INFO] trainer.FlowMatchingLognormAlgorithm: Checkpoint saved -> results/fm_lognorm_celeba/checkpoints/run_1/FlowMatchingLognormAlgorithm_epoch30.pt
2026-09-20 16:49:10,066 [INFO] trainer.FlowMatchingLognormAlgorithm: Checkpoint archive -> results/fm_lognorm_celeba/checkpoints/run_1/archive/FlowMatchingLognormAlgorithm_epoch30.zip
2026-09-20 17:03:30,623 [INFO] trainer.FlowMatchingLognormAlgorithm: epoch=31 loss=0.074091 time=860.556s peak_mem=5116.6MB
2026-09-20 17:18:09,318 [INFO] trainer.FlowMatchingLognormAlgorithm: epoch=32 loss=0.074025 time=878.694s peak_mem=5116.6MB
2026-09-20 17:31:37,905 [INFO] trainer.FlowMatchingLognormAlgorithm: epoch=33 loss=0.073910 time=808.586s peak_mem=5116.6MB
2026-09-20 17:43:50,601 [INFO] trainer.FlowMatchingLognormAlgorithm: epoch=34 loss=0.073908 time=732.696s peak_mem=5116.6MB
2026-09-20 17:53:15,010 [INFO] trainer.FlowMatchingLognormAlgorithm: epoch=35 loss=0.073824 time=564.409s peak_mem=5116.6MB
2026-09-20 18:02:38,808 [INFO] trainer.FlowMatchingLognormAlgorithm: epoch=36 loss=0.073702 time=563.797s peak_mem=5116.6MB
2026-09-20 18:12:02,712 [INFO] trainer.FlowMatchingLognormAlgorithm: epoch=37 loss=0.073628 time=563.904s peak_mem=5116.6MB
2026-09-20 18:21:26,264 [INFO] trainer.FlowMatchingLognormAlgorithm: epoch=38 loss=0.073623 time=563.552s peak_mem=5116.6MB
2026-09-20 18:30:49,539 [INFO] trainer.FlowMatchingLognormAlgorithm: epoch=39 loss=0.073641 time=563.274s peak_mem=5116.6MB
2026-09-20 18:40:13,749 [INFO] trainer.FlowMatchingLognormAlgorithm: epoch=40 loss=0.073617 time=564.209s peak_mem=5116.6MB
2026-09-20 18:40:13,874 [INFO] trainer.FlowMatchingLognormAlgorithm: Checkpoint saved -> results/fm_lognorm_celeba/checkpoints/run_1/FlowMatchingLognormAlgorithm_epoch40.pt
2026-09-20 18:40:14,053 [INFO] trainer.FlowMatchingLognormAlgorithm: Checkpoint archive -> results/fm_lognorm_celeba/checkpoints/run_1/archive/FlowMatchingLognormAlgorithm_epoch40.zip
2026-09-20 18:49:37,848 [INFO] trainer.FlowMatchingLognormAlgorithm: epoch=41 loss=0.073556 time=563.794s peak_mem=5116.6MB
2026-09-20 18:59:01,564 [INFO] trainer.FlowMatchingLognormAlgorithm: epoch=42 loss=0.073470 time=563.716s peak_mem=5116.6MB
2026-09-20 19:08:24,929 [INFO] trainer.FlowMatchingLognormAlgorithm: epoch=43 loss=0.073404 time=563.365s peak_mem=5116.6MB
2026-09-20 19:17:48,667 [INFO] trainer.FlowMatchingLognormAlgorithm: epoch=44 loss=0.073468 time=563.737s peak_mem=5116.6MB
2026-09-20 19:27:13,099 [INFO] trainer.FlowMatchingLognormAlgorithm: epoch=45 loss=0.073305 time=564.431s peak_mem=5116.6MB
2026-09-20 19:36:36,458 [INFO] trainer.FlowMatchingLognormAlgorithm: epoch=46 loss=0.073226 time=563.358s peak_mem=5116.6MB
2026-09-20 19:46:00,445 [INFO] trainer.FlowMatchingLognormAlgorithm: epoch=47 loss=0.073289 time=563.987s peak_mem=5116.6MB
2026-09-20 19:55:23,926 [INFO] trainer.FlowMatchingLognormAlgorithm: epoch=48 loss=0.073195 time=563.481s peak_mem=4450.9MB
2026-09-20 20:04:47,829 [INFO] trainer.FlowMatchingLognormAlgorithm: epoch=49 loss=0.073127 time=563.902s peak_mem=4450.9MB
2026-09-20 20:14:12,277 [INFO] trainer.FlowMatchingLognormAlgorithm: epoch=50 loss=0.073150 time=564.448s peak_mem=4450.9MB
2026-09-20 20:14:12,406 [INFO] trainer.FlowMatchingLognormAlgorithm: Checkpoint saved -> results/fm_lognorm_celeba/checkpoints/run_1/FlowMatchingLognormAlgorithm_epoch50.pt
2026-09-20 20:14:12,598 [INFO] trainer.FlowMatchingLognormAlgorithm: Checkpoint archive -> results/fm_lognorm_celeba/checkpoints/run_1/archive/FlowMatchingLognormAlgorithm_epoch50.zip
2026-09-20 20:37:09,116 [INFO] trainer.FlowMatchingLognormAlgorithm: epoch=51 loss=0.073123 time=563.973s peak_mem=5226.6MB
2026-09-20 20:46:32,141 [INFO] trainer.FlowMatchingLognormAlgorithm: epoch=52 loss=0.073040 time=563.024s peak_mem=5226.6MB
2026-09-20 20:55:56,278 [INFO] trainer.FlowMatchingLognormAlgorithm: epoch=53 loss=0.073001 time=564.137s peak_mem=5226.6MB
2026-09-20 21:05:19,907 [INFO] trainer.FlowMatchingLognormAlgorithm: epoch=54 loss=0.073074 time=563.628s peak_mem=5226.6MB
2026-09-20 21:14:41,000 [INFO] trainer.FlowMatchingLognormAlgorithm: epoch=55 loss=0.072851 time=561.092s peak_mem=5226.6MB
2026-09-20 21:24:06,813 [INFO] trainer.FlowMatchingLognormAlgorithm: epoch=56 loss=0.072912 time=565.812s peak_mem=5226.6MB
2026-09-20 21:33:30,491 [INFO] trainer.FlowMatchingLognormAlgorithm: epoch=57 loss=0.072866 time=563.678s peak_mem=5226.6MB
2026-09-20 21:42:54,750 [INFO] trainer.FlowMatchingLognormAlgorithm: epoch=58 loss=0.072746 time=564.258s peak_mem=5226.6MB
2026-09-20 21:52:19,319 [INFO] trainer.FlowMatchingLognormAlgorithm: epoch=59 loss=0.072782 time=564.569s peak_mem=5226.6MB
2026-09-20 22:01:42,637 [INFO] trainer.FlowMatchingLognormAlgorithm: epoch=60 loss=0.072865 time=563.318s peak_mem=5226.6MB
2026-09-20 22:01:42,769 [INFO] trainer.FlowMatchingLognormAlgorithm: Checkpoint saved -> results/fm_lognorm_celeba/checkpoints/run_1/FlowMatchingLognormAlgorithm_epoch60.pt
2026-09-20 22:01:42,941 [INFO] trainer.FlowMatchingLognormAlgorithm: Checkpoint archive -> results/fm_lognorm_celeba/checkpoints/run_1/archive/FlowMatchingLognormAlgorithm_epoch60.zip
2026-09-20 22:11:06,773 [INFO] trainer.FlowMatchingLognormAlgorithm: epoch=61 loss=0.072770 time=563.832s peak_mem=5226.6MB
2026-09-20 22:20:30,554 [INFO] trainer.FlowMatchingLognormAlgorithm: epoch=62 loss=0.072780 time=563.780s peak_mem=5226.6MB
2026-09-20 22:29:54,332 [INFO] trainer.FlowMatchingLognormAlgorithm: epoch=63 loss=0.072594 time=563.778s peak_mem=5226.6MB
2026-09-20 22:39:18,584 [INFO] trainer.FlowMatchingLognormAlgorithm: epoch=64 loss=0.072611 time=564.252s peak_mem=4450.9MB
2026-09-20 22:48:42,237 [INFO] trainer.FlowMatchingLognormAlgorithm: epoch=65 loss=0.072573 time=563.652s peak_mem=4450.9MB
2026-09-20 22:58:05,805 [INFO] trainer.FlowMatchingLognormAlgorithm: epoch=66 loss=0.072729 time=563.568s peak_mem=4450.9MB
2026-09-20 23:07:29,285 [INFO] trainer.FlowMatchingLognormAlgorithm: epoch=67 loss=0.072525 time=563.480s peak_mem=4450.9MB
2026-09-20 23:16:53,541 [INFO] trainer.FlowMatchingLognormAlgorithm: epoch=68 loss=0.072503 time=564.255s peak_mem=4450.9MB
2026-09-20 23:26:17,768 [INFO] trainer.FlowMatchingLognormAlgorithm: epoch=69 loss=0.072597 time=564.226s peak_mem=4450.9MB
2026-09-20 23:35:41,411 [INFO] trainer.FlowMatchingLognormAlgorithm: epoch=70 loss=0.072492 time=563.642s peak_mem=4450.9MB
2026-09-20 23:35:41,541 [INFO] trainer.FlowMatchingLognormAlgorithm: Checkpoint saved -> results/fm_lognorm_celeba/checkpoints/run_1/FlowMatchingLognormAlgorithm_epoch70.pt
2026-09-20 23:35:41,713 [INFO] trainer.FlowMatchingLognormAlgorithm: Checkpoint archive -> results/fm_lognorm_celeba/checkpoints/run_1/archive/FlowMatchingLognormAlgorithm_epoch70.zip
2026-09-20 23:45:04,598 [INFO] trainer.FlowMatchingLognormAlgorithm: epoch=71 loss=0.072421 time=562.885s peak_mem=4450.9MB
2026-09-20 23:54:28,136 [INFO] trainer.FlowMatchingLognormAlgorithm: epoch=72 loss=0.072490 time=563.537s peak_mem=4450.9MB
2026-09-21 00:03:52,247 [INFO] trainer.FlowMatchingLognormAlgorithm: epoch=73 loss=0.072405 time=564.110s peak_mem=4450.9MB
2026-09-21 00:13:15,669 [INFO] trainer.FlowMatchingLognormAlgorithm: epoch=74 loss=0.072428 time=563.422s peak_mem=4450.9MB
2026-09-21 00:22:40,986 [INFO] trainer.FlowMatchingLognormAlgorithm: epoch=75 loss=0.072373 time=565.316s peak_mem=4450.9MB
2026-09-21 00:45:41,445 [INFO] trainer.FlowMatchingLognormAlgorithm: epoch=76 loss=0.072408 time=566.331s peak_mem=5116.6MB
2026-09-21 00:55:05,983 [INFO] trainer.FlowMatchingLognormAlgorithm: epoch=77 loss=0.072364 time=564.538s peak_mem=5116.6MB
2026-09-21 01:04:30,749 [INFO] trainer.FlowMatchingLognormAlgorithm: epoch=78 loss=0.072207 time=564.765s peak_mem=5116.6MB
2026-09-21 01:13:55,003 [INFO] trainer.FlowMatchingLognormAlgorithm: epoch=79 loss=0.072424 time=564.253s peak_mem=5116.6MB
2026-09-21 01:23:19,304 [INFO] trainer.FlowMatchingLognormAlgorithm: epoch=80 loss=0.072382 time=564.301s peak_mem=5116.6MB
2026-09-21 01:23:19,425 [INFO] trainer.FlowMatchingLognormAlgorithm: Checkpoint saved -> results/fm_lognorm_celeba/checkpoints/run_1/FlowMatchingLognormAlgorithm_epoch80.pt
2026-09-21 01:23:19,604 [INFO] trainer.FlowMatchingLognormAlgorithm: Checkpoint archive -> results/fm_lognorm_celeba/checkpoints/run_1/archive/FlowMatchingLognormAlgorithm_epoch80.zip
2026-09-21 01:32:46,306 [INFO] trainer.FlowMatchingLognormAlgorithm: epoch=81 loss=0.072250 time=566.702s peak_mem=5116.6MB
2026-09-21 01:42:10,851 [INFO] trainer.FlowMatchingLognormAlgorithm: epoch=82 loss=0.072213 time=564.544s peak_mem=4450.9MB
2026-09-21 01:51:35,780 [INFO] trainer.FlowMatchingLognormAlgorithm: epoch=83 loss=0.072274 time=564.928s peak_mem=4450.9MB
2026-09-21 02:01:01,551 [INFO] trainer.FlowMatchingLognormAlgorithm: epoch=84 loss=0.072406 time=565.771s peak_mem=4450.9MB
2026-09-21 02:10:33,975 [INFO] trainer.FlowMatchingLognormAlgorithm: epoch=85 loss=0.072263 time=572.423s peak_mem=4450.9MB
2026-09-21 02:20:21,085 [INFO] trainer.FlowMatchingLognormAlgorithm: epoch=86 loss=0.072094 time=587.110s peak_mem=4450.9MB
2026-09-21 02:29:50,317 [INFO] trainer.FlowMatchingLognormAlgorithm: epoch=87 loss=0.072232 time=569.232s peak_mem=4450.9MB
2026-09-21 02:39:29,072 [INFO] trainer.FlowMatchingLognormAlgorithm: epoch=88 loss=0.072193 time=578.754s peak_mem=4450.9MB
