[run] dataset=celeba algorithm=fm
[run] started_utc=2026-09-19T13:10:51Z
[run] command=/home/ndag/Desktop/SSD_137_207_209 Thesis/Difussion-Model/scripts/train_all.sh --dataset celeba --only fm --mode continue --checkpoint-every 10
[PLAN] /home/ndag/Desktop/SSD_137_207_209 Thesis/Difussion-Model/venv/bin/python train.py --algorithm fm --config config/fm_celeba64.json --mode continue --checkpoint-every 10
[continue] No previous run found; starting the first run at epoch 1.
[checkpoints] Active checkpoint series: run_1
[startup] Resolved experiment configuration (before dataset loading):
[startup] config: /home/ndag/Desktop/SSD_137_207_209 Thesis/Difussion-Model/config/fm_celeba64.json
[startup] algorithm: fm
[startup] experiment: fm
[startup] result_dir: /home/ndag/Desktop/SSD_137_207_209 Thesis/Difussion-Model/results/fm_celeba
[startup] batch_size: 64
[startup] epochs: 100
[startup] seed: 0
[startup] learning_rate: 0.0002
[startup] scheduler: none
[startup] gradient_clip_norm: None
[startup] use_exact_jvp: False
[startup] fd_force_fp32: False
[startup] p_same: 0.25
[startup] p_fd_step: 0.5
[startup] jvp_delta_range: 0.01 -> 0.0001
[startup] machine_label: linux-ndag-m-lab-nvidia-geforce-rtx-3090-24gb
[startup] code_identity: 2ea2a5e2039b73b79ac8ad0d4f51572296a255fb
Files already downloaded and verified
Files already downloaded and verified
2026-09-19 19:20:23,191 [INFO] trainer.FlowMatchingAlgorithm: epoch=1 loss=0.167009 time=559.440s peak_mem=4450.9MB
2026-09-19 19:28:23,856 [INFO] trainer.FlowMatchingAlgorithm: epoch=2 loss=0.126988 time=480.665s peak_mem=4450.9MB
2026-09-19 19:33:00,923 [INFO] trainer.FlowMatchingAlgorithm: epoch=3 loss=0.122057 time=277.066s peak_mem=4450.9MB
2026-09-19 19:37:33,307 [INFO] trainer.FlowMatchingAlgorithm: epoch=4 loss=0.119699 time=272.383s peak_mem=4450.9MB
2026-09-19 19:45:02,419 [INFO] trainer.FlowMatchingAlgorithm: epoch=5 loss=0.117817 time=449.111s peak_mem=4450.9MB
2026-09-19 19:54:39,907 [INFO] trainer.FlowMatchingAlgorithm: epoch=6 loss=0.116418 time=577.488s peak_mem=4450.9MB
2026-09-19 20:04:16,528 [INFO] trainer.FlowMatchingAlgorithm: epoch=7 loss=0.115548 time=576.620s peak_mem=4450.9MB
2026-09-19 20:13:50,028 [INFO] trainer.FlowMatchingAlgorithm: epoch=8 loss=0.114418 time=573.499s peak_mem=4450.9MB
2026-09-19 20:23:19,894 [INFO] trainer.FlowMatchingAlgorithm: epoch=9 loss=0.113891 time=569.866s peak_mem=4450.9MB
2026-09-19 20:32:50,250 [INFO] trainer.FlowMatchingAlgorithm: epoch=10 loss=0.113143 time=570.356s peak_mem=4450.9MB
2026-09-19 20:32:50,376 [INFO] trainer.FlowMatchingAlgorithm: Checkpoint saved -> results/fm_celeba/checkpoints/run_1/FlowMatchingAlgorithm_epoch10.pt
2026-09-19 20:32:50,556 [INFO] trainer.FlowMatchingAlgorithm: Checkpoint archive -> results/fm_celeba/checkpoints/run_1/archive/FlowMatchingAlgorithm_epoch10.zip
2026-09-19 20:42:20,438 [INFO] trainer.FlowMatchingAlgorithm: epoch=11 loss=0.112708 time=569.882s peak_mem=4450.9MB
2026-09-19 20:51:50,024 [INFO] trainer.FlowMatchingAlgorithm: epoch=12 loss=0.111984 time=569.585s peak_mem=4450.9MB
2026-09-19 21:01:19,700 [INFO] trainer.FlowMatchingAlgorithm: epoch=13 loss=0.111850 time=569.676s peak_mem=4450.9MB
2026-09-19 21:10:49,574 [INFO] trainer.FlowMatchingAlgorithm: epoch=14 loss=0.111945 time=569.873s peak_mem=4450.9MB
2026-09-19 21:20:18,974 [INFO] trainer.FlowMatchingAlgorithm: epoch=15 loss=0.111109 time=569.399s peak_mem=4450.9MB
2026-09-19 21:29:48,937 [INFO] trainer.FlowMatchingAlgorithm: epoch=16 loss=0.110684 time=569.963s peak_mem=4450.9MB
2026-09-19 21:39:19,084 [INFO] trainer.FlowMatchingAlgorithm: epoch=17 loss=0.110784 time=570.146s peak_mem=4450.9MB
2026-09-19 21:48:48,871 [INFO] trainer.FlowMatchingAlgorithm: epoch=18 loss=0.110784 time=569.787s peak_mem=4450.9MB
2026-09-19 21:58:17,985 [INFO] trainer.FlowMatchingAlgorithm: epoch=19 loss=0.110339 time=569.114s peak_mem=4450.9MB
2026-09-19 22:07:46,452 [INFO] trainer.FlowMatchingAlgorithm: epoch=20 loss=0.109879 time=568.466s peak_mem=4450.9MB
2026-09-19 22:07:46,577 [INFO] trainer.FlowMatchingAlgorithm: Checkpoint saved -> results/fm_celeba/checkpoints/run_1/FlowMatchingAlgorithm_epoch20.pt
2026-09-19 22:07:46,754 [INFO] trainer.FlowMatchingAlgorithm: Checkpoint archive -> results/fm_celeba/checkpoints/run_1/archive/FlowMatchingAlgorithm_epoch20.zip
2026-09-19 22:17:16,813 [INFO] trainer.FlowMatchingAlgorithm: epoch=21 loss=0.109791 time=570.058s peak_mem=4450.9MB
2026-09-19 22:26:47,010 [INFO] trainer.FlowMatchingAlgorithm: epoch=22 loss=0.109825 time=570.196s peak_mem=4450.9MB
2026-09-19 22:36:16,933 [INFO] trainer.FlowMatchingAlgorithm: epoch=23 loss=0.109725 time=569.922s peak_mem=4450.9MB
2026-09-19 22:45:46,971 [INFO] trainer.FlowMatchingAlgorithm: epoch=24 loss=0.109429 time=570.037s peak_mem=4450.9MB
2026-09-19 22:55:16,253 [INFO] trainer.FlowMatchingAlgorithm: epoch=25 loss=0.109437 time=569.282s peak_mem=4450.9MB
/home/ndag/Desktop/SSD_137_207_209 Thesis/Difussion-Model/venv/lib/python3.12/site-packages/torchmetrics/utilities/prints.py:43: UserWarning: Metric `InceptionScore` will save all extracted features in buffer. For large datasets this may lead to large memory footprint.
  warnings.warn(*args, **kwargs)
2026-09-19 23:18:39,592 [INFO] trainer.FlowMatchingAlgorithm: epoch=26 loss=0.109179 time=575.389s peak_mem=5224.2MB
2026-09-19 23:28:14,751 [INFO] trainer.FlowMatchingAlgorithm: epoch=27 loss=0.109153 time=575.159s peak_mem=5118.9MB
2026-09-19 23:37:49,884 [INFO] trainer.FlowMatchingAlgorithm: epoch=28 loss=0.109097 time=575.132s peak_mem=5118.9MB
2026-09-19 23:47:25,533 [INFO] trainer.FlowMatchingAlgorithm: epoch=29 loss=0.108955 time=575.648s peak_mem=5118.9MB
2026-09-19 23:57:05,581 [INFO] trainer.FlowMatchingAlgorithm: epoch=30 loss=0.108967 time=580.047s peak_mem=5118.9MB
2026-09-19 23:57:05,703 [INFO] trainer.FlowMatchingAlgorithm: Checkpoint saved -> results/fm_celeba/checkpoints/run_1/FlowMatchingAlgorithm_epoch30.pt
2026-09-19 23:57:05,880 [INFO] trainer.FlowMatchingAlgorithm: Checkpoint archive -> results/fm_celeba/checkpoints/run_1/archive/FlowMatchingAlgorithm_epoch30.zip
2026-09-20 00:06:40,671 [INFO] trainer.FlowMatchingAlgorithm: epoch=31 loss=0.108893 time=574.791s peak_mem=5118.9MB
2026-09-20 00:16:15,892 [INFO] trainer.FlowMatchingAlgorithm: epoch=32 loss=0.108922 time=575.220s peak_mem=5118.9MB
2026-09-20 00:25:51,114 [INFO] trainer.FlowMatchingAlgorithm: epoch=33 loss=0.108763 time=575.222s peak_mem=5118.9MB
2026-09-20 00:35:26,148 [INFO] trainer.FlowMatchingAlgorithm: epoch=34 loss=0.108501 time=575.033s peak_mem=5118.9MB
2026-09-20 00:45:01,338 [INFO] trainer.FlowMatchingAlgorithm: epoch=35 loss=0.108075 time=575.189s peak_mem=5118.9MB
2026-09-20 00:54:35,956 [INFO] trainer.FlowMatchingAlgorithm: epoch=36 loss=0.108264 time=574.618s peak_mem=5118.9MB
2026-09-20 01:04:10,871 [INFO] trainer.FlowMatchingAlgorithm: epoch=37 loss=0.108098 time=574.914s peak_mem=5118.9MB
2026-09-20 01:13:45,901 [INFO] trainer.FlowMatchingAlgorithm: epoch=38 loss=0.107979 time=575.030s peak_mem=5118.9MB
2026-09-20 01:23:21,291 [INFO] trainer.FlowMatchingAlgorithm: epoch=39 loss=0.107740 time=575.390s peak_mem=5118.9MB
2026-09-20 01:32:56,765 [INFO] trainer.FlowMatchingAlgorithm: epoch=40 loss=0.108160 time=575.473s peak_mem=5118.9MB
2026-09-20 01:32:56,886 [INFO] trainer.FlowMatchingAlgorithm: Checkpoint saved -> results/fm_celeba/checkpoints/run_1/FlowMatchingAlgorithm_epoch40.pt
2026-09-20 01:32:57,065 [INFO] trainer.FlowMatchingAlgorithm: Checkpoint archive -> results/fm_celeba/checkpoints/run_1/archive/FlowMatchingAlgorithm_epoch40.zip
2026-09-20 01:42:32,106 [INFO] trainer.FlowMatchingAlgorithm: epoch=41 loss=0.108052 time=575.040s peak_mem=5118.9MB
2026-09-20 01:52:06,973 [INFO] trainer.FlowMatchingAlgorithm: epoch=42 loss=0.107723 time=574.866s peak_mem=5118.9MB
2026-09-20 02:01:41,942 [INFO] trainer.FlowMatchingAlgorithm: epoch=43 loss=0.107800 time=574.968s peak_mem=5118.9MB
2026-09-20 02:11:17,341 [INFO] trainer.FlowMatchingAlgorithm: epoch=44 loss=0.107590 time=575.398s peak_mem=5118.9MB
2026-09-20 02:20:51,845 [INFO] trainer.FlowMatchingAlgorithm: epoch=45 loss=0.107296 time=574.503s peak_mem=5118.9MB
2026-09-20 02:30:27,144 [INFO] trainer.FlowMatchingAlgorithm: epoch=46 loss=0.107721 time=575.299s peak_mem=5118.9MB
2026-09-20 02:40:02,208 [INFO] trainer.FlowMatchingAlgorithm: epoch=47 loss=0.107326 time=575.063s peak_mem=4450.9MB
2026-09-20 02:49:37,255 [INFO] trainer.FlowMatchingAlgorithm: epoch=48 loss=0.107460 time=575.047s peak_mem=4450.9MB
2026-09-20 02:59:12,748 [INFO] trainer.FlowMatchingAlgorithm: epoch=49 loss=0.107326 time=575.492s peak_mem=4450.9MB
2026-09-20 03:08:47,897 [INFO] trainer.FlowMatchingAlgorithm: epoch=50 loss=0.107465 time=575.149s peak_mem=4450.9MB
2026-09-20 03:08:48,021 [INFO] trainer.FlowMatchingAlgorithm: Checkpoint saved -> results/fm_celeba/checkpoints/run_1/FlowMatchingAlgorithm_epoch50.pt
2026-09-20 03:08:48,198 [INFO] trainer.FlowMatchingAlgorithm: Checkpoint archive -> results/fm_celeba/checkpoints/run_1/archive/FlowMatchingAlgorithm_epoch50.zip
2026-09-20 03:32:15,216 [INFO] trainer.FlowMatchingAlgorithm: epoch=51 loss=0.107420 time=574.810s peak_mem=5230.9MB
2026-09-20 03:41:50,157 [INFO] trainer.FlowMatchingAlgorithm: epoch=52 loss=0.107263 time=574.941s peak_mem=5230.9MB
2026-09-20 03:51:25,051 [INFO] trainer.FlowMatchingAlgorithm: epoch=53 loss=0.107283 time=574.894s peak_mem=5230.9MB
2026-09-20 04:00:57,764 [INFO] trainer.FlowMatchingAlgorithm: epoch=54 loss=0.107024 time=572.713s peak_mem=5230.9MB
2026-09-20 04:10:41,846 [INFO] trainer.FlowMatchingAlgorithm: epoch=55 loss=0.106839 time=584.081s peak_mem=5230.9MB
2026-09-20 04:20:16,592 [INFO] trainer.FlowMatchingAlgorithm: epoch=56 loss=0.106775 time=574.745s peak_mem=5230.9MB
2026-09-20 04:29:52,689 [INFO] trainer.FlowMatchingAlgorithm: epoch=57 loss=0.106844 time=576.096s peak_mem=5230.9MB
2026-09-20 04:39:28,952 [INFO] trainer.FlowMatchingAlgorithm: epoch=58 loss=0.106878 time=576.263s peak_mem=5230.9MB
2026-09-20 04:49:05,525 [INFO] trainer.FlowMatchingAlgorithm: epoch=59 loss=0.106606 time=576.573s peak_mem=5230.9MB
2026-09-20 04:58:42,127 [INFO] trainer.FlowMatchingAlgorithm: epoch=60 loss=0.107238 time=576.601s peak_mem=5230.9MB
2026-09-20 04:58:42,243 [INFO] trainer.FlowMatchingAlgorithm: Checkpoint saved -> results/fm_celeba/checkpoints/run_1/FlowMatchingAlgorithm_epoch60.pt
2026-09-20 04:58:42,422 [INFO] trainer.FlowMatchingAlgorithm: Checkpoint archive -> results/fm_celeba/checkpoints/run_1/archive/FlowMatchingAlgorithm_epoch60.zip
2026-09-20 05:08:19,006 [INFO] trainer.FlowMatchingAlgorithm: epoch=61 loss=0.106740 time=576.583s peak_mem=5230.9MB
2026-09-20 05:17:55,822 [INFO] trainer.FlowMatchingAlgorithm: epoch=62 loss=0.106923 time=576.816s peak_mem=5230.9MB
2026-09-20 05:27:32,664 [INFO] trainer.FlowMatchingAlgorithm: epoch=63 loss=0.106437 time=576.841s peak_mem=4450.9MB
2026-09-20 05:37:09,682 [INFO] trainer.FlowMatchingAlgorithm: epoch=64 loss=0.106907 time=577.018s peak_mem=4450.9MB
2026-09-20 05:46:46,762 [INFO] trainer.FlowMatchingAlgorithm: epoch=65 loss=0.106415 time=577.079s peak_mem=4450.9MB
2026-09-20 05:56:23,618 [INFO] trainer.FlowMatchingAlgorithm: epoch=66 loss=0.106683 time=576.855s peak_mem=4450.9MB
2026-09-20 06:06:00,892 [INFO] trainer.FlowMatchingAlgorithm: epoch=67 loss=0.106326 time=577.274s peak_mem=4450.9MB
2026-09-20 06:15:38,062 [INFO] trainer.FlowMatchingAlgorithm: epoch=68 loss=0.106411 time=577.170s peak_mem=4450.9MB
2026-09-20 06:25:15,199 [INFO] trainer.FlowMatchingAlgorithm: epoch=69 loss=0.106549 time=577.136s peak_mem=4450.9MB
2026-09-20 06:34:52,500 [INFO] trainer.FlowMatchingAlgorithm: epoch=70 loss=0.106524 time=577.301s peak_mem=4450.9MB
2026-09-20 06:34:52,614 [INFO] trainer.FlowMatchingAlgorithm: Checkpoint saved -> results/fm_celeba/checkpoints/run_1/FlowMatchingAlgorithm_epoch70.pt
2026-09-20 06:34:52,792 [INFO] trainer.FlowMatchingAlgorithm: Checkpoint archive -> results/fm_celeba/checkpoints/run_1/archive/FlowMatchingAlgorithm_epoch70.zip
2026-09-20 06:44:28,483 [INFO] trainer.FlowMatchingAlgorithm: epoch=71 loss=0.105929 time=575.690s peak_mem=4450.9MB
2026-09-20 06:54:05,822 [INFO] trainer.FlowMatchingAlgorithm: epoch=72 loss=0.106192 time=577.338s peak_mem=4450.9MB
2026-09-20 07:03:43,156 [INFO] trainer.FlowMatchingAlgorithm: epoch=73 loss=0.106078 time=577.334s peak_mem=4450.9MB
2026-09-20 07:13:20,628 [INFO] trainer.FlowMatchingAlgorithm: epoch=74 loss=0.106551 time=577.472s peak_mem=4450.9MB
2026-09-20 07:22:58,212 [INFO] trainer.FlowMatchingAlgorithm: epoch=75 loss=0.105792 time=577.584s peak_mem=4450.9MB
2026-09-20 07:46:29,487 [INFO] trainer.FlowMatchingAlgorithm: epoch=76 loss=0.106532 time=577.713s peak_mem=5118.9MB
2026-09-20 07:56:07,189 [INFO] trainer.FlowMatchingAlgorithm: epoch=77 loss=0.106596 time=577.702s peak_mem=5118.9MB
2026-09-20 08:05:44,882 [INFO] trainer.FlowMatchingAlgorithm: epoch=78 loss=0.105956 time=577.692s peak_mem=5118.9MB
2026-09-20 08:15:22,998 [INFO] trainer.FlowMatchingAlgorithm: epoch=79 loss=0.106196 time=578.115s peak_mem=5118.9MB
2026-09-20 08:25:01,079 [INFO] trainer.FlowMatchingAlgorithm: epoch=80 loss=0.106339 time=578.081s peak_mem=4450.9MB
2026-09-20 08:25:01,207 [INFO] trainer.FlowMatchingAlgorithm: Checkpoint saved -> results/fm_celeba/checkpoints/run_1/FlowMatchingAlgorithm_epoch80.pt
2026-09-20 08:25:01,380 [INFO] trainer.FlowMatchingAlgorithm: Checkpoint archive -> results/fm_celeba/checkpoints/run_1/archive/FlowMatchingAlgorithm_epoch80.zip
2026-09-20 08:34:39,392 [INFO] trainer.FlowMatchingAlgorithm: epoch=81 loss=0.105993 time=578.011s peak_mem=4450.9MB
2026-09-20 08:44:17,145 [INFO] trainer.FlowMatchingAlgorithm: epoch=82 loss=0.105855 time=577.753s peak_mem=4450.9MB
2026-09-20 08:53:55,020 [INFO] trainer.FlowMatchingAlgorithm: epoch=83 loss=0.105680 time=577.874s peak_mem=4450.9MB
2026-09-20 09:03:31,981 [INFO] trainer.FlowMatchingAlgorithm: epoch=84 loss=0.106309 time=576.960s peak_mem=4450.9MB
2026-09-20 09:13:07,566 [INFO] trainer.FlowMatchingAlgorithm: epoch=85 loss=0.106008 time=575.585s peak_mem=4450.9MB
2026-09-20 09:22:42,614 [INFO] trainer.FlowMatchingAlgorithm: epoch=86 loss=0.106258 time=575.048s peak_mem=4450.9MB
2026-09-20 09:32:17,954 [INFO] trainer.FlowMatchingAlgorithm: epoch=87 loss=0.105707 time=575.339s peak_mem=4450.9MB
2026-09-20 09:41:53,028 [INFO] trainer.FlowMatchingAlgorithm: epoch=88 loss=0.105839 time=575.074s peak_mem=4450.9MB
2026-09-20 09:51:28,239 [INFO] trainer.FlowMatchingAlgorithm: epoch=89 loss=0.105896 time=575.210s peak_mem=4450.9MB
2026-09-20 10:01:03,238 [INFO] trainer.FlowMatchingAlgorithm: epoch=90 loss=0.105653 time=574.999s peak_mem=4450.9MB
2026-09-20 10:01:03,360 [INFO] trainer.FlowMatchingAlgorithm: Checkpoint saved -> results/fm_celeba/checkpoints/run_1/FlowMatchingAlgorithm_epoch90.pt
2026-09-20 10:01:03,533 [INFO] trainer.FlowMatchingAlgorithm: Checkpoint archive -> results/fm_celeba/checkpoints/run_1/archive/FlowMatchingAlgorithm_epoch90.zip
2026-09-20 10:10:39,065 [INFO] trainer.FlowMatchingAlgorithm: epoch=91 loss=0.105377 time=575.532s peak_mem=4450.9MB
2026-09-20 10:20:14,619 [INFO] trainer.FlowMatchingAlgorithm: epoch=92 loss=0.105746 time=575.553s peak_mem=4450.9MB
2026-09-20 10:29:44,334 [INFO] trainer.FlowMatchingAlgorithm: epoch=93 loss=0.106105 time=569.714s peak_mem=4450.9MB
2026-09-20 10:39:13,331 [INFO] trainer.FlowMatchingAlgorithm: epoch=94 loss=0.106104 time=568.996s peak_mem=4450.9MB
2026-09-20 10:48:41,626 [INFO] trainer.FlowMatchingAlgorithm: epoch=95 loss=0.105738 time=568.295s peak_mem=4450.9MB
2026-09-20 10:58:12,008 [INFO] trainer.FlowMatchingAlgorithm: epoch=96 loss=0.105856 time=570.382s peak_mem=4450.9MB
2026-09-20 11:07:41,533 [INFO] trainer.FlowMatchingAlgorithm: epoch=97 loss=0.105583 time=569.524s peak_mem=4450.9MB
2026-09-20 11:17:11,777 [INFO] trainer.FlowMatchingAlgorithm: epoch=98 loss=0.106067 time=570.243s peak_mem=4450.9MB
2026-09-20 11:26:40,931 [INFO] trainer.FlowMatchingAlgorithm: epoch=99 loss=0.105449 time=569.153s peak_mem=4450.9MB
2026-09-20 11:36:11,038 [INFO] trainer.FlowMatchingAlgorithm: epoch=100 loss=0.106079 time=570.107s peak_mem=4450.9MB
2026-09-20 11:36:11,160 [INFO] trainer.FlowMatchingAlgorithm: Checkpoint saved -> results/fm_celeba/checkpoints/run_1/FlowMatchingAlgorithm_epoch100.pt
2026-09-20 11:36:11,335 [INFO] trainer.FlowMatchingAlgorithm: Checkpoint archive -> results/fm_celeba/checkpoints/run_1/archive/FlowMatchingAlgorithm_epoch100.zip
[run] finished_utc=2026-09-20T05:49:52Z
[run] exit_status=1
