[run] dataset=cifar10 algorithm=mf
[run] started_utc=2026-09-18T19:58:08Z
[run] command=/home/ndag/Desktop/SSD_137_207_209 Thesis/Difussion-Model/scripts/train_all.sh --dataset cifar10 --only mf --mode continue --checkpoint-every 10 --mf-config config/mf_v3_exact_jvp_b128.json
[PLAN] /home/ndag/Desktop/SSD_137_207_209 Thesis/Difussion-Model/venv/bin/python train.py --algorithm mf --config config/mf_v3_exact_jvp_b128.json --mode continue --checkpoint-every 10
[continue] Resuming the latest checkpoint in: /home/ndag/Desktop/SSD_137_207_209 Thesis/Difussion-Model/results/mf_v3_exact_jvp_b128_cifar10
[checkpoints] Active checkpoint series: run_1
[startup] Resolved experiment configuration (before dataset loading):
[startup] config: /home/ndag/Desktop/SSD_137_207_209 Thesis/Difussion-Model/config/mf_v3_exact_jvp_b128.json
[startup] algorithm: mf
[startup] experiment: mf_v3_exact_jvp_b128
[startup] result_dir: /home/ndag/Desktop/SSD_137_207_209 Thesis/Difussion-Model/results/mf_v3_exact_jvp_b128_cifar10
[startup] batch_size: 128
[startup] epochs: 100
[startup] seed: 0
[startup] learning_rate: 0.0001
[startup] scheduler: cosine
[startup] gradient_clip_norm: 1.0
[startup] use_exact_jvp: True
[startup] fd_force_fp32: False
[startup] p_same: 0.25
[startup] p_fd_step: 0.5
[startup] jvp_delta_range: 0.001 -> 0.0001
[startup] machine_label: linux-ndag-m-lab-nvidia-geforce-rtx-3090-24gb
[startup] code_identity: 7fda0ff6f7ec6ea0d011906284706d9d9533befd
Files already downloaded and verified
Files already downloaded and verified
2026-09-19 01:58:11,746 [INFO] trainer.MeanFlowAlgorithm: Resumed from results/mf_v3_exact_jvp_b128_cifar10/checkpoints/run_1/MeanFlowAlgorithm_epoch100.pt at epoch 100
[continue] Run is already complete at epoch 100; target is 100. Increase --epochs to extend it.
Training workflow complete.
[run] finished_utc=2026-09-18T19:58:12Z
[run] exit_status=0
