[run] dataset=cifar10 algorithm=consistency
[run] started_utc=2026-09-19T10:21:19Z
[run] command=/home/ndag/Desktop/SSD_137_207_209 Thesis/Difussion-Model/scripts/train_all.sh --dataset cifar10 --only consistency --mode continue --checkpoint-every 10
[OK] FM teacher checkpoint: results/fm_cifar10/checkpoints/run_1/FlowMatchingAlgorithm_epoch100.pt
[PLAN] /home/ndag/Desktop/SSD_137_207_209 Thesis/Difussion-Model/venv/bin/python train.py --algorithm consistency --config config/consistency_full.json --mode continue --checkpoint-every 10
[continue] No previous run found; starting the first run at epoch 1.
[checkpoints] Active checkpoint series: run_1
[startup] Resolved experiment configuration (before dataset loading):
[startup] config: /home/ndag/Desktop/SSD_137_207_209 Thesis/Difussion-Model/config/consistency_full.json
[startup] algorithm: consistency
[startup] experiment: consistency
[startup] result_dir: /home/ndag/Desktop/SSD_137_207_209 Thesis/Difussion-Model/results/consistency_cifar10
[startup] batch_size: 128
[startup] epochs: 100
[startup] seed: 0
[startup] learning_rate: 0.0001
[startup] scheduler: none
[startup] gradient_clip_norm: None
[startup] use_exact_jvp: False
[startup] fd_force_fp32: False
[startup] p_same: 0.25
[startup] p_fd_step: 0.5
[startup] jvp_delta_range: 0.01 -> 0.0001
[startup] machine_label: linux-ndag-m-lab-nvidia-geforce-rtx-3090-24gb
[startup] code_identity: 2ea2a5e2039b73b79ac8ad0d4f51572296a255fb
Files already downloaded and verified
Files already downloaded and verified
2026-09-19 16:22:39,771 [INFO] trainer.ConsistencyAlgorithm: epoch=1 loss=0.000924 time=77.012s peak_mem=2572.4MB
2026-09-19 16:23:55,905 [INFO] trainer.ConsistencyAlgorithm: epoch=2 loss=0.000626 time=76.133s peak_mem=2572.4MB
2026-09-19 16:25:12,040 [INFO] trainer.ConsistencyAlgorithm: epoch=3 loss=0.000520 time=76.135s peak_mem=2572.4MB
2026-09-19 16:26:28,306 [INFO] trainer.ConsistencyAlgorithm: epoch=4 loss=0.000451 time=76.265s peak_mem=2572.4MB
2026-09-19 16:27:44,475 [INFO] trainer.ConsistencyAlgorithm: epoch=5 loss=0.000389 time=76.168s peak_mem=2572.4MB
2026-09-19 16:29:00,752 [INFO] trainer.ConsistencyAlgorithm: epoch=6 loss=0.000352 time=76.276s peak_mem=2572.4MB
2026-09-19 16:30:16,920 [INFO] trainer.ConsistencyAlgorithm: epoch=7 loss=0.000318 time=76.168s peak_mem=2572.4MB
2026-09-19 16:31:33,093 [INFO] trainer.ConsistencyAlgorithm: epoch=8 loss=0.000299 time=76.173s peak_mem=2572.4MB
2026-09-19 16:32:49,332 [INFO] trainer.ConsistencyAlgorithm: epoch=9 loss=0.000280 time=76.238s peak_mem=2572.4MB
2026-09-19 16:34:05,463 [INFO] trainer.ConsistencyAlgorithm: epoch=10 loss=0.000270 time=76.131s peak_mem=2572.4MB
2026-09-19 16:34:05,584 [INFO] trainer.ConsistencyAlgorithm: Checkpoint saved -> results/consistency_cifar10/checkpoints/run_1/ConsistencyAlgorithm_epoch10.pt
2026-09-19 16:34:05,737 [INFO] trainer.ConsistencyAlgorithm: Checkpoint archive -> results/consistency_cifar10/checkpoints/run_1/archive/ConsistencyAlgorithm_epoch10.zip
2026-09-19 16:35:22,028 [INFO] trainer.ConsistencyAlgorithm: epoch=11 loss=0.000249 time=76.290s peak_mem=2572.4MB
2026-09-19 16:36:38,177 [INFO] trainer.ConsistencyAlgorithm: epoch=12 loss=0.000243 time=76.149s peak_mem=2572.4MB
2026-09-19 16:37:54,316 [INFO] trainer.ConsistencyAlgorithm: epoch=13 loss=0.000233 time=76.138s peak_mem=2572.4MB
2026-09-19 16:39:10,589 [INFO] trainer.ConsistencyAlgorithm: epoch=14 loss=0.000222 time=76.273s peak_mem=2572.4MB
2026-09-19 16:40:26,724 [INFO] trainer.ConsistencyAlgorithm: epoch=15 loss=0.000233 time=76.134s peak_mem=2572.4MB
2026-09-19 16:41:42,952 [INFO] trainer.ConsistencyAlgorithm: epoch=16 loss=0.000224 time=76.227s peak_mem=2572.4MB
2026-09-19 16:42:58,846 [INFO] trainer.ConsistencyAlgorithm: epoch=17 loss=0.000206 time=75.893s peak_mem=2572.4MB
2026-09-19 16:44:14,949 [INFO] trainer.ConsistencyAlgorithm: epoch=18 loss=0.000223 time=76.103s peak_mem=2572.4MB
2026-09-19 16:45:31,238 [INFO] trainer.ConsistencyAlgorithm: epoch=19 loss=0.000223 time=76.289s peak_mem=2572.4MB
2026-09-19 16:46:47,340 [INFO] trainer.ConsistencyAlgorithm: epoch=20 loss=0.000211 time=76.101s peak_mem=2572.4MB
2026-09-19 16:46:47,460 [INFO] trainer.ConsistencyAlgorithm: Checkpoint saved -> results/consistency_cifar10/checkpoints/run_1/ConsistencyAlgorithm_epoch20.pt
2026-09-19 16:46:47,619 [INFO] trainer.ConsistencyAlgorithm: Checkpoint archive -> results/consistency_cifar10/checkpoints/run_1/archive/ConsistencyAlgorithm_epoch20.zip
2026-09-19 16:48:03,874 [INFO] trainer.ConsistencyAlgorithm: epoch=21 loss=0.000212 time=76.255s peak_mem=2572.4MB
2026-09-19 16:49:19,967 [INFO] trainer.ConsistencyAlgorithm: epoch=22 loss=0.000212 time=76.092s peak_mem=2572.4MB
2026-09-19 16:50:36,115 [INFO] trainer.ConsistencyAlgorithm: epoch=23 loss=0.000216 time=76.148s peak_mem=2572.4MB
2026-09-19 16:51:52,385 [INFO] trainer.ConsistencyAlgorithm: epoch=24 loss=0.000202 time=76.270s peak_mem=2572.4MB
2026-09-19 16:53:08,506 [INFO] trainer.ConsistencyAlgorithm: epoch=25 loss=0.000208 time=76.121s peak_mem=2572.4MB
/home/ndag/Desktop/SSD_137_207_209 Thesis/Difussion-Model/venv/lib/python3.12/site-packages/torchmetrics/utilities/prints.py:43: UserWarning: Metric `InceptionScore` will save all extracted features in buffer. For large datasets this may lead to large memory footprint.
  warnings.warn(*args, **kwargs)
2026-09-19 16:57:33,213 [INFO] trainer.ConsistencyAlgorithm: epoch=26 loss=0.000207 time=76.042s peak_mem=3125.0MB
2026-09-19 16:58:49,259 [INFO] trainer.ConsistencyAlgorithm: epoch=27 loss=0.000226 time=76.045s peak_mem=3125.0MB
2026-09-19 17:00:05,402 [INFO] trainer.ConsistencyAlgorithm: epoch=28 loss=0.000213 time=76.143s peak_mem=3125.0MB
2026-09-19 17:01:21,424 [INFO] trainer.ConsistencyAlgorithm: epoch=29 loss=0.000244 time=76.021s peak_mem=3125.0MB
2026-09-19 17:02:37,543 [INFO] trainer.ConsistencyAlgorithm: epoch=30 loss=0.000209 time=76.119s peak_mem=3125.0MB
2026-09-19 17:02:37,662 [INFO] trainer.ConsistencyAlgorithm: Checkpoint saved -> results/consistency_cifar10/checkpoints/run_1/ConsistencyAlgorithm_epoch30.pt
2026-09-19 17:02:37,821 [INFO] trainer.ConsistencyAlgorithm: Checkpoint archive -> results/consistency_cifar10/checkpoints/run_1/archive/ConsistencyAlgorithm_epoch30.zip
2026-09-19 17:03:53,648 [INFO] trainer.ConsistencyAlgorithm: epoch=31 loss=0.000237 time=75.827s peak_mem=3125.0MB
2026-09-19 17:05:09,680 [INFO] trainer.ConsistencyAlgorithm: epoch=32 loss=0.000248 time=76.031s peak_mem=3125.0MB
2026-09-19 17:06:25,800 [INFO] trainer.ConsistencyAlgorithm: epoch=33 loss=0.000251 time=76.119s peak_mem=3125.0MB
2026-09-19 17:07:41,809 [INFO] trainer.ConsistencyAlgorithm: epoch=34 loss=0.000258 time=76.009s peak_mem=3125.0MB
2026-09-19 17:08:57,820 [INFO] trainer.ConsistencyAlgorithm: epoch=35 loss=0.000249 time=76.010s peak_mem=3125.0MB
2026-09-19 17:10:13,989 [INFO] trainer.ConsistencyAlgorithm: epoch=36 loss=0.000231 time=76.168s peak_mem=3125.0MB
2026-09-19 17:11:30,004 [INFO] trainer.ConsistencyAlgorithm: epoch=37 loss=0.000252 time=76.015s peak_mem=3125.0MB
2026-09-19 17:12:46,161 [INFO] trainer.ConsistencyAlgorithm: epoch=38 loss=0.000277 time=76.157s peak_mem=3125.0MB
2026-09-19 17:14:00,255 [INFO] trainer.ConsistencyAlgorithm: epoch=39 loss=0.000251 time=74.093s peak_mem=3125.0MB
2026-09-19 17:15:16,183 [INFO] trainer.ConsistencyAlgorithm: epoch=40 loss=0.000279 time=75.927s peak_mem=3125.0MB
2026-09-19 17:15:16,299 [INFO] trainer.ConsistencyAlgorithm: Checkpoint saved -> results/consistency_cifar10/checkpoints/run_1/ConsistencyAlgorithm_epoch40.pt
2026-09-19 17:15:16,457 [INFO] trainer.ConsistencyAlgorithm: Checkpoint archive -> results/consistency_cifar10/checkpoints/run_1/archive/ConsistencyAlgorithm_epoch40.zip
2026-09-19 17:16:32,399 [INFO] trainer.ConsistencyAlgorithm: epoch=41 loss=0.000229 time=75.942s peak_mem=3125.0MB
2026-09-19 17:17:48,772 [INFO] trainer.ConsistencyAlgorithm: epoch=42 loss=0.000279 time=76.373s peak_mem=3125.0MB
2026-09-19 17:19:04,791 [INFO] trainer.ConsistencyAlgorithm: epoch=43 loss=0.000298 time=76.018s peak_mem=3125.0MB
2026-09-19 17:20:20,951 [INFO] trainer.ConsistencyAlgorithm: epoch=44 loss=0.000275 time=76.159s peak_mem=3125.0MB
2026-09-19 17:21:36,949 [INFO] trainer.ConsistencyAlgorithm: epoch=45 loss=0.000251 time=75.998s peak_mem=3125.0MB
2026-09-19 17:22:52,547 [INFO] trainer.ConsistencyAlgorithm: epoch=46 loss=0.000236 time=75.597s peak_mem=3125.0MB
2026-09-19 17:24:07,066 [INFO] trainer.ConsistencyAlgorithm: epoch=47 loss=0.000259 time=74.518s peak_mem=3125.0MB
2026-09-19 17:25:21,544 [INFO] trainer.ConsistencyAlgorithm: epoch=48 loss=0.000314 time=74.478s peak_mem=3125.0MB
2026-09-19 17:26:36,083 [INFO] trainer.ConsistencyAlgorithm: epoch=49 loss=0.000263 time=74.539s peak_mem=3125.0MB
2026-09-19 17:27:50,355 [INFO] trainer.ConsistencyAlgorithm: epoch=50 loss=0.000271 time=74.271s peak_mem=3125.0MB
2026-09-19 17:27:50,472 [INFO] trainer.ConsistencyAlgorithm: Checkpoint saved -> results/consistency_cifar10/checkpoints/run_1/ConsistencyAlgorithm_epoch50.pt
2026-09-19 17:27:50,632 [INFO] trainer.ConsistencyAlgorithm: Checkpoint archive -> results/consistency_cifar10/checkpoints/run_1/archive/ConsistencyAlgorithm_epoch50.zip
2026-09-19 17:32:08,644 [INFO] trainer.ConsistencyAlgorithm: epoch=51 loss=0.000256 time=74.481s peak_mem=3792.3MB
2026-09-19 17:33:23,034 [INFO] trainer.ConsistencyAlgorithm: epoch=52 loss=0.000232 time=74.390s peak_mem=3792.3MB
2026-09-19 17:34:37,578 [INFO] trainer.ConsistencyAlgorithm: epoch=53 loss=0.000287 time=74.543s peak_mem=3792.3MB
2026-09-19 17:35:52,029 [INFO] trainer.ConsistencyAlgorithm: epoch=54 loss=0.000322 time=74.451s peak_mem=3792.3MB
2026-09-19 17:37:06,555 [INFO] trainer.ConsistencyAlgorithm: epoch=55 loss=0.000213 time=74.525s peak_mem=3792.3MB
2026-09-19 17:38:20,942 [INFO] trainer.ConsistencyAlgorithm: epoch=56 loss=0.000257 time=74.386s peak_mem=3792.3MB
2026-09-19 17:39:35,365 [INFO] trainer.ConsistencyAlgorithm: epoch=57 loss=0.000228 time=74.423s peak_mem=3792.3MB
2026-09-19 17:40:49,939 [INFO] trainer.ConsistencyAlgorithm: epoch=58 loss=0.000257 time=74.574s peak_mem=3792.3MB
2026-09-19 17:42:04,353 [INFO] trainer.ConsistencyAlgorithm: epoch=59 loss=0.000253 time=74.414s peak_mem=3792.3MB
2026-09-19 17:43:18,756 [INFO] trainer.ConsistencyAlgorithm: epoch=60 loss=0.000221 time=74.402s peak_mem=3792.3MB
2026-09-19 17:43:18,873 [INFO] trainer.ConsistencyAlgorithm: Checkpoint saved -> results/consistency_cifar10/checkpoints/run_1/ConsistencyAlgorithm_epoch60.pt
2026-09-19 17:43:19,029 [INFO] trainer.ConsistencyAlgorithm: Checkpoint archive -> results/consistency_cifar10/checkpoints/run_1/archive/ConsistencyAlgorithm_epoch60.zip
2026-09-19 17:44:33,630 [INFO] trainer.ConsistencyAlgorithm: epoch=61 loss=0.000283 time=74.600s peak_mem=3792.3MB
2026-09-19 17:45:48,081 [INFO] trainer.ConsistencyAlgorithm: epoch=62 loss=0.000243 time=74.451s peak_mem=3792.3MB
2026-09-19 17:47:02,634 [INFO] trainer.ConsistencyAlgorithm: epoch=63 loss=0.000228 time=74.552s peak_mem=3792.3MB
2026-09-19 17:48:16,817 [INFO] trainer.ConsistencyAlgorithm: epoch=64 loss=0.000235 time=74.183s peak_mem=3792.3MB
2026-09-19 17:49:31,201 [INFO] trainer.ConsistencyAlgorithm: epoch=65 loss=0.000271 time=74.383s peak_mem=3792.3MB
2026-09-19 17:50:45,777 [INFO] trainer.ConsistencyAlgorithm: epoch=66 loss=0.000214 time=74.575s peak_mem=3792.3MB
2026-09-19 17:52:00,182 [INFO] trainer.ConsistencyAlgorithm: epoch=67 loss=0.000230 time=74.405s peak_mem=3792.3MB
2026-09-19 17:53:14,751 [INFO] trainer.ConsistencyAlgorithm: epoch=68 loss=0.000224 time=74.568s peak_mem=3792.3MB
2026-09-19 17:54:29,168 [INFO] trainer.ConsistencyAlgorithm: epoch=69 loss=0.000255 time=74.417s peak_mem=3792.3MB
2026-09-19 17:55:43,484 [INFO] trainer.ConsistencyAlgorithm: epoch=70 loss=0.000228 time=74.315s peak_mem=3792.3MB
2026-09-19 17:55:43,601 [INFO] trainer.ConsistencyAlgorithm: Checkpoint saved -> results/consistency_cifar10/checkpoints/run_1/ConsistencyAlgorithm_epoch70.pt
2026-09-19 17:55:43,757 [INFO] trainer.ConsistencyAlgorithm: Checkpoint archive -> results/consistency_cifar10/checkpoints/run_1/archive/ConsistencyAlgorithm_epoch70.zip
2026-09-19 17:56:58,300 [INFO] trainer.ConsistencyAlgorithm: epoch=71 loss=0.000253 time=74.543s peak_mem=3792.3MB
2026-09-19 17:58:12,711 [INFO] trainer.ConsistencyAlgorithm: epoch=72 loss=0.000202 time=74.411s peak_mem=3792.3MB
2026-09-19 17:59:27,266 [INFO] trainer.ConsistencyAlgorithm: epoch=73 loss=0.000225 time=74.555s peak_mem=3792.3MB
2026-09-19 18:00:41,684 [INFO] trainer.ConsistencyAlgorithm: epoch=74 loss=0.000227 time=74.417s peak_mem=3792.3MB
2026-09-19 18:01:56,083 [INFO] trainer.ConsistencyAlgorithm: epoch=75 loss=0.000215 time=74.398s peak_mem=3792.3MB
2026-09-19 18:06:13,498 [INFO] trainer.ConsistencyAlgorithm: epoch=76 loss=0.000217 time=74.412s peak_mem=4569.8MB
2026-09-19 18:07:28,031 [INFO] trainer.ConsistencyAlgorithm: epoch=77 loss=0.000238 time=74.532s peak_mem=4569.7MB
2026-09-19 18:08:40,685 [INFO] trainer.ConsistencyAlgorithm: epoch=78 loss=0.000211 time=72.654s peak_mem=4569.7MB
2026-09-19 18:09:54,017 [INFO] trainer.ConsistencyAlgorithm: epoch=79 loss=0.000215 time=73.332s peak_mem=4569.7MB
2026-09-19 18:11:08,617 [INFO] trainer.ConsistencyAlgorithm: epoch=80 loss=0.000217 time=74.599s peak_mem=4569.7MB
2026-09-19 18:11:08,734 [INFO] trainer.ConsistencyAlgorithm: Checkpoint saved -> results/consistency_cifar10/checkpoints/run_1/ConsistencyAlgorithm_epoch80.pt
2026-09-19 18:11:08,892 [INFO] trainer.ConsistencyAlgorithm: Checkpoint archive -> results/consistency_cifar10/checkpoints/run_1/archive/ConsistencyAlgorithm_epoch80.zip
2026-09-19 18:11:46,426 [INFO] trainer.ConsistencyAlgorithm: epoch=81 loss=0.000236 time=37.533s peak_mem=4569.7MB
2026-09-19 18:12:24,119 [INFO] trainer.ConsistencyAlgorithm: epoch=82 loss=0.000206 time=37.692s peak_mem=4569.7MB
2026-09-19 18:13:01,771 [INFO] trainer.ConsistencyAlgorithm: epoch=83 loss=0.000204 time=37.652s peak_mem=4569.7MB
2026-09-19 18:13:39,218 [INFO] trainer.ConsistencyAlgorithm: epoch=84 loss=0.000191 time=37.447s peak_mem=4569.7MB
2026-09-19 18:14:16,673 [INFO] trainer.ConsistencyAlgorithm: epoch=85 loss=0.000214 time=37.454s peak_mem=4569.7MB
2026-09-19 18:14:54,108 [INFO] trainer.ConsistencyAlgorithm: epoch=86 loss=0.000218 time=37.434s peak_mem=4569.7MB
2026-09-19 18:15:31,543 [INFO] trainer.ConsistencyAlgorithm: epoch=87 loss=0.000195 time=37.434s peak_mem=4569.7MB
2026-09-19 18:16:09,002 [INFO] trainer.ConsistencyAlgorithm: epoch=88 loss=0.000231 time=37.458s peak_mem=4569.7MB
2026-09-19 18:16:46,478 [INFO] trainer.ConsistencyAlgorithm: epoch=89 loss=0.000191 time=37.476s peak_mem=4569.7MB
2026-09-19 18:17:24,274 [INFO] trainer.ConsistencyAlgorithm: epoch=90 loss=0.000218 time=37.796s peak_mem=4569.7MB
2026-09-19 18:17:24,394 [INFO] trainer.ConsistencyAlgorithm: Checkpoint saved -> results/consistency_cifar10/checkpoints/run_1/ConsistencyAlgorithm_epoch90.pt
2026-09-19 18:17:24,546 [INFO] trainer.ConsistencyAlgorithm: Checkpoint archive -> results/consistency_cifar10/checkpoints/run_1/archive/ConsistencyAlgorithm_epoch90.zip
2026-09-19 18:18:02,121 [INFO] trainer.ConsistencyAlgorithm: epoch=91 loss=0.000194 time=37.575s peak_mem=4569.7MB
2026-09-19 18:18:39,569 [INFO] trainer.ConsistencyAlgorithm: epoch=92 loss=0.000202 time=37.447s peak_mem=4569.7MB
2026-09-19 18:19:17,024 [INFO] trainer.ConsistencyAlgorithm: epoch=93 loss=0.000214 time=37.455s peak_mem=4569.7MB
2026-09-19 18:19:54,471 [INFO] trainer.ConsistencyAlgorithm: epoch=94 loss=0.000204 time=37.447s peak_mem=4569.7MB
2026-09-19 18:20:31,945 [INFO] trainer.ConsistencyAlgorithm: epoch=95 loss=0.000197 time=37.473s peak_mem=4569.7MB
2026-09-19 18:21:09,402 [INFO] trainer.ConsistencyAlgorithm: epoch=96 loss=0.000197 time=37.457s peak_mem=4569.7MB
2026-09-19 18:21:46,867 [INFO] trainer.ConsistencyAlgorithm: epoch=97 loss=0.000207 time=37.464s peak_mem=4569.7MB
2026-09-19 18:22:24,339 [INFO] trainer.ConsistencyAlgorithm: epoch=98 loss=0.000200 time=37.471s peak_mem=4569.7MB
2026-09-19 18:23:01,796 [INFO] trainer.ConsistencyAlgorithm: epoch=99 loss=0.000196 time=37.457s peak_mem=4569.7MB
2026-09-19 18:23:39,264 [INFO] trainer.ConsistencyAlgorithm: epoch=100 loss=0.000192 time=37.468s peak_mem=4569.7MB
2026-09-19 18:23:39,466 [INFO] trainer.ConsistencyAlgorithm: Checkpoint saved -> results/consistency_cifar10/checkpoints/run_1/ConsistencyAlgorithm_epoch100.pt
2026-09-19 18:23:39,622 [INFO] trainer.ConsistencyAlgorithm: Checkpoint archive -> results/consistency_cifar10/checkpoints/run_1/archive/ConsistencyAlgorithm_epoch100.zip
Training workflow complete.
[run] finished_utc=2026-09-19T12:25:12Z
[run] exit_status=0
